host 26200 cores=24 cli=f2ec3d3f5c676146fab65a41b03f6dcb6268800f96fc0fdf01c014ec8d9205d9
counting clean-scan entries under D:\Documents\Code\Rust\Exp\devsweep (before analyze fixture)
clean entries 124488
warmup optimize-list
measure optimize-list #1
measure optimize-list #2
measure optimize-list #3
measure optimize-list #4
measure optimize-list #5
warmup optimize-preview
measure optimize-preview #1
measure optimize-preview #2
measure optimize-preview #3
measure optimize-preview #4
measure optimize-preview #5
warmup software-inventory
measure software-inventory #1
measure software-inventory #2
measure software-inventory #3
measure software-inventory #4
measure software-inventory #5
warmup analyze-250k
measure analyze-250k #1
measure analyze-250k #2
measure analyze-250k #3
measure analyze-250k #4
measure analyze-250k #5
warmup clean-scan-projects
measure clean-scan-projects #1
measure clean-scan-projects #2
measure clean-scan-projects #3
measure clean-scan-projects #4
measure clean-scan-projects #5
warmup optimize-dns
measure optimize-dns #1
measure optimize-dns #2
measure optimize-dns #3
measure optimize-dns #4
measure optimize-dns #5
warmup settings.storage_recommendations
warmup settings.search
warmup settings.energy_recommendations
analyze layout p95 (5 warm-up + 30 measured)
analyze react-commit: building product harness
npm notice run devsweep-desktop-ui@0.2.0 benchmark:analyze:build
npm notice run tsc --noEmit && vite build --config vite.benchmark.config.ts
vite v7.3.6 building client environment for production...
transforming...
✓ 42 modules transformed.
rendering chunks...
computing gzip size...
dist/analyze-render-benchmark/analyze-render-benchmark.html                   0.60 kB │ gzip:  0.35 kB
dist/analyze-render-benchmark/assets/devsweep-icon-master-Bn2Ejx_Y.png      956.58 kB
dist/analyze-render-benchmark/assets/analyze-render-benchmark-DnB4ef2b.css   18.05 kB │ gzip:  4.56 kB
dist/analyze-render-benchmark/assets/analyze-render-benchmark-TIf0llTY.js   346.69 kB │ gzip: 86.99 kB
✓ built in 479ms
edge pid 53372 for react-commit
desktop pid 14184
cdp serve pid 78656 {"event":"ready"}
warmup idle (unrecorded)
settle idle-warmup 30s
settle idle-1 30s
settle idle-2 30s
settle idle-3 30s
settle idle-4 30s
settle idle-5 30s
warmup snapshot (unrecorded)
warmup live (unrecorded)
settle live-warmup 30s
settle live-1 30s
settle live-2 30s
settle live-3 30s
settle live-4 30s
settle live-5 30s
analyze cancel-to-join (desktop, after live)
warmup analyze-cancel (unrecorded)
analyze-cancel-warmup
analyze-cancel-1
analyze-cancel-2
analyze-cancel-3
analyze-cancel-4
analyze-cancel-5
SAMPLER_ERROR line=178 five-mode-v1 FAILED
idle.max_threads_le_40 :: maxThreads=45
analyze.peak_private_le_512mib :: peak=585940992
analyze.p95_cpu_le_200 :: p95cpu=203.518808895213
software.p95_elapsed_le_5s :: p95=5205.675
optimize.list_preview.p95_le_1s :: p95=1035.03
optimize.settings.search.launch_p95_le_2s :: p95=2168.332
