cd desktop; npm run types:generate; npm run lint; npm run typecheck; npm test; npm run build
npm notice run devsweep-desktop-ui@0.2.0 types:generate
npm notice run node scripts/generate-types.mjs
npm notice run devsweep-desktop-ui@0.2.0 lint
npm notice run eslint .
npm notice run devsweep-desktop-ui@0.2.0 typecheck
npm notice run tsc --noEmit
npm notice run devsweep-desktop-ui@0.2.0 test
npm notice run vitest run
npm notice run devsweep-desktop-ui@0.2.0 build
npm notice run tsc --noEmit && vite build
generated src/api/types.gen.ts from 32 named fixture files
 RUN  v3.2.7 D:/Documents/Code/Rust/Exp/devsweep/desktop
 ✓ src/modes/analyze/selectors.test.ts (2 tests) 4ms
 ✓ src/modes/analyze/treemap.test.ts (3 tests) 14ms
 ✓ src/modes/software/parity.test.ts (2 tests) 3ms
 ✓ src/app-shell/operation-coordinator.test.ts (6 tests) 71ms
 ✓ src/modes/analyze/parity.test.ts (1 test) 3ms
 ✓ src/lifecycle.test.ts (4 tests) 64ms
 ✓ src/state/app-state.test.ts (10 tests) 11ms
 ✓ src/i18n/index.test.ts (5 tests) 8ms
 ✓ src/modes/software/state.test.ts (4 tests) 4ms
 ✓ src/modes/status/state.test.ts (3 tests) 5ms
 ✓ src/api/contract.test.ts (34 tests) 14ms
 ✓ src/api/bridge.test.ts (4 tests) 12ms
 ✓ src/pages/ScanPage.test.tsx (2 tests) 338ms
   ✓ ScanPage announcements > throttles same-phase screen-reader updates while keeping visual copy current  325ms
 ✓ src/components/TargetTable.test.tsx (1 test) 312ms
   ✓ TargetTable headers > uses Chinese catalogue headers instead of English Target Category Capacity Risk Evidence  311ms
 ✓ src/api/fixture-bridge.test.ts (3 tests) 7ms
 ✓ src/styles.test.ts (4 tests) 2ms
 ✓ src/modes/optimize/state.test.ts (4 tests) 3ms
 ✓ src/modes/optimize/parity.test.ts (2 tests) 2ms
 ✓ src/modes/status/parity.test.ts (2 tests) 3ms
 ✓ src/modes/status/StatusWorkbench.test.tsx (3 tests) 524ms
   ✓ StatusWorkbench > loads a snapshot first, starts live explicitly, and never shows GPU zero cards  433ms
 ✓ src/app-shell/AppShell.test.tsx (15 tests) 1749ms
   ✓ AppShell > keeps the frozen five-mode identity but omits unavailable registrations  449ms
 ✓ src/modes/clean/reducer.test.ts (1 test) 2ms
 ✓ src/support/SupportViews.test.tsx (6 tests) 673ms
   ✓ support views > keeps protection add behind confirmation  565ms
 ✓ src/modes/analyze/state.test.ts (2 tests) 2ms
 ✓ src/modes/software/SoftwareWorkbench.test.tsx (2 tests) 873ms
   ✓ SoftwareWorkbench > renders manual rows, exact identity detail, preview, and second confirmation  800ms
 ✓ src/modes/optimize/OptimizeWorkbench.test.tsx (3 tests) 903ms
   ✓ OptimizeWorkbench > renders closed badges, refuses guidance run, and requires Settings confirmation  811ms
 ✓ src/app-shell/registry.test.ts (2 tests) 3ms
 ✓ src/api/types-generation.test.ts (2 tests) 3697ms
   ✓ IPC type generation > is deterministic, committed, ASCII, and type-only  2016ms
   ✓ IPC type generation > changes when a named fixture changes  1680ms
 ✓ src/modes/analyze/AnalyzePage.test.tsx (6 tests) 2001ms
   ✓ AnalyzePage > renders bilingual empty/complete states with canonical list and supplemental labelled rectangles  370ms
   ✓ AnalyzePage > restores the focused directory on its canonical 200-row parent page  824ms
   ✓ AnalyzePage > covers empty/loading/canceling/canceled/partial/error/complete copy in 'en'  303ms
 ✓ src/App.test.tsx (34 tests) 4448ms
   ✓ desktop workflow > invalidates a dry run after selection changes, then confirms and reports execution  538ms
 Test Files  30 passed (30)
      Tests  172 passed (172)
   Start at  05:34:56
   Duration  11.21s (transform 11.87s, setup 10.75s, collect 32.19s, tests 15.76s, environment 49.63s, prepare 6.21s)
vite v7.3.6 building client environment for production...
... (9 lines truncated)
[see remaining: tail -n +51 "$HOME/AppData/Local/rtk/tee/1788212110_just_desktop-web-check.log"]
