cargo fmt --all -- --check
cargo update --offline --package devsweep-core --package devsweep-cli
     Locking 0 packages to latest Rust 1.88.0 compatible versions
note: pass `--verbose` to see 62 unchanged dependencies behind latest
cargo check --workspace --locked --all-targets
    Checking devsweep-cli v0.2.0 (D:\Documents\Code\Rust\Exp\devsweep\crates\devsweep-cli)
   Compiling devsweep-desktop v0.2.0 (D:\Documents\Code\Rust\Exp\devsweep\desktop\src-tauri)
    Finished `dev` profile [unoptimized + debuginfo] target(s) in 2.83s
cargo test --workspace --locked --all-targets
   Compiling devsweep-cli v0.2.0 (D:\Documents\Code\Rust\Exp\devsweep\crates\devsweep-cli)
   Compiling devsweep-desktop v0.2.0 (D:\Documents\Code\Rust\Exp\devsweep\desktop\src-tauri)
    Finished `test` profile [unoptimized + debuginfo] target(s) in 10.14s
     Running unittests src\lib.rs (target\debug\deps\devsweep-9dd395f060ec21fc.exe)
     Running unittests src\main.rs (target\debug\deps\devsweep-85765634e684ab1e.exe)
     Running unittests src\bin\process_fixture.rs (target\debug\deps\process_fixture-ed303a2995ea30bd.exe)
     Running tests\cli_contract.rs (target\debug\deps\cli_contract-75ccf4103f863faf.exe)
     Running tests\five_mode_contract.rs (target\debug\deps\five_mode_contract-2b6add409e377ac4.exe)
     Running unittests src\lib.rs (target\debug\deps\devsweep_core-b55684792db80d2d.exe)
     Running tests\public_api.rs (target\debug\deps\public_api-5a7aa48b93679573.exe)
     Running unittests src\lib.rs (target\debug\deps\devsweep_desktop_lib-713823eb8ec71f30.exe)
     Running unittests src\main.rs (target\debug\deps\devsweep_desktop-a41b0ad7bbe4bada.exe)
cargo clippy --workspace --locked --all-targets -- -D warnings
    Checking devsweep-cli v0.2.0 (D:\Documents\Code\Rust\Exp\devsweep\crates\devsweep-cli)
   Compiling devsweep-desktop v0.2.0 (D:\Documents\Code\Rust\Exp\devsweep\desktop\src-tauri)
    Finished `dev` profile [unoptimized + debuginfo] target(s) in 3.45s
running 183 tests
test application::commands::optimize::tests::plan_error_mapping_is_typed_by_exit_class ... ok
test application::cli::tests::repeated_roots_and_selections_preserve_command_line_order ... ok
test application::cli::tests::semantic_validation_rejects_machine_language_and_path_collisions ... ok
test application::cli::tests::rescan_requires_one_project_containing_root ... ok
test application::cli::tests::cli_definition_is_valid ... ok
test application::cli::tests::english_and_chinese_references_exactly_match_the_clap_manifest ... ok
test application::cli::tests::removed_roots_are_unknown_commands ... ok
test application::cli::tests::built_tree_and_real_parser_preserve_inherited_language_semantics ... ok
test application::commands::software::execution::tests::emitted_failure_uses_one_machine_document_and_preserves_failed_exit ... ok
{"command":"clean.rules.show","data":{"ecosystem":"rust","id":"rust.target","inspect_only":false,"platform_applicability":"all","rationale":"Rust b...
test application::commands::rules::tests::rules_show_known_id_is_inspect_only ... ok
{"command":"clean.rules.list","data":{"count":29,"inspect_only":true,"rules":[{"ecosystem":"rust","id":"rust.target","inspect_only":false,"platform...
test application::commands::rules::tests::rules_list_is_inspect_only_and_matches_the_shipped_registry ... ok
test application::cli::tests::defaults_ranges_conflicts_and_authority_syntax_are_frozen ... ok
{"command":"clean.preview","data":{"digest":"sha256:f4143ffcb2b426f9e4830474b4b87b367acb1c75795d6f49ee51d01d5c6792a9","report":{"attempted":0,"audi...
test application::commands::rules::tests::rules_show_unknown_id_fails_closed ... ok
test application::cli::tests::every_frozen_root_and_nested_shape_parses ... ok
test application::commands::software::inventory::tests::truthful_last_used_shape_is_not_relabelled_by_the_cli ... ok
test application::commands::status::tests::broken_pipe_classifier_is_success ... ok
test application::commands::status::tests::coordinator_refusal_is_unavailable ... ok
test application::commands::tests::frozen_module_tree_is_compiler_registered ... ok
{"command":"history.list","data":{"operations":[],"stores":[{"domain":"clean","reason_code":null,"state":"empty"},{"domain":"software","reason_code...
test application::commands::tests::history_commands_reach_the_owned_handler ... ok
test application::cli::tests::set_true_flags_are_value_less_in_real_parser_and_chinese_help ... ok
test application::commands::clean::tests::plan_rejects_inspect_only_selection ... ok
test application::commands::clean::tests::stale_execute_is_invalid_authority ... ok
test application::commands::clean::tests::preview_empty_plan_is_dry_run ... ok
test application::output::tests::broken_pipe_cancels_and_joins_without_another_write ... ok
test application::output::tests::machine_error_envelope_has_stable_locale_neutral_fields ... ok
test application::commands::tests::optimize_commands_reach_the_owned_handler ... ok
test application::output::tests::non_broken_write_failure_records_producer_error_and_joins ... ok
test application::commands::tests::software_commands_reach_the_owned_handler ... ok
test application::presentation::clean::tests::empty_scan_is_truthful_in_both_locales ... ok
test application::presentation::analyze::tests::bilingual_snapshots_use_owned_renderer ... ok
test application::commands::optimize::tests::hostile_plan_fields_fail_closed_without_echoing_payloads ... ok
test application::presentation::optimize::tests::preview_and_execution_state_launched_is_not_completion ... ok
test application::presentation::optimize::tests::guidance_has_no_run_action_and_settings_is_not_execution ... ok
test application::presentation::optimize::tests::catalogue_is_bilingual_and_lists_all_eight_rows ... ok
test application::presentation::software::tests::software_inventory_summary_is_bilingual ... ok
test application::presentation::tests::renderer_tree_is_frozen_without_domain_implementations ... ok
test application::presentation::status::tests::bilingual_snapshot_keeps_privacy_and_availability ... ok
test application::tests::bare_invocation_requires_both_terminal_streams ... ok
test application::tests::human_live_requires_stdout_tty_but_ndjson_does_not ... ok
test application::tests::non_interactive_resolution_remains_explicit_then_os_then_english ... ok
test i18n::tests::binary_formatter_covers_boundaries_without_floating_point ... ok
test i18n::tests::canonical_shell_v1_namespace_has_exact_copy_and_closed_metadata ... ok
test application::tests::chinese_help_detection_requires_an_explicit_supported_flag ... ok
{"command":"history.list","data":{"operations":[{"domain":"clean","first_timestamp_unix_ms":1711929600000,"last_timestamp_unix_ms":1711929600000,"o...
test application::commands::optimize::tests::execution_machine_document_never_claims_settings_completion ... ok
... (551 lines truncated)
[full output: "$HOME/AppData/Local/rtk/tee/1788175878_just_ci.log"]
