generated src/api/types.gen.ts from 32 named fixture files
 RUN  v3.2.7 D:/Documents/Code/Rust/Exp/devsweep/desktop
 ✓ src/modes/analyze/treemap.test.ts (3 tests) 10ms
 ✓ src/lifecycle.test.ts (4 tests) 65ms
 ✓ src/app-shell/operation-coordinator.test.ts (6 tests) 68ms
 ✓ src/api/bridge.test.ts (4 tests) 6ms
 ✓ src/modes/software/state.test.ts (4 tests) 3ms
 ✓ src/modes/analyze/parity.test.ts (1 test) 3ms
 ✓ src/modes/analyze/selectors.test.ts (2 tests) 4ms
 ✓ src/state/app-state.test.ts (10 tests) 4ms
 ✓ src/modes/software/parity.test.ts (2 tests) 3ms
 ✓ src/pages/ScanPage.test.tsx (2 tests) 144ms
 ✓ src/i18n/index.test.ts (5 tests) 7ms
 ✓ src/api/contract.test.ts (34 tests) 10ms
 ✓ src/components/TargetTable.test.tsx (1 test) 136ms
 ✓ src/modes/status/state.test.ts (3 tests) 4ms
 ✓ src/api/fixture-bridge.test.ts (3 tests) 4ms
 ✓ src/app-shell/AppShell.test.tsx (15 tests) 1058ms
 ✓ src/modes/optimize/state.test.ts (4 tests) 3ms
 ✓ src/modes/status/StatusWorkbench.test.tsx (3 tests) 338ms
   ✓ StatusWorkbench > loads a snapshot first, starts live explicitly, and never shows GPU zero cards  307ms
 ✓ src/modes/status/parity.test.ts (2 tests) 3ms
 ✓ src/support/SupportViews.test.tsx (6 tests) 521ms
   ✓ support views > keeps protection add behind confirmation  458ms
 ✓ src/modes/software/SoftwareWorkbench.test.tsx (2 tests) 570ms
   ✓ SoftwareWorkbench > renders manual rows, exact identity detail, preview, and second confirmation  484ms
 ✓ src/styles.test.ts (4 tests) 3ms
 ✓ src/modes/analyze/state.test.ts (2 tests) 2ms
 ✓ src/modes/clean/reducer.test.ts (1 test) 2ms
 ✓ src/modes/optimize/OptimizeWorkbench.test.tsx (3 tests) 643ms
   ✓ OptimizeWorkbench > renders closed badges, refuses guidance run, and requires Settings confirmation  579ms
 ✓ src/modes/optimize/parity.test.ts (2 tests) 3ms
 ✓ src/app-shell/registry.test.ts (2 tests) 2ms
 ✓ src/api/types-generation.test.ts (2 tests) 2594ms
   ✓ IPC type generation > is deterministic, committed, ASCII, and type-only  1338ms
   ✓ IPC type generation > changes when a named fixture changes  1255ms
 ✓ src/modes/analyze/AnalyzePage.test.tsx (6 tests) 1734ms
   ✓ AnalyzePage > restores the focused directory on its canonical 200-row parent page  741ms
   ✓ AnalyzePage > covers empty/loading/canceling/canceled/partial/error/complete copy in 'en'  303ms
   ✓ AnalyzePage > covers empty/loading/canceling/canceled/partial/error/complete copy in 'zh-CN'  311ms
 ✓ src/App.test.tsx (34 tests) 4391ms
   ✓ desktop workflow > invalidates a dry run after selection changes, then confirms and reports execution  511ms
   ✓ desktop workflow > orders real bridge scan, dry-run, and execute starts after old cancel and join  311ms
 Test Files  30 passed (30)
      Tests  172 passed (172)
   Start at  19:31:05
   Duration  8.43s (transform 3.28s, setup 8.36s, collect 14.76s, tests 12.33s, environment 34.11s, prepare 3.84s)
vite v7.3.6 building client environment for production...
transforming...
✓ 112 modules transformed.
rendering chunks...
computing gzip size...
dist/index.html                                  0.39 kB │ gzip:   0.26 kB
dist/assets/devsweep-icon-master-Bn2Ejx_Y.png  956.58 kB
dist/assets/index-wTnVo1mv.css                  28.97 kB │ gzip:   6.29 kB
dist/assets/index-BzitQEB1.js                  494.00 kB │ gzip: 118.87 kB
✓ built in 658ms