cd desktop; npm run types:generate; npm run lint; npm run typecheck; npm test; npm run build
npm notice run devsweep-desktop-ui@0.2.0 types:generate
npm notice run node scripts/generate-types.mjs
generated src/api/types.gen.ts from 13 named fixture files
npm notice run devsweep-desktop-ui@0.2.0 lint
npm notice run eslint .
npm notice run devsweep-desktop-ui@0.2.0 typecheck
npm notice run tsc --noEmit
npm notice run devsweep-desktop-ui@0.2.0 test
npm notice run vitest run

[1m[46m RUN [49m[22m [36mv3.2.7 [39m[90mD:/Documents/Code/Rust/Exp/devsweep/desktop[39m

 [32m✓[39m src/styles.test.ts [2m([22m[2m4 tests[22m[2m)[22m[32m 2[2mms[22m[39m
 [32m✓[39m src/modes/analyze/selectors.test.ts [2m([22m[2m2 tests[22m[2m)[22m[32m 4[2mms[22m[39m
 [32m✓[39m src/modes/analyze/treemap.test.ts [2m([22m[2m3 tests[22m[2m)[22m[32m 10[2mms[22m[39m
 [32m✓[39m src/app-shell/operation-coordinator.test.ts [2m([22m[2m6 tests[22m[2m)[22m[32m 57[2mms[22m[39m
 [32m✓[39m src/lifecycle.test.ts [2m([22m[2m4 tests[22m[2m)[22m[32m 55[2mms[22m[39m
 [32m✓[39m src/i18n/index.test.ts [2m([22m[2m5 tests[22m[2m)[22m[32m 7[2mms[22m[39m
 [32m✓[39m src/modes/analyze/state.test.ts [2m([22m[2m2 tests[22m[2m)[22m[32m 2[2mms[22m[39m
 [32m✓[39m src/api/contract.test.ts [2m([22m[2m17 tests[22m[2m)[22m[32m 7[2mms[22m[39m
 [32m✓[39m src/modes/clean/reducer.test.ts [2m([22m[2m1 test[22m[2m)[22m[32m 3[2mms[22m[39m
 [32m✓[39m src/state/app-state.test.ts [2m([22m[2m10 tests[22m[2m)[22m[32m 5[2mms[22m[39m
 [32m✓[39m src/api/fixture-bridge.test.ts [2m([22m[2m3 tests[22m[2m)[22m[32m 6[2mms[22m[39m
 [32m✓[39m src/api/bridge.test.ts [2m([22m[2m4 tests[22m[2m)[22m[32m 6[2mms[22m[39m
 [32m✓[39m src/pages/ScanPage.test.tsx [2m([22m[2m2 tests[22m[2m)[22m[32m 154[2mms[22m[39m
 [32m✓[39m src/components/TargetTable.test.tsx [2m([22m[2m1 test[22m[2m)[22m[32m 154[2mms[22m[39m
 [32m✓[39m src/app-shell/AppShell.test.tsx [2m([22m[2m15 tests[22m[2m)[22m[33m 1017[2mms[22m[39m
 [32m✓[39m src/api/types-generation.test.ts [2m([22m[2m2 tests[22m[2m)[22m[33m 1632[2mms[22m[39m
   [33m[2m✓[22m[39m IPC type generation[2m > [22mis deterministic, committed, ASCII, and type-only [33m 868[2mms[22m[39m
   [33m[2m✓[22m[39m IPC type generation[2m > [22mchanges when a named fixture changes [33m 764[2mms[22m[39m
 [32m✓[39m src/modes/analyze/AnalyzePage.test.tsx [2m([22m[2m6 tests[22m[2m)[22m[33m 1608[2mms[22m[39m
   [33m[2m✓[22m[39m AnalyzePage[2m > [22mrestores the focused directory on its canonical 200-row parent page [33m 706[2mms[22m[39m
   [33m[2m✓[22m[39m AnalyzePage[2m > [22mcovers empty/loading/canceling/canceled/partial/error/complete copy in 'en' [33m 315[2mms[22m[39m
   [33m[2m✓[22m[39m AnalyzePage[2m > [22mcovers empty/loading/canceling/canceled/partial/error/complete copy in 'zh-CN' [33m 308[2mms[22m[39m
 [32m✓[39m src/App.test.tsx [2m([22m[2m34 tests[22m[2m)[22m[33m 4125[2mms[22m[39m
   [33m[2m✓[22m[39m desktop workflow[2m > [22minvalidates a dry run after selection changes, then confirms and reports execution [33m 471[2mms[22m[39m

[2m Test Files [22m [1m[32m18 passed[39m[22m[90m (18)[39m
[2m      Tests [22m [1m[32m121 passed[39m[22m[90m (121)[39m
[2m   Start at [22m 03:42:58
[2m   Duration [22m 7.12s[2m (transform 1.83s, setup 4.12s, collect 5.51s, tests 8.85s, environment 14.90s, prepare 1.76s)[22m

npm notice run devsweep-desktop-ui@0.2.0 build
npm notice run tsc --noEmit && vite build
[36mvite v7.3.6 [32mbuilding client environment for production...[36m[39m
transforming...
[32m✓[39m 73 modules transformed.
rendering chunks...
computing gzip size...
[2mdist/[22m[32mindex.html                                [39m[1m[2m  0.39 kB[22m[1m[22m[2m │ gzip:  0.26 kB[22m
[2mdist/[22m[32massets/devsweep-icon-master-Bn2Ejx_Y.png  [39m[1m[2m956.58 kB[22m[1m[22m
[2mdist/[22m[35massets/index-MHec5aa1.css                 [39m[1m[2m 18.05 kB[22m[1m[22m[2m │ gzip:  4.57 kB[22m
[2mdist/[22m[36massets/index-B7qicToC.js                  [39m[1m[2m322.18 kB[22m[1m[22m[2m │ gzip: 90.32 kB[22m
[32m✓ built in 644ms[39m
