cd desktop; npm run types:generate; npm run lint; npm run typecheck; npm test; npm run build
npm notice run devsweep-desktop-ui@0.2.0 types:generate
npm notice run node scripts/generate-types.mjs
generated src/api/types.gen.ts from 13 named fixture files
npm notice run devsweep-desktop-ui@0.2.0 lint
npm notice run eslint .
npm notice run devsweep-desktop-ui@0.2.0 typecheck
npm notice run tsc --noEmit
npm notice run devsweep-desktop-ui@0.2.0 test
npm notice run vitest run

[1m[46m RUN [49m[22m [36mv3.2.7 [39m[90mD:/Documents/Code/Rust/Exp/devsweep/desktop[39m

 [32m✓[39m src/styles.test.ts [2m([22m[2m4 tests[22m[2m)[22m[32m 2[2mms[22m[39m
 [32m✓[39m src/modes/analyze/treemap.test.ts [2m([22m[2m3 tests[22m[2m)[22m[32m 7[2mms[22m[39m
 [32m✓[39m src/modes/analyze/selectors.test.ts [2m([22m[2m2 tests[22m[2m)[22m[32m 3[2mms[22m[39m
 [32m✓[39m src/app-shell/operation-coordinator.test.ts [2m([22m[2m6 tests[22m[2m)[22m[32m 59[2mms[22m[39m
 [32m✓[39m src/lifecycle.test.ts [2m([22m[2m4 tests[22m[2m)[22m[32m 69[2mms[22m[39m
 [32m✓[39m src/modes/analyze/state.test.ts [2m([22m[2m2 tests[22m[2m)[22m[32m 2[2mms[22m[39m
 [32m✓[39m src/modes/clean/reducer.test.ts [2m([22m[2m1 test[22m[2m)[22m[32m 2[2mms[22m[39m
 [32m✓[39m src/state/app-state.test.ts [2m([22m[2m10 tests[22m[2m)[22m[32m 4[2mms[22m[39m
 [32m✓[39m src/i18n/index.test.ts [2m([22m[2m5 tests[22m[2m)[22m[32m 7[2mms[22m[39m
 [32m✓[39m src/api/contract.test.ts [2m([22m[2m17 tests[22m[2m)[22m[32m 7[2mms[22m[39m
 [32m✓[39m src/api/fixture-bridge.test.ts [2m([22m[2m3 tests[22m[2m)[22m[32m 4[2mms[22m[39m
 [32m✓[39m src/api/bridge.test.ts [2m([22m[2m4 tests[22m[2m)[22m[32m 7[2mms[22m[39m
 [32m✓[39m src/pages/ScanPage.test.tsx [2m([22m[2m2 tests[22m[2m)[22m[32m 143[2mms[22m[39m
 [32m✓[39m src/components/TargetTable.test.tsx [2m([22m[2m1 test[22m[2m)[22m[32m 141[2mms[22m[39m
 [32m✓[39m src/modes/analyze/AnalyzePage.test.tsx [2m([22m[2m2 tests[22m[2m)[22m[33m 395[2mms[22m[39m
 [32m✓[39m src/api/types-generation.test.ts [2m([22m[2m2 tests[22m[2m)[22m[33m 1477[2mms[22m[39m
   [33m[2m✓[22m[39m IPC type generation[2m > [22mis deterministic, committed, ASCII, and type-only [33m 768[2mms[22m[39m
   [33m[2m✓[22m[39m IPC type generation[2m > [22mchanges when a named fixture changes [33m 708[2mms[22m[39m
 [32m✓[39m src/app-shell/AppShell.test.tsx [2m([22m[2m15 tests[22m[2m)[22m[33m 1076[2mms[22m[39m
 [32m✓[39m src/App.test.tsx [2m([22m[2m34 tests[22m[2m)[22m[33m 4128[2mms[22m[39m
   [33m[2m✓[22m[39m desktop workflow[2m > [22minvalidates a dry run after selection changes, then confirms and reports execution [33m 440[2mms[22m[39m
   [33m[2m✓[22m[39m desktop workflow[2m > [22morders real bridge scan, dry-run, and execute starts after old cancel and join [33m 306[2mms[22m[39m

[2m Test Files [22m [1m[32m18 passed[39m[22m[90m (18)[39m
[2m      Tests [22m [1m[32m117 passed[39m[22m[90m (117)[39m
[2m   Start at [22m 02:01:44
[2m   Duration [22m 7.79s[2m (transform 2.22s, setup 6.52s, collect 5.65s, tests 7.53s, environment 26.70s, prepare 2.18s)[22m

npm notice run devsweep-desktop-ui@0.2.0 build
npm notice run tsc --noEmit && vite build
[36mvite v7.3.6 [32mbuilding client environment for production...[36m[39m
transforming...
[32m✓[39m 73 modules transformed.
rendering chunks...
computing gzip size...
[2mdist/[22m[32mindex.html                                [39m[1m[2m  0.39 kB[22m[1m[22m[2m │ gzip:  0.26 kB[22m
[2mdist/[22m[32massets/devsweep-icon-master-Bn2Ejx_Y.png  [39m[1m[2m956.58 kB[22m[1m[22m
[2mdist/[22m[35massets/index-2UW5Xs0r.css                 [39m[1m[2m 18.03 kB[22m[1m[22m[2m │ gzip:  4.57 kB[22m
[2mdist/[22m[36massets/index-ZP59wE03.js                  [39m[1m[2m321.34 kB[22m[1m[22m[2m │ gzip: 90.20 kB[22m
[32m✓ built in 545ms[39m
