command: just desktop-web-check
exit_code: 1

cd desktop; npm run types:generate; npm run lint; npm run typecheck; npm test; npm run build
npm notice run devsweep-desktop-ui@0.2.0 types:generate
npm notice run node scripts/generate-types.mjs
generated src/api/types.gen.ts from 13 named fixture files
npm notice run devsweep-desktop-ui@0.2.0 lint
npm notice run eslint .
npm notice run devsweep-desktop-ui@0.2.0 typecheck
npm notice run tsc --noEmit
npm notice run devsweep-desktop-ui@0.2.0 test
npm notice run vitest run
failed to load config from D:\Documents\Code\Rust\Exp\devsweep\desktop\vite.config.ts

Startup Error
Error: spawn EPERM
    at ChildProcess.spawn (node:internal/child_process:457:11)
    at Object.spawn (node:child_process:813:9)
    at ensureServiceIsRunning (D:\Documents\Code\Rust\Exp\devsweep\desktop\node_modules\esbuild\lib\main.js:2268:29)
    at build (D:\Documents\Code\Rust\Exp\devsweep\desktop\node_modules\esbuild\lib\main.js:2166:26)
    at bundleConfigFile (file:///D:/Documents/Code/Rust/Exp/devsweep/desktop/node_modules/vite/dist/node/chunks/config.js:35895:23)
    at bundleAndLoadConfigFile (file:///D:/Documents/Code/Rust/Exp/devsweep/desktop/node_modules/vite/dist/node/chunks/config.js:35882:24)
    at loadConfigFromFile (file:///D:/Documents/Code/Rust/Exp/devsweep/desktop/node_modules/vite/dist/node/chunks/config.js:35851:179)
    at resolveConfig (file:///D:/Documents/Code/Rust/Exp/devsweep/desktop/node_modules/vite/dist/node/chunks/config.js:35500:28)
    at _createServer (file:///D:/Documents/Code/Rust/Exp/devsweep/desktop/node_modules/vite/dist/node/chunks/config.js:25441:73)
    at createServer$2 (file:///D:/Documents/Code/Rust/Exp/devsweep/desktop/node_modules/vite/dist/node/chunks/config.js:25438:9) {
  errno: -4048,
  code: 'EPERM',
  syscall: 'spawn'
}

npm notice run devsweep-desktop-ui@0.2.0 build
npm notice run tsc --noEmit && vite build
failed to load config from D:\Documents\Code\Rust\Exp\devsweep\desktop\vite.config.ts
error during build:
Error: spawn EPERM
    at ChildProcess.spawn (node:internal/child_process:457:11)
    at Object.spawn (node:child_process:813:9)
    at ensureServiceIsRunning (D:\Documents\Code\Rust\Exp\devsweep\desktop\node_modules\esbuild\lib\main.js:2268:29)
    at build (D:\Documents\Code\Rust\Exp\devsweep\desktop\node_modules\esbuild\lib\main.js:2166:26)
    at bundleConfigFile (file:///D:/Documents/Code/Rust/Exp/devsweep/desktop/node_modules/vite/dist/node/chunks/config.js:35895:23)
    at bundleAndLoadConfigFile (file:///D:/Documents/Code/Rust/Exp/devsweep/desktop/node_modules/vite/dist/node/chunks/config.js:35882:24)
    at loadConfigFromFile (file:///D:/Documents/Code/Rust/Exp/devsweep/desktop/node_modules/vite/dist/node/chunks/config.js:35851:179)
    at resolveConfig (file:///D:/Documents/Code/Rust/Exp/devsweep/desktop/node_modules/vite/dist/node/chunks/config.js:35500:28)
    at resolveConfigToBuild (file:///D:/Documents/Code/Rust/Exp/devsweep/desktop/node_modules/vite/dist/node/chunks/config.js:33523:9)
    at createBuilder (file:///D:/Documents/Code/Rust/Exp/devsweep/desktop/node_modules/vite/dist/node/chunks/config.js:33955:25)
error: recipe `desktop-web-check` failed on line 91 with exit code 1
