2026-08-31 12:07:32.545: [INFO] CurrentProfilePath: D:\Documents\Code\Rust\Exp\devsweep\.trellis\tasks\08-29-five-mode-native-integration\evidence\resources\edge-commit-profile\Default
2026-08-31 12:07:32.545: [INFO] Profiles total count: 1
2026-08-31 12:07:32.545: [INFO] Profile: name=Profile 1 path=D:\Documents\Code\Rust\Exp\devsweep\.trellis\tasks\08-29-five-mode-native-integration\evidence\resources\edge-commit-profile\Default lastActive=null
2026-08-31 12:07:32.545: [INFO] LastUsedProfileDir: D:\Documents\Code\Rust\Exp\devsweep\.trellis\tasks\08-29-five-mode-native-integration\evidence\resources\edge-commit-profile\Default
2026-08-31 12:07:32.545: [INFO] VisibilityChanged: 0
2026-08-31 12:07:32.583: [INFO] RecordSyncInitDuration has_sync_been_enabled: 0 state: 0
2026-08-31 12:07:32.584: [INFO] RecordSyncInitDuration has_sync_been_enabled: 0 state: 0
2026-08-31 12:07:32.584: [INFO] RecordSyncInitDuration has_sync_been_enabled: 0 state: 0
2026-08-31 12:07:32.584: [INFO] RecordSyncInitDuration has_sync_been_enabled: 0 state: 0
2026-08-31 12:07:32.585: [INFO] RecordSyncInitDuration has_sync_been_enabled: 0 state: 0
2026-08-31 12:07:32.585: [INFO] RecordSyncInitDuration has_sync_been_enabled: 0 state: 0
2026-08-31 12:07:32.585: [INFO] RecordSyncInitDuration has_sync_been_enabled: 0 state: 0
2026-08-31 12:07:32.586: [INFO] RecordSyncInitDuration has_sync_been_enabled: 0 state: 0
2026-08-31 12:07:32.586: [INFO] RecordSyncInitDuration has_sync_been_enabled: 0 state: 0
2026-08-31 12:07:32.587: [INFO] RecordSyncInitDuration has_sync_been_enabled: 0 state: 0
2026-08-31 12:07:32.595: [INFO] OnDoneLoading sync enabled: 0
2026-08-31 12:07:32.595: [INFO] BookmarkModelLoaded, ids_reassigned: 0
2026-08-31 12:07:32.595: [INFO] BookmarksLoadDropped droppedNodes=0
2026-08-31 12:07:32.595: [INFO] BookmarksSnapshot Startup total=0 bar=0 other=0 mobile=0 showBar=0 showBarNTP=1
2026-08-31 12:07:32.621: [INFO] RecordSyncInitDuration has_sync_been_enabled: 0 state: 0
2026-08-31 12:45:08.395: [INFO] CurrentProfilePath: D:\Documents\Code\Rust\Exp\devsweep\.trellis\tasks\08-29-five-mode-native-integration\evidence\resources\edge-commit-profile\Default
2026-08-31 12:45:08.395: [INFO] Profiles total count: 1
2026-08-31 12:45:08.395: [INFO] Profile: name=Profile 1 path=D:\Documents\Code\Rust\Exp\devsweep\.trellis\tasks\08-29-five-mode-native-integration\evidence\resources\edge-commit-profile\Default lastActive=2026-08-31T12:17:33.131Z
2026-08-31 12:45:08.395: [INFO] LastUsedProfileDir: D:\Documents\Code\Rust\Exp\devsweep\.trellis\tasks\08-29-five-mode-native-integration\evidence\resources\edge-commit-profile\Default
2026-08-31 12:45:08.395: [INFO] MostRecentlyActiveProfile: name=Profile 1 path=D:\Documents\Code\Rust\Exp\devsweep\.trellis\tasks\08-29-five-mode-native-integration\evidence\resources\edge-commit-profile\Default lastActive=2026-08-31T12:17:33.131Z
2026-08-31 12:45:08.395: [INFO] VisibilityChanged: 0
2026-08-31 12:45:08.457: [INFO] OnDoneLoading sync enabled: 0
2026-08-31 12:45:08.457: [INFO] BookmarkModelLoaded, ids_reassigned: 0
2026-08-31 12:45:08.457: [INFO] BookmarksLoadDropped droppedNodes=0
2026-08-31 12:45:08.457: [INFO] BookmarksSnapshot Startup total=0 bar=0 other=0 mobile=0 showBar=0 showBarNTP=1
2026-08-31 12:45:08.459: [INFO] RecordSyncInitDuration has_sync_been_enabled: 0 state: 0
2026-08-31 13:45:01.944: [INFO] CurrentProfilePath: D:\Documents\Code\Rust\Exp\devsweep\.trellis\tasks\08-29-five-mode-native-integration\evidence\resources\edge-commit-profile\Default
2026-08-31 13:45:01.944: [INFO] Profiles total count: 1
2026-08-31 13:45:01.944: [INFO] Profile: name=Profile 1 path=D:\Documents\Code\Rust\Exp\devsweep\.trellis\tasks\08-29-five-mode-native-integration\evidence\resources\edge-commit-profile\Default lastActive=2026-08-31T12:45:08.519Z
2026-08-31 13:45:01.944: [INFO] LastUsedProfileDir: D:\Documents\Code\Rust\Exp\devsweep\.trellis\tasks\08-29-five-mode-native-integration\evidence\resources\edge-commit-profile\Default
2026-08-31 13:45:01.944: [INFO] MostRecentlyActiveProfile: name=Profile 1 path=D:\Documents\Code\Rust\Exp\devsweep\.trellis\tasks\08-29-five-mode-native-integration\evidence\resources\edge-commit-profile\Default lastActive=2026-08-31T12:45:08.519Z
2026-08-31 13:45:01.944: [INFO] VisibilityChanged: 0
2026-08-31 13:45:01.987: [INFO] OnDoneLoading sync enabled: 0
2026-08-31 13:45:01.987: [INFO] BookmarkModelLoaded, ids_reassigned: 0
2026-08-31 13:45:01.987: [INFO] BookmarksLoadDropped droppedNodes=0
2026-08-31 13:45:01.987: [INFO] BookmarksSnapshot Startup total=0 bar=0 other=0 mobile=0 showBar=0 showBarNTP=1
2026-08-31 13:45:01.988: [INFO] RecordSyncInitDuration has_sync_been_enabled: 0 state: 0
2026-08-31 14:12:34.227: [INFO] CurrentProfilePath: D:\Documents\Code\Rust\Exp\devsweep\.trellis\tasks\08-29-five-mode-native-integration\evidence\resources\edge-commit-profile\Default
2026-08-31 14:12:34.227: [INFO] Profiles total count: 1
2026-08-31 14:12:34.227: [INFO] Profile: name=Profile 1 path=D:\Documents\Code\Rust\Exp\devsweep\.trellis\tasks\08-29-five-mode-native-integration\evidence\resources\edge-commit-profile\Default lastActive=2026-08-31T13:45:02.021Z
2026-08-31 14:12:34.227: [INFO] LastUsedProfileDir: D:\Documents\Code\Rust\Exp\devsweep\.trellis\tasks\08-29-five-mode-native-integration\evidence\resources\edge-commit-profile\Default
2026-08-31 14:12:34.227: [INFO] MostRecentlyActiveProfile: name=Profile 1 path=D:\Documents\Code\Rust\Exp\devsweep\.trellis\tasks\08-29-five-mode-native-integration\evidence\resources\edge-commit-profile\Default lastActive=2026-08-31T13:45:02.021Z
2026-08-31 14:12:34.227: [INFO] VisibilityChanged: 0
2026-08-31 14:12:34.273: [INFO] OnDoneLoading sync enabled: 0
2026-08-31 14:12:34.273: [INFO] BookmarkModelLoaded, ids_reassigned: 0
2026-08-31 14:12:34.273: [INFO] BookmarksLoadDropped droppedNodes=0
2026-08-31 14:12:34.273: [INFO] BookmarksSnapshot Startup total=0 bar=0 other=0 mobile=0 showBar=0 showBarNTP=1
2026-08-31 14:12:34.274: [INFO] RecordSyncInitDuration has_sync_been_enabled: 0 state: 0
2026-08-31 14:35:21.548: [INFO] CurrentProfilePath: D:\Documents\Code\Rust\Exp\devsweep\.trellis\tasks\08-29-five-mode-native-integration\evidence\resources\edge-commit-profile\Default
2026-08-31 14:35:21.548: [INFO] Profiles total count: 1
2026-08-31 14:35:21.548: [INFO] Profile: name=Profile 1 path=D:\Documents\Code\Rust\Exp\devsweep\.trellis\tasks\08-29-five-mode-native-integration\evidence\resources\edge-commit-profile\Default lastActive=2026-08-31T14:12:34.313Z
2026-08-31 14:35:21.548: [INFO] LastUsedProfileDir: D:\Documents\Code\Rust\Exp\devsweep\.trellis\tasks\08-29-five-mode-native-integration\evidence\resources\edge-commit-profile\Default
2026-08-31 14:35:21.548: [INFO] MostRecentlyActiveProfile: name=Profile 1 path=D:\Documents\Code\Rust\Exp\devsweep\.trellis\tasks\08-29-five-mode-native-integration\evidence\resources\edge-commit-profile\Default lastActive=2026-08-31T14:12:34.313Z
2026-08-31 14:35:21.548: [INFO] VisibilityChanged: 0
2026-08-31 14:35:21.600: [INFO] OnDoneLoading sync enabled: 0
2026-08-31 14:35:21.600: [INFO] BookmarkModelLoaded, ids_reassigned: 0
2026-08-31 14:35:21.600: [INFO] BookmarksLoadDropped droppedNodes=0
2026-08-31 14:35:21.600: [INFO] BookmarksSnapshot Startup total=0 bar=0 other=0 mobile=0 showBar=0 showBarNTP=1
2026-08-31 14:35:21.601: [INFO] RecordSyncInitDuration has_sync_been_enabled: 0 state: 0
2026-08-31 15:25:06.412: [INFO] CurrentProfilePath: D:\Documents\Code\Rust\Exp\devsweep\.trellis\tasks\08-29-five-mode-native-integration\evidence\resources\edge-commit-profile\Default
2026-08-31 15:25:06.412: [INFO] Profiles total count: 1
2026-08-31 15:25:06.412: [INFO] Profile: name=Profile 1 path=D:\Documents\Code\Rust\Exp\devsweep\.trellis\tasks\08-29-five-mode-native-integration\evidence\resources\edge-commit-profile\Default lastActive=2026-08-31T14:35:21.640Z
2026-08-31 15:25:06.412: [INFO] LastUsedProfileDir: D:\Documents\Code\Rust\Exp\devsweep\.trellis\tasks\08-29-five-mode-native-integration\evidence\resources\edge-commit-profile\Default
2026-08-31 15:25:06.412: [INFO] MostRecentlyActiveProfile: name=Profile 1 path=D:\Documents\Code\Rust\Exp\devsweep\.trellis\tasks\08-29-five-mode-native-integration\evidence\resources\edge-commit-profile\Default lastActive=2026-08-31T14:35:21.640Z
2026-08-31 15:25:06.412: [INFO] VisibilityChanged: 0
2026-08-31 15:25:06.463: [INFO] OnDoneLoading sync enabled: 0
2026-08-31 15:25:06.463: [INFO] BookmarkModelLoaded, ids_reassigned: 0
2026-08-31 15:25:06.463: [INFO] BookmarksLoadDropped droppedNodes=0
2026-08-31 15:25:06.463: [INFO] BookmarksSnapshot Startup total=0 bar=0 other=0 mobile=0 showBar=0 showBarNTP=1
2026-08-31 15:25:06.464: [INFO] RecordSyncInitDuration has_sync_been_enabled: 0 state: 0
2026-08-31 17:07:43.427: [INFO] CurrentProfilePath: D:\Documents\Code\Rust\Exp\devsweep\.trellis\tasks\08-29-five-mode-native-integration\evidence\resources\edge-commit-profile\Default
2026-08-31 17:07:43.427: [INFO] Profiles total count: 1
2026-08-31 17:07:43.427: [INFO] Profile: name=Profile 1 path=D:\Documents\Code\Rust\Exp\devsweep\.trellis\tasks\08-29-five-mode-native-integration\evidence\resources\edge-commit-profile\Default lastActive=2026-08-31T15:25:06.498Z
2026-08-31 17:07:43.427: [INFO] LastUsedProfileDir: D:\Documents\Code\Rust\Exp\devsweep\.trellis\tasks\08-29-five-mode-native-integration\evidence\resources\edge-commit-profile\Default
2026-08-31 17:07:43.427: [INFO] MostRecentlyActiveProfile: name=Profile 1 path=D:\Documents\Code\Rust\Exp\devsweep\.trellis\tasks\08-29-five-mode-native-integration\evidence\resources\edge-commit-profile\Default lastActive=2026-08-31T15:25:06.498Z
2026-08-31 17:07:43.427: [INFO] VisibilityChanged: 0
2026-08-31 17:07:43.475: [INFO] OnDoneLoading sync enabled: 0
2026-08-31 17:07:43.475: [INFO] BookmarkModelLoaded, ids_reassigned: 0
2026-08-31 17:07:43.475: [INFO] BookmarksLoadDropped droppedNodes=0
2026-08-31 17:07:43.475: [INFO] BookmarksSnapshot Startup total=0 bar=0 other=0 mobile=0 showBar=0 showBarNTP=1
2026-08-31 17:07:43.476: [INFO] RecordSyncInitDuration has_sync_been_enabled: 0 state: 0
2026-08-31 17:35:27.399: [INFO] CurrentProfilePath: D:\Documents\Code\Rust\Exp\devsweep\.trellis\tasks\08-29-five-mode-native-integration\evidence\resources\edge-commit-profile\Default
2026-08-31 17:35:27.399: [INFO] Profiles total count: 1
2026-08-31 17:35:27.399: [INFO] Profile: name=Profile 1 path=D:\Documents\Code\Rust\Exp\devsweep\.trellis\tasks\08-29-five-mode-native-integration\evidence\resources\edge-commit-profile\Default lastActive=2026-08-31T17:07:43.507Z
2026-08-31 17:35:27.399: [INFO] LastUsedProfileDir: D:\Documents\Code\Rust\Exp\devsweep\.trellis\tasks\08-29-five-mode-native-integration\evidence\resources\edge-commit-profile\Default
2026-08-31 17:35:27.399: [INFO] MostRecentlyActiveProfile: name=Profile 1 path=D:\Documents\Code\Rust\Exp\devsweep\.trellis\tasks\08-29-five-mode-native-integration\evidence\resources\edge-commit-profile\Default lastActive=2026-08-31T17:07:43.507Z
2026-08-31 17:35:27.399: [INFO] VisibilityChanged: 0
2026-08-31 17:35:27.450: [INFO] OnDoneLoading sync enabled: 0
2026-08-31 17:35:27.450: [INFO] BookmarkModelLoaded, ids_reassigned: 0
2026-08-31 17:35:27.450: [INFO] BookmarksLoadDropped droppedNodes=0
2026-08-31 17:35:27.450: [INFO] BookmarksSnapshot Startup total=0 bar=0 other=0 mobile=0 showBar=0 showBarNTP=1
2026-08-31 17:35:27.451: [INFO] RecordSyncInitDuration has_sync_been_enabled: 0 state: 0
2026-08-31 19:02:20.036: [INFO] CurrentProfilePath: D:\Documents\Code\Rust\Exp\devsweep\.trellis\tasks\08-29-five-mode-native-integration\evidence\resources\edge-commit-profile\Default
2026-08-31 19:02:20.036: [INFO] Profiles total count: 1
2026-08-31 19:02:20.036: [INFO] Profile: name=Profile 1 path=D:\Documents\Code\Rust\Exp\devsweep\.trellis\tasks\08-29-five-mode-native-integration\evidence\resources\edge-commit-profile\Default lastActive=2026-08-31T17:35:27.487Z
2026-08-31 19:02:20.036: [INFO] LastUsedProfileDir: D:\Documents\Code\Rust\Exp\devsweep\.trellis\tasks\08-29-five-mode-native-integration\evidence\resources\edge-commit-profile\Default
2026-08-31 19:02:20.036: [INFO] MostRecentlyActiveProfile: name=Profile 1 path=D:\Documents\Code\Rust\Exp\devsweep\.trellis\tasks\08-29-five-mode-native-integration\evidence\resources\edge-commit-profile\Default lastActive=2026-08-31T17:35:27.487Z
2026-08-31 19:02:20.036: [INFO] VisibilityChanged: 0
2026-08-31 19:02:20.082: [INFO] OnDoneLoading sync enabled: 0
2026-08-31 19:02:20.082: [INFO] BookmarkModelLoaded, ids_reassigned: 0
2026-08-31 19:02:20.082: [INFO] BookmarksLoadDropped droppedNodes=0
2026-08-31 19:02:20.082: [INFO] BookmarksSnapshot Startup total=0 bar=0 other=0 mobile=0 showBar=0 showBarNTP=1
2026-08-31 19:02:20.083: [INFO] RecordSyncInitDuration has_sync_been_enabled: 0 state: 0
2026-08-31 20:55:13.000: [INFO] CurrentProfilePath: D:\Documents\Code\Rust\Exp\devsweep\.trellis\tasks\08-29-five-mode-native-integration\evidence\resources\edge-commit-profile\Default
2026-08-31 20:55:13.000: [INFO] Profiles total count: 1
2026-08-31 20:55:13.000: [INFO] Profile: name=Profile 1 path=D:\Documents\Code\Rust\Exp\devsweep\.trellis\tasks\08-29-five-mode-native-integration\evidence\resources\edge-commit-profile\Default lastActive=2026-08-31T19:02:20.114Z
2026-08-31 20:55:13.000: [INFO] LastUsedProfileDir: D:\Documents\Code\Rust\Exp\devsweep\.trellis\tasks\08-29-five-mode-native-integration\evidence\resources\edge-commit-profile\Default
2026-08-31 20:55:13.000: [INFO] MostRecentlyActiveProfile: name=Profile 1 path=D:\Documents\Code\Rust\Exp\devsweep\.trellis\tasks\08-29-five-mode-native-integration\evidence\resources\edge-commit-profile\Default lastActive=2026-08-31T19:02:20.114Z
2026-08-31 20:55:13.000: [INFO] VisibilityChanged: 0
2026-08-31 20:55:13.053: [INFO] OnDoneLoading sync enabled: 0
2026-08-31 20:55:13.053: [INFO] BookmarkModelLoaded, ids_reassigned: 0
2026-08-31 20:55:13.053: [INFO] BookmarksLoadDropped droppedNodes=0
2026-08-31 20:55:13.053: [INFO] BookmarksSnapshot Startup total=0 bar=0 other=0 mobile=0 showBar=0 showBarNTP=1
2026-08-31 20:55:13.054: [INFO] RecordSyncInitDuration has_sync_been_enabled: 0 state: 0
