2026-08-31 15:58:19.521: [INFO] CurrentProfilePath: D:\Documents\Code\Rust\Exp\devsweep\.trellis\tasks\08-29-five-mode-native-integration\evidence\resources\independent-check\edge-commit-profile\Default
2026-08-31 15:58:19.521: [INFO] Profiles total count: 1
2026-08-31 15:58:19.521: [INFO] Profile: name=Profile 1 path=D:\Documents\Code\Rust\Exp\devsweep\.trellis\tasks\08-29-five-mode-native-integration\evidence\resources\independent-check\edge-commit-profile\Default lastActive=null
2026-08-31 15:58:19.521: [INFO] LastUsedProfileDir: D:\Documents\Code\Rust\Exp\devsweep\.trellis\tasks\08-29-five-mode-native-integration\evidence\resources\independent-check\edge-commit-profile\Default
2026-08-31 15:58:19.521: [INFO] VisibilityChanged: 0
2026-08-31 15:58:19.561: [INFO] RecordSyncInitDuration has_sync_been_enabled: 0 state: 0
2026-08-31 15:58:19.562: [INFO] RecordSyncInitDuration has_sync_been_enabled: 0 state: 0
2026-08-31 15:58:19.562: [INFO] RecordSyncInitDuration has_sync_been_enabled: 0 state: 0
2026-08-31 15:58:19.562: [INFO] RecordSyncInitDuration has_sync_been_enabled: 0 state: 0
2026-08-31 15:58:19.563: [INFO] RecordSyncInitDuration has_sync_been_enabled: 0 state: 0
2026-08-31 15:58:19.563: [INFO] RecordSyncInitDuration has_sync_been_enabled: 0 state: 0
2026-08-31 15:58:19.563: [INFO] RecordSyncInitDuration has_sync_been_enabled: 0 state: 0
2026-08-31 15:58:19.564: [INFO] RecordSyncInitDuration has_sync_been_enabled: 0 state: 0
2026-08-31 15:58:19.564: [INFO] RecordSyncInitDuration has_sync_been_enabled: 0 state: 0
2026-08-31 15:58:19.564: [INFO] RecordSyncInitDuration has_sync_been_enabled: 0 state: 0
2026-08-31 15:58:19.573: [INFO] OnDoneLoading sync enabled: 0
2026-08-31 15:58:19.573: [INFO] BookmarkModelLoaded, ids_reassigned: 0
2026-08-31 15:58:19.573: [INFO] BookmarksLoadDropped droppedNodes=0
2026-08-31 15:58:19.573: [INFO] BookmarksSnapshot Startup total=0 bar=0 other=0 mobile=0 showBar=0 showBarNTP=1
2026-08-31 15:58:19.597: [INFO] RecordSyncInitDuration has_sync_been_enabled: 0 state: 0
2026-08-31 19:38:13.167: [INFO] CurrentProfilePath: D:\Documents\Code\Rust\Exp\devsweep\.trellis\tasks\08-29-five-mode-native-integration\evidence\resources\independent-check\edge-commit-profile\Default
2026-08-31 19:38:13.167: [INFO] Profiles total count: 1
2026-08-31 19:38:13.167: [INFO] Profile: name=Profile 1 path=D:\Documents\Code\Rust\Exp\devsweep\.trellis\tasks\08-29-five-mode-native-integration\evidence\resources\independent-check\edge-commit-profile\Default lastActive=2026-08-31T15:58:19.557Z
2026-08-31 19:38:13.167: [INFO] LastUsedProfileDir: D:\Documents\Code\Rust\Exp\devsweep\.trellis\tasks\08-29-five-mode-native-integration\evidence\resources\independent-check\edge-commit-profile\Default
2026-08-31 19:38:13.167: [INFO] MostRecentlyActiveProfile: name=Profile 1 path=D:\Documents\Code\Rust\Exp\devsweep\.trellis\tasks\08-29-five-mode-native-integration\evidence\resources\independent-check\edge-commit-profile\Default lastActive=2026-08-31T15:58:19.557Z
2026-08-31 19:38:13.167: [INFO] VisibilityChanged: 0
2026-08-31 19:38:13.212: [INFO] OnDoneLoading sync enabled: 0
2026-08-31 19:38:13.212: [INFO] BookmarkModelLoaded, ids_reassigned: 0
2026-08-31 19:38:13.212: [INFO] BookmarksLoadDropped droppedNodes=0
2026-08-31 19:38:13.212: [INFO] BookmarksSnapshot Startup total=0 bar=0 other=0 mobile=0 showBar=0 showBarNTP=1
2026-08-31 19:38:13.213: [INFO] RecordSyncInitDuration has_sync_been_enabled: 0 state: 0
