COMMAND (cwd desktop): rtk npm run tauri -- icon ./src/assets/devsweep-icon-master.png --output ./src-tauri/icons
EXIT: 0

        Appx Creating StoreLogo.png
        Appx Creating Square30x30Logo.png
        Appx Creating Square44x44Logo.png
        Appx Creating Square71x71Logo.png
        Appx Creating Square89x89Logo.png
        Appx Creating Square107x107Logo.png
        Appx Creating Square142x142Logo.png
        Appx Creating Square150x150Logo.png
        Appx Creating Square284x284Logo.png
        Appx Creating Square310x310Logo.png
        ICNS Creating icon.icns
         ICO Creating icon.ico
         PNG Creating 32x32.png
         PNG Creating 64x64.png
         PNG Creating 128x128.png
         PNG Creating 128x128@2x.png
         PNG Creating icon.png
         iOS Creating AppIcon-20x20@2x-1.png
         iOS Creating AppIcon-20x20@1x.png
         iOS Creating AppIcon-20x20@2x.png
         iOS Creating AppIcon-20x20@3x.png
         iOS Creating AppIcon-29x29@2x-1.png
         iOS Creating AppIcon-29x29@1x.png
         iOS Creating AppIcon-29x29@2x.png
         iOS Creating AppIcon-29x29@3x.png
         iOS Creating AppIcon-40x40@2x-1.png
         iOS Creating AppIcon-40x40@1x.png
         iOS Creating AppIcon-40x40@2x.png
         iOS Creating AppIcon-40x40@3x.png
         iOS Creating AppIcon-60x60@2x.png
         iOS Creating AppIcon-60x60@3x.png
         iOS Creating AppIcon-76x76@1x.png
         iOS Creating AppIcon-76x76@2x.png
         iOS Creating AppIcon-83.5x83.5@2x.png
         iOS Creating AppIcon-512@2x.png
     Android Creating mipmap-hdpi/ic_launcher_foreground.png
     Android Creating mipmap-mdpi/ic_launcher_foreground.png
     Android Creating mipmap-xhdpi/ic_launcher_foreground.png
     Android Creating mipmap-xxhdpi/ic_launcher_foreground.png
     Android Creating mipmap-xxxhdpi/ic_launcher_foreground.png
     Android Creating mipmap-hdpi/ic_launcher_round.png
     Android Creating mipmap-hdpi/ic_launcher.png
     Android Creating mipmap-mdpi/ic_launcher_round.png
     Android Creating mipmap-mdpi/ic_launcher.png
     Android Creating mipmap-xhdpi/ic_launcher_round.png
     Android Creating mipmap-xhdpi/ic_launcher.png
     Android Creating mipmap-xxhdpi/ic_launcher_round.png
     Android Creating mipmap-xxhdpi/ic_launcher.png
     Android Creating mipmap-xxxhdpi/ic_launcher_round.png
     Android Creating mipmap-xxxhdpi/ic_launcher.png

POST-COMMAND SCOPE RESTORATION: the command produced 64x64.png, ios/, and
android/ in addition to the frozen existing inventory. The pre-generation
inventory proves those paths did not exist. Their resolved absolute paths were
verified under desktop/src-tauri/icons and only those newly generated extras
were removed. The final output is the exact frozen 16-file inventory.
