cd desktop; npm run tauri -- build
npm notice run devsweep-desktop-ui@0.2.0 tauri
npm notice run tauri build
        Info Looking up installed tauri packages to check mismatched versions...
     Running beforeBuildCommand `npm run build`
npm notice run devsweep-desktop-ui@0.2.0 build
npm notice run tsc --noEmit && vite build
[36mvite v7.3.6 [32mbuilding client environment for production...[36m[39m
transforming...
[32m✓[39m 73 modules transformed.
rendering chunks...
computing gzip size...
[2mdist/[22m[32mindex.html                                [39m[1m[2m  0.39 kB[22m[1m[22m[2m │ gzip:  0.26 kB[22m
[2mdist/[22m[32massets/devsweep-icon-master-Bn2Ejx_Y.png  [39m[1m[2m956.58 kB[22m[1m[22m
[2mdist/[22m[35massets/index-MHec5aa1.css                 [39m[1m[2m 18.05 kB[22m[1m[22m[2m │ gzip:  4.57 kB[22m
[2mdist/[22m[36massets/index-B7qicToC.js                  [39m[1m[2m322.18 kB[22m[1m[22m[2m │ gzip: 90.32 kB[22m
[32m✓ built in 639ms[39m
    Blocking waiting for file lock on package cache
   Compiling devsweep-desktop v0.2.0 (D:\Documents\Code\Rust\Exp\devsweep\desktop\src-tauri)
    Finished `release` profile [optimized] target(s) in 2m 10s
       Built application at: D:\Documents\Code\Rust\Exp\devsweep\target\release\devsweep-desktop.exe
        Info Patching D:\Documents\Code\Rust\Exp\devsweep\target\release\devsweep-desktop.exe with bundle type information: nsis
        Info Target: x64
     Running makensis to produce D:\Documents\Code\Rust\Exp\devsweep\target\release\bundle\nsis\devsweep_0.2.0_x64-setup.exe
    Finished 1 bundle at:
        D:\Documents\Code\Rust\Exp\devsweep\target\release\bundle\nsis\devsweep_0.2.0_x64-setup.exe

