cd desktop; npm run tauri -- build
npm notice run devsweep-desktop-ui@0.2.0 tauri
npm notice run tauri build
        Info Looking up installed tauri packages to check mismatched versions...
     Running beforeBuildCommand `npm run build`
npm notice run devsweep-desktop-ui@0.2.0 build
npm notice run tsc --noEmit && vite build
failed to load config from D:\Documents\Code\Rust\Exp\devsweep\desktop\vite.config.ts
error during build:
Error: spawn EPERM
    at ChildProcess.spawn (node:internal/child_process:457:11)
    at Object.spawn (node:child_process:813:9)
    at ensureServiceIsRunning (D:\Documents\Code\Rust\Exp\devsweep\desktop\node_modules\esbuild\lib\main.js:2268:29)
    at build (D:\Documents\Code\Rust\Exp\devsweep\desktop\node_modules\esbuild\lib\main.js:2166:26)
    at bundleConfigFile (file:///D:/Documents/Code/Rust/Exp/devsweep/desktop/node_modules/vite/dist/node/chunks/config.js:35895:23)
    at bundleAndLoadConfigFile (file:///D:/Documents/Code/Rust/Exp/devsweep/desktop/node_modules/vite/dist/node/chunks/config.js:35882:24)
    at loadConfigFromFile (file:///D:/Documents/Code/Rust/Exp/devsweep/desktop/node_modules/vite/dist/node/chunks/config.js:35851:179)
    at resolveConfig (file:///D:/Documents/Code/Rust/Exp/devsweep/desktop/node_modules/vite/dist/node/chunks/config.js:35500:28)
    at resolveConfigToBuild (file:///D:/Documents/Code/Rust/Exp/devsweep/desktop/node_modules/vite/dist/node/chunks/config.js:33523:9)
    at createBuilder (file:///D:/Documents/Code/Rust/Exp/devsweep/desktop/node_modules/vite/dist/node/chunks/config.js:33955:25)
beforeBuildCommand `npm run build` failed with exit code 1
       Error beforeBuildCommand `npm run build` failed with exit code 1
error: recipe `desktop-build` failed on line 97 with exit code 1
