cd desktop; npm run types:generate; npm run lint; npm run typecheck; npm test; npm run build
npm notice run devsweep-desktop-ui@0.2.0 types:generate
npm notice run node scripts/generate-types.mjs
npm notice run devsweep-desktop-ui@0.2.0 lint
npm notice run eslint .
npm notice run devsweep-desktop-ui@0.2.0 typecheck
npm notice run tsc --noEmit
npm notice run devsweep-desktop-ui@0.2.0 test
npm notice run vitest run
npm notice run devsweep-desktop-ui@0.2.0 build
npm notice run tsc --noEmit && vite build
generated src/api/types.gen.ts from 7 named fixture files
 RUN  v3.2.7 D:/Documents/Code/Rust/Exp/devsweep/desktop
 ✓ src/styles.test.ts (4 tests) 3ms
 ✓ src/api/contract.test.ts (14 tests) 7ms
 ✓ src/state/app-state.test.ts (10 tests) 5ms
 ✓ src/api/bridge.test.ts (3 tests) 6ms
 ✓ src/app-shell/operation-coordinator.test.ts (6 tests) 64ms
 ✓ src/lifecycle.test.ts (5 tests) 66ms
 ✓ src/i18n/index.test.ts (5 tests) 6ms
 ✓ src/pages/ScanPage.test.tsx (1 test) 126ms
 ✓ src/api/fixture-bridge.test.ts (3 tests) 5ms
 ✓ src/app-shell/AppShell.test.tsx (11 tests) 754ms
 ✓ src/api/types-generation.test.ts (2 tests) 1444ms
   ✓ IPC type generation > is deterministic, committed, ASCII, and type-only  760ms
   ✓ IPC type generation > changes when a named fixture changes  683ms
 ✓ src/App.test.tsx (33 tests) 4207ms
   ✓ desktop workflow > invalidates a dry run after selection changes, then confirms and reports execution  466ms
 Test Files  12 passed (12)
      Tests  97 passed (97)
   Start at  16:07:11
   Duration  6.77s (transform 688ms, setup 2.21s, collect 2.40s, tests 6.69s, environment 9.53s, prepare 974ms)
vite v7.3.6 building client environment for production...
transforming...
✓ 55 modules transformed.
rendering chunks...
computing gzip size...
dist/index.html                                  0.39 kB │ gzip:  0.26 kB
dist/assets/devsweep-icon-master-Bn2Ejx_Y.png  956.58 kB
dist/assets/index-CrMOQeTf.css                  13.79 kB │ gzip:  3.78 kB
dist/assets/index-Bjr34FYq.js                  274.90 kB │ gzip: 81.74 kB
✓ built in 579ms
