command: rtk just desktop-web-check
working_directory: D:\Documents\Code\Rust\Exp\devsweep
exit_code: 0

cd desktop; npm run types:generate; npm run lint; npm run typecheck; npm test; npm run build
npm notice run devsweep-desktop-ui@0.2.0 types:generate
npm notice run node scripts/generate-types.mjs
npm notice run devsweep-desktop-ui@0.2.0 lint
npm notice run eslint .
npm notice run devsweep-desktop-ui@0.2.0 typecheck
npm notice run tsc --noEmit
npm notice run devsweep-desktop-ui@0.2.0 test
npm notice run vitest run
npm notice run devsweep-desktop-ui@0.2.0 build
npm notice run tsc --noEmit && vite build
generated src/api/types.gen.ts from 7 named fixture files
 RUN  v3.2.7 D:/Documents/Code/Rust/Exp/devsweep/desktop
 ✓ src/styles.test.ts (4 tests) 3ms
 ✓ src/app-shell/operation-coordinator.test.ts (5 tests) 4ms
 ✓ src/i18n/index.test.ts (4 tests) 3ms
 ✓ src/api/contract.test.ts (14 tests) 5ms
 ✓ src/state/app-state.test.ts (10 tests) 5ms
 ✓ src/api/fixture-bridge.test.ts (3 tests) 6ms
 ✓ src/api/bridge.test.ts (3 tests) 7ms
 ✓ src/pages/ScanPage.test.tsx (1 test) 139ms
 ✓ src/app-shell/AppShell.test.tsx (10 tests) 692ms
 ✓ src/api/types-generation.test.ts (2 tests) 1503ms
   ✓ IPC type generation > is deterministic, committed, ASCII, and type-only  777ms
   ✓ IPC type generation > changes when a named fixture changes  725ms
 ✓ src/App.test.tsx (22 tests) 3028ms
   ✓ desktop workflow > invalidates a dry run after selection changes, then confirms and reports execution  486ms
 Test Files  11 passed (11)
      Tests  78 passed (78)
   Start at  12:06:37
   Duration  5.29s (transform 548ms, setup 1.74s, collect 2.22s, tests 5.40s, environment 6.87s, prepare 826ms)
vite v7.3.6 building client environment for production...
transforming...
✓ 50 modules transformed.
rendering chunks...
computing gzip size...
dist/index.html                                  0.39 kB │ gzip:  0.27 kB
dist/assets/devsweep-icon-master-Bn2Ejx_Y.png  956.58 kB
dist/assets/index-CNBoQlOx.css                  13.77 kB │ gzip:  3.78 kB
dist/assets/index-Bzz4EQvL.js                  250.62 kB │ gzip: 76.60 kB
✓ built in 530ms
