cargo fmt --all -- --check
cargo update --offline --package devsweep-core --package devsweep-cli
     Locking 0 packages to latest Rust 1.88.0 compatible versions
note: pass `--verbose` to see 56 unchanged dependencies behind latest
cargo check --workspace --locked --all-targets
    Checking devsweep-core v0.2.0 (D:\Documents\Code\Rust\Exp\devsweep\crates\devsweep-core)
    Checking devsweep-cli v0.2.0 (D:\Documents\Code\Rust\Exp\devsweep\crates\devsweep-cli)
    Checking devsweep-desktop v0.2.0 (D:\Documents\Code\Rust\Exp\devsweep\desktop\src-tauri)
warning: variants `Software`, `Optimize`, `Analyze`, and `Status` are never constructed
  --> crates\devsweep-cli\src\tui\shell\mod.rs:18:5
   |
16 | enum ModeId {
   |      ------ variants in this enum
17 |     Clean,
18 |     Software,
   |     ^^^^^^^^
19 |     Optimize,
   |     ^^^^^^^^
20 |     Analyze,
   |     ^^^^^^^
21 |     Status,
   |     ^^^^^^
   |
   = note: `ModeId` has derived impls for the traits `Clone` and `Debug`, but these are intentionally ignored during dead code analysis
   = note: `#[warn(dead_code)]` (part of `#[warn(unused)]`) on by default

warning: associated items `ALL` and `message_key` are never used
  --> crates\devsweep-cli\src\tui\shell\mod.rs:25:11
   |
24 | impl ModeId {
   | ----------- associated items in this implementation
25 |     const ALL: [Self; 5] = [
   |           ^^^
...
33 |     const fn message_key(self) -> &'static str {
   |              ^^^^^^^^^^^

warning: struct `NavigationItem` is never constructed
  --> crates\devsweep-cli\src\tui\shell\mod.rs:56:8
   |
56 | struct NavigationItem {
   |        ^^^^^^^^^^^^^^

warning: fields `locale`, `registrations`, and `active` are never read
  --> crates\devsweep-cli\src\tui\shell\mod.rs:65:5
   |
64 | pub(super) struct TuiShell {
   |                   -------- fields in this struct
65 |     locale: Locale,
   |     ^^^^^^
66 |     registrations: Vec<ModeRegistration>,
   |     ^^^^^^^^^^^^^
67 |     active: ModeId,
   |     ^^^^^^

warning: methods `navigation`, `switch_to`, and `save_language` are never used
   --> crates\devsweep-cli\src\tui\shell\mod.rs:79:8
    |
 70 | impl TuiShell {
    | ------------- methods in this implementation
...
 79 |     fn navigation(&self) -> Result<Vec<NavigationItem>> {
    |        ^^^^^^^^^^
...
 93 |     fn switch_to(&mut self, mode: ModeId, coordinator: &mut OperationCoordinator) -> Result<()> {
    |        ^^^^^^^^^
...
106 |     fn save_language(&mut self, locale: Locale) -> Result<()> {
    |        ^^^^^^^^^^^^^

warning: function `persisted_locale` is never used
   --> crates\devsweep-cli\src\tui\shell\mod.rs:133:4
    |
133 | fn persisted_locale() -> Result<Option<Locale>> {
    |    ^^^^^^^^^^^^^^^^

warning: struct `ActiveOperation` is never constructed
   --> crates\devsweep-cli\src\tui\shell\mod.rs:137:8
    |
137 | struct ActiveOperation {
    |        ^^^^^^^^^^^^^^^

warning: struct `OperationCoordinator` is never constructed
   --> crates\devsweep-cli\src\tui\shell\mod.rs:146:8
    |
146 | struct OperationCoordinator {
    |        ^^^^^^^^^^^^^^^^^^^^

warning: methods `start`, `complete`, `cancel_and_join`, and `close` are never used
   --> crates\devsweep-cli\src\tui\shell\mod.rs:152:8
    |
151 | impl OperationCoordinator {
    | ------------------------- methods in this implementation
152 |     fn start(&mut self, operation: ActiveOperation) -> Result<()> {
    |        ^^^^^
...
161 |     fn complete(&mut self, id: &str) -> Result<bool> {
    |        ^^^^^^^^
...
176 |     fn cancel_and_join(&mut self) -> Result<()> {
    |        ^^^^^^^^^^^^^^^
...
188 |     fn close(&mut self) -> Result<()> {
    |        ^^^^^

warning: `devsweep-cli` (lib) generated 9 warnings
    Finished `dev` profile [unoptimized + debuginfo] target(s) in 3.55s
cargo test --workspace --locked --all-targets
   Compiling devsweep-core v0.2.0 (D:\Documents\Code\Rust\Exp\devsweep\crates\devsweep-core)
   Compiling devsweep-cli v0.2.0 (D:\Documents\Code\Rust\Exp\devsweep\crates\devsweep-cli)
   Compiling devsweep-desktop v0.2.0 (D:\Documents\Code\Rust\Exp\devsweep\desktop\src-tauri)
warning: variants `Software`, `Optimize`, `Analyze`, and `Status` are never constructed
  --> crates\devsweep-cli\src\tui\shell\mod.rs:18:5
   |
16 | enum ModeId {
   |      ------ variants in this enum
17 |     Clean,
18 |     Software,
   |     ^^^^^^^^
19 |     Optimize,
   |     ^^^^^^^^
20 |     Analyze,
   |     ^^^^^^^
21 |     Status,
   |     ^^^^^^
   |
   = note: `ModeId` has derived impls for the traits `Clone` and `Debug`, but these are intentionally ignored during dead code analysis
   = note: `#[warn(dead_code)]` (part of `#[warn(unused)]`) on by default

warning: associated items `ALL` and `message_key` are never used
  --> crates\devsweep-cli\src\tui\shell\mod.rs:25:11
   |
24 | impl ModeId {
   | ----------- associated items in this implementation
25 |     const ALL: [Self; 5] = [
   |           ^^^
...
33 |     const fn message_key(self) -> &'static str {
   |              ^^^^^^^^^^^

warning: struct `NavigationItem` is never constructed
  --> crates\devsweep-cli\src\tui\shell\mod.rs:56:8
   |
56 | struct NavigationItem {
   |        ^^^^^^^^^^^^^^

warning: fields `locale`, `registrations`, and `active` are never read
  --> crates\devsweep-cli\src\tui\shell\mod.rs:65:5
   |
64 | pub(super) struct TuiShell {
   |                   -------- fields in this struct
65 |     locale: Locale,
   |     ^^^^^^
66 |     registrations: Vec<ModeRegistration>,
   |     ^^^^^^^^^^^^^
67 |     active: ModeId,
   |     ^^^^^^

warning: methods `navigation`, `switch_to`, and `save_language` are never used
   --> crates\devsweep-cli\src\tui\shell\mod.rs:79:8
    |
 70 | impl TuiShell {
    | ------------- methods in this implementation
...
 79 |     fn navigation(&self) -> Result<Vec<NavigationItem>> {
    |        ^^^^^^^^^^
...
 93 |     fn switch_to(&mut self, mode: ModeId, coordinator: &mut OperationCoordinator) -> Result<()> {
    |        ^^^^^^^^^
...
106 |     fn save_language(&mut self, locale: Locale) -> Result<()> {
    |        ^^^^^^^^^^^^^

warning: function `persisted_locale` is never used
   --> crates\devsweep-cli\src\tui\shell\mod.rs:133:4
    |
133 | fn persisted_locale() -> Result<Option<Locale>> {
    |    ^^^^^^^^^^^^^^^^

warning: struct `ActiveOperation` is never constructed
   --> crates\devsweep-cli\src\tui\shell\mod.rs:137:8
    |
137 | struct ActiveOperation {
    |        ^^^^^^^^^^^^^^^

warning: struct `OperationCoordinator` is never constructed
   --> crates\devsweep-cli\src\tui\shell\mod.rs:146:8
    |
146 | struct OperationCoordinator {
    |        ^^^^^^^^^^^^^^^^^^^^

warning: methods `start`, `complete`, `cancel_and_join`, and `close` are never used
   --> crates\devsweep-cli\src\tui\shell\mod.rs:152:8
    |
151 | impl OperationCoordinator {
    | ------------------------- methods in this implementation
152 |     fn start(&mut self, operation: ActiveOperation) -> Result<()> {
    |        ^^^^^
...
161 |     fn complete(&mut self, id: &str) -> Result<bool> {
    |        ^^^^^^^^
...
176 |     fn cancel_and_join(&mut self) -> Result<()> {
    |        ^^^^^^^^^^^^^^^
...
188 |     fn close(&mut self) -> Result<()> {
    |        ^^^^^

warning: `devsweep-cli` (lib) generated 9 warnings
warning: linker stdout: 正在创建库 D:\Documents\Code\Rust\Exp\devsweep\target\debug\deps\devsweep_desktop_lib.dll.lib 和对象 D:\Documents\Code\Rust\Exp\devsweep\target\debug\deps\devsweep_desktop_lib.dll.exp
  |
  = note: `#[warn(linker_messages)]` on by default

warning: `devsweep-desktop` (lib) generated 1 warning
    Finished `test` profile [unoptimized + debuginfo] target(s) in 17.09s
     Running unittests src\lib.rs (target\debug\deps\devsweep-bf9cd558e9784cd0.exe)
     Running unittests src\main.rs (target\debug\deps\devsweep-2851853c80183705.exe)
     Running unittests src\bin\process_fixture.rs (target\debug\deps\process_fixture-b7861cb533d0d237.exe)
     Running tests\cli_contract.rs (target\debug\deps\cli_contract-b5bd3e48d18063b0.exe)
     Running unittests src\lib.rs (target\debug\deps\devsweep_core-a415c73a15415fa1.exe)
error: test failed, to rerun pass `-p devsweep-core --lib`
error: recipe `test` failed on line 18 with exit code 1
running 99 tests
test i18n::tests::binary_formatter_covers_boundaries_without_floating_point ... ok
test application::commands::tests::frozen_module_tree_is_compiler_registered ... ok
test application::output::tests::machine_error_envelope_has_stable_locale_neutral_fields ... ok
test application::output::tests::broken_pipe_cancels_and_joins_without_another_write ... ok
test application::presentation::tests::renderer_tree_is_frozen_without_domain_implementations ... ok
test application::output::tests::non_broken_write_failure_records_producer_error_and_joins ... ok
test i18n::tests::duplicate_accelerators_are_rejected_within_one_group ... ok
test application::commands::tests::staged_commands_fail_closed_instead_of_running_legacy_handlers ... ok
test i18n::tests::human_golden_fixtures_are_owned_by_the_canonical_catalogues ... ok
test i18n::tests::locale_resolution_and_presentation_tag_boundary_are_closed ... ok
test i18n::tests::embedded_catalogues_have_exact_schema_parity ... ok
test i18n::tests::long_user_data_is_returned_in_full_by_the_catalogue ... ok
test application::cli::tests::repeated_roots_and_selections_preserve_command_line_order ... ok
test i18n::tests::plural_selection_and_interpolation_are_locale_specific_and_injection_safe ... ok
test application::tests::bare_invocation_requires_both_terminal_streams ... ok
test i18n::tests::shell_metadata_facade_exposes_exact_locale_specific_contracts ... ok
test tui::app::tests::active_cleanup_rejects_new_scan_and_cleanup_requests ... ok
test application::cli::tests::rescan_requires_one_project_containing_root ... ok
test application::cli::tests::semantic_validation_rejects_machine_language_and_path_collisions ... ok
test tui::app::tests::cancellation_key_requests_active_job_cancellation ... ok
test application::cli::tests::cli_definition_is_valid ... ok
test tui::app::tests::cancelling_job_ignores_late_progress_events ... ok
test application::cli::tests::removed_roots_are_unknown_commands ... ok
test tui::app::tests::byte_summaries_count_duplicate_paths_once ... ok
test tui::app::tests::completed_scan_keeps_partial_health_and_capacity_totals_in_state ... ok
test tui::app::tests::accepted_confirmation_keeps_explicit_fresh_target_selection ... ok
test tui::app::tests::accepted_confirmation_executes_its_frozen_manifest ... ok
test tui::app::tests::canceled_scan_targets_remain_preview_only_until_a_later_scan_finishes ... ok
test application::tests::human_live_requires_stdout_tty_but_ndjson_does_not ... ok
test tui::app::tests::inspect_only_targets_are_not_selectable_for_cleanup ... ok
test tui::app::tests::accepted_confirmation_emits_selected_clean_plan ... ok
test tui::app::tests::inventory_report_is_display_only_and_cannot_change_cleanup_selection ... ok
test application::output::tests::output_files_use_exclusive_create_new_without_truncation ... ok
test tui::app::tests::clean_confirmation_copy_differs_by_action_strength ... ok
test tui::app::tests::scan_progress_applies_latest_cumulative_partial_plan ... ok
test tui::app::tests::completed_scan_replaces_preview_and_reapplies_final_defaults ... ok
test tui::app::tests::pycache_groups_collapse_without_changing_target_selection_or_identity ... ok
test tui::app::tests::quit_during_active_job_opens_confirm_instead_of_detaching ... ok
test tui::app::tests::stale_scan_updates_do_not_overwrite_newer_scan_results ... ok
test application::cli::tests::english_and_chinese_references_exactly_match_the_clap_manifest ... ok
test tui::app::tests::startup_default_selection_follows_selected_by_default_even_for_self_targets ... ok
test tui::app::tests::startup_effects_request_an_initial_scan ... ok
test application::cli::tests::built_tree_and_real_parser_preserve_inherited_language_semantics ... ok
test application::tests::chinese_help_detection_requires_an_explicit_supported_flag ... ok
test tui::app::tests::successful_cleanup_tombstones_target_until_rescan ... ok
test tui::app::tests::update_keeps_scan_preview_read_only_then_restores_completed_selection ... ok
test tui::app::tests::terminal_jobs_ignore_late_worker_events ... ok
test tui::app::tests::worker_events_update_jobs_and_targets ... ok
test tui::display::tests::command_preview_quotes_and_sanitizes_argv ... ok
... (258 lines truncated)
[full output: "$HOME/AppData/Local/rtk/tee/1788051275_just_ci.log"]
