COMMAND=rtk npm test -- src/lifecycle.test.ts src/App.test.tsx
 RUN  v3.2.7 D:/Documents/Code/Rust/Exp/devsweep/desktop
 ✓ src/lifecycle.test.ts (5 tests) 58ms
 ✓ src/App.test.tsx (33 tests) 4330ms
   ✓ desktop workflow > invalidates a dry run after selection changes, then confirms and reports execution  499ms
 Test Files  2 passed (2)
      Tests  38 passed (38)
   Start at  16:10:46
   Duration  6.30s (transform 176ms, setup 291ms, collect 432ms, tests 4.39s, environment 947ms, prepare 124ms)
TEST_EXIT=0
COMMAND=rtk npm run build
vite v7.3.6 building client environment for production...
transforming...
✓ 55 modules transformed.
rendering chunks...
computing gzip size...
dist/index.html                                  0.39 kB │ gzip:  0.26 kB
dist/assets/devsweep-icon-master-Bn2Ejx_Y.png  956.58 kB
dist/assets/index-CrMOQeTf.css                  13.79 kB │ gzip:  3.78 kB
dist/assets/index-DpajNOb2.js                  274.88 kB │ gzip: 81.73 kB
✓ built in 581ms
BUILD_EXIT=0
