cd desktop; npm run tauri -- build
npm notice run devsweep-desktop-ui@0.2.0 tauri
npm notice run tauri build
        Info Looking up installed tauri packages to check mismatched versions...
     Running beforeBuildCommand `npm run build`
npm notice run devsweep-desktop-ui@0.2.0 build
npm notice run tsc --noEmit && vite build
   Compiling devsweep-desktop v0.2.0 (D:\Documents\Code\Rust\Exp\devsweep\desktop\src-tauri)
warning: linker stdout: 正在创建库 D:\Documents\Code\Rust\Exp\devsweep\target\release\deps\devsweep_desktop_lib.dll.lib 和对象 D:\Documents\Code\Rust\Exp\devsweep\target\release\deps\devsweep_desktop_lib.dll.exp
  |
  = note: `#[warn(linker_messages)]` on by default

warning: `devsweep-desktop` (lib) generated 1 warning
    Finished `release` profile [optimized] target(s) in 2m 13s
       Built application at: D:\Documents\Code\Rust\Exp\devsweep\target\release\devsweep-desktop.exe
        Info Patching D:\Documents\Code\Rust\Exp\devsweep\target\release\devsweep-desktop.exe with bundle type information: nsis
        Info Target: x64
     Running makensis to produce D:\Documents\Code\Rust\Exp\devsweep\target\release\bundle\nsis\devsweep_0.2.0_x64-setup.exe
    Finished 1 bundle at:
        D:\Documents\Code\Rust\Exp\devsweep\target\release\bundle\nsis\devsweep_0.2.0_x64-setup.exe

vite v7.3.6 building client environment for production...
transforming...
✓ 55 modules transformed.
rendering chunks...
computing gzip size...
dist/index.html                                  0.39 kB │ gzip:  0.26 kB
dist/assets/devsweep-icon-master-Bn2Ejx_Y.png  956.58 kB
dist/assets/index-CrMOQeTf.css                  13.79 kB │ gzip:  3.78 kB
dist/assets/index-Bjr34FYq.js                  274.90 kB │ gzip: 81.74 kB
✓ built in 547ms
