COMMAND: git diff --check
CWD: D:\Documents\Code\Rust\Exp\devsweep
STARTED: 2026-08-31T16:58:26.1654954+08:00


warning: in the working copy of 'crates/devsweep-cli/src/tui/app/events.rs', LF will be replaced by CRLF the next time Git touches it
warning: in the working copy of 'crates/devsweep-cli/src/tui/app/input.rs', LF will be replaced by CRLF the next time Git touches it
warning: in the working copy of 'crates/devsweep-cli/src/tui/app/jobs.rs', LF will be replaced by CRLF the next time Git touches it
warning: in the working copy of 'crates/devsweep-cli/src/tui/app/mod.rs', LF will be replaced by CRLF the next time Git touches it
warning: in the working copy of 'crates/devsweep-cli/src/tui/app/worker.rs', LF will be replaced by CRLF the next time Git touches it
warning: in the working copy of 'crates/devsweep-cli/src/tui/modes/mod.rs', LF will be replaced by CRLF the next time Git touches it
warning: in the working copy of 'crates/devsweep-cli/src/tui/render/jobs.rs', LF will be replaced by CRLF the next time Git touches it
warning: in the working copy of 'crates/devsweep-cli/src/tui/render/mod.rs', LF will be replaced by CRLF the next time Git touches it
warning: in the working copy of 'crates/devsweep-cli/src/tui/runtime/mod.rs', LF will be replaced by CRLF the next time Git touches it
warning: in the working copy of 'crates/devsweep-cli/src/tui/runtime/workers.rs', LF will be replaced by CRLF the next time Git touches it
warning: in the working copy of 'crates/devsweep-cli/src/tui/shell/mod.rs', LF will be replaced by CRLF the next time Git touches it
warning: in the working copy of 'crates/devsweep-core/src/status/mod.rs', LF will be replaced by CRLF the next time Git touches it
warning: in the working copy of 'desktop/scripts/generate-types.mjs', LF will be replaced by CRLF the next time Git touches it
warning: in the working copy of 'desktop/src-tauri/src/error.rs', LF will be replaced by CRLF the next time Git touches it
warning: in the working copy of 'desktop/src-tauri/src/lib.rs', LF will be replaced by CRLF the next time Git touches it
warning: in the working copy of 'desktop/src/App.tsx', LF will be replaced by CRLF the next time Git touches it
warning: in the working copy of 'desktop/src/api/bridge.ts', LF will be replaced by CRLF the next time Git touches it
warning: in the working copy of 'desktop/src/api/contract.test.ts', LF will be replaced by CRLF the next time Git touches it
warning: in the working copy of 'desktop/src/api/contract.ts', LF will be replaced by CRLF the next time Git touches it
warning: in the working copy of 'desktop/src/api/fixture-bridge.ts', LF will be replaced by CRLF the next time Git touches it
warning: in the working copy of 'desktop/src/api/fixtures/contract-variants.json', LF will be replaced by CRLF the next time Git touches it
warning: in the working copy of 'desktop/src/api/types.gen.ts', LF will be replaced by CRLF the next time Git touches it
warning: in the working copy of 'desktop/src/components/ErrorBanner.tsx', LF will be replaced by CRLF the next time Git touches it
warning: in the working copy of 'desktop/src/modes/analyze/render-benchmark.tsx', LF will be replaced by CRLF the next time Git touches it
warning: in the working copy of 'resources/i18n/en.json', LF will be replaced by CRLF the next time Git touches it
warning: in the working copy of 'resources/i18n/zh-CN.json', LF will be replaced by CRLF the next time Git touches it

EXIT: 0
