COMMAND: rtk just ci
CWD: D:\Documents\Code\Rust\Exp\devsweep
STARTED: 2026-08-31T17:18:03.7210869+08:00
cargo fmt --all -- --check
cargo update --offline --package devsweep-core --package devsweep-cli
     Locking 0 packages to latest Rust 1.88.0 compatible versions
note: pass `--verbose` to see 62 unchanged dependencies behind latest
cargo check --workspace --locked --all-targets
    Checking devsweep-core v0.2.0 (D:\Documents\Code\Rust\Exp\devsweep\crates\devsweep-core)
    Checking devsweep-cli v0.2.0 (D:\Documents\Code\Rust\Exp\devsweep\crates\devsweep-cli)
    Checking devsweep-desktop v0.2.0 (D:\Documents\Code\Rust\Exp\devsweep\desktop\src-tauri)
    Finished `dev` profile [unoptimized + debuginfo] target(s) in 3.76s
cargo test --workspace --locked --all-targets
   Compiling devsweep-core v0.2.0 (D:\Documents\Code\Rust\Exp\devsweep\crates\devsweep-core)
   Compiling devsweep-cli v0.2.0 (D:\Documents\Code\Rust\Exp\devsweep\crates\devsweep-cli)
   Compiling devsweep-desktop v0.2.0 (D:\Documents\Code\Rust\Exp\devsweep\desktop\src-tauri)
    Finished `test` profile [unoptimized + debuginfo] target(s) in 14.47s
     Running unittests src\lib.rs (target\debug\deps\devsweep-9dd395f060ec21fc.exe)
     Running unittests src\main.rs (target\debug\deps\devsweep-85765634e684ab1e.exe)
     Running unittests src\bin\process_fixture.rs (target\debug\deps\process_fixture-ed303a2995ea30bd.exe)
     Running tests\cli_contract.rs (target\debug\deps\cli_contract-75ccf4103f863faf.exe)
     Running unittests src\lib.rs (target\debug\deps\devsweep_core-b55684792db80d2d.exe)
     Running tests\public_api.rs (target\debug\deps\public_api-5a7aa48b93679573.exe)
     Running unittests src\lib.rs (target\debug\deps\devsweep_desktop_lib-713823eb8ec71f30.exe)
     Running unittests src\main.rs (target\debug\deps\devsweep_desktop-a41b0ad7bbe4bada.exe)
cargo clippy --workspace --locked --all-targets -- -D warnings
    Checking devsweep-core v0.2.0 (D:\Documents\Code\Rust\Exp\devsweep\crates\devsweep-core)
    Checking devsweep-cli v0.2.0 (D:\Documents\Code\Rust\Exp\devsweep\crates\devsweep-cli)
    Checking devsweep-desktop v0.2.0 (D:\Documents\Code\Rust\Exp\devsweep\desktop\src-tauri)
error: large size difference between variants
  --> desktop\src-tauri\src\status.rs:18:1
   |
18 | /   pub(crate) enum DesktopStatusSnapshotResult {
19 | | /     Completed {
20 | | |         operation_id: String,
21 | | |         snapshot: StatusSnapshotV1,
22 | | |     },
   | | |_____- the largest variant contains at least 504 bytes
23 | | /     Canceled {
24 | | |         operation_id: String,
25 | | |     },
   | | |_____- the second-largest variant contains at least 24 bytes
26 | |   }
   | |___^ the entire enum is at least 504 bytes
   |
   = help: for further information visit https://rust-lang.github.io/rust-clippy/rust-1.98.0/index.html#large_enum_variant
   = note: `-D clippy::large-enum-variant` implied by `-D warnings`
   = help: to override `-D warnings` add `#[allow(clippy::large_enum_variant)]`
help: consider boxing the large fields or introducing indirection in some other way to reduce the total size of the enum
   |
21 -         snapshot: StatusSnapshotV1,
21 +         snapshot: Box<StatusSnapshotV1>,
   |

error: large size difference between variants
   --> crates\devsweep-cli\src\tui\modes\status\mod.rs:128:1
    |
128 | /   pub(in crate::tui) enum StatusAction {
129 | |       SnapshotStarted(JobId),
130 | | /     SnapshotFinished {
131 | | |         job_id: JobId,
132 | | |         snapshot: StatusSnapshotV1,
133 | | |     },
    | | |_____- the largest variant contains at least 488 bytes
134 | |       LiveStarted(JobId),
135 | | /     LiveEvent {
136 | | |         job_id: JobId,
137 | | |         event: StatusEventV1,
138 | | |     },
    | | |_____- the second-largest variant contains at least 88 bytes
...   |
149 | |       Released,
150 | |   }
    | |___^ the entire enum is at least 488 bytes
    |
    = help: for further information visit https://rust-lang.github.io/rust-clippy/rust-1.98.0/index.html#large_enum_variant
    = note: `-D clippy::large-enum-variant` implied by `-D warnings`
    = help: to override `-D warnings` add `#[allow(clippy::large_enum_variant)]`
help: consider boxing the large fields or introducing indirection in some other way to reduce the total size of the enum
    |
132 -         snapshot: StatusSnapshotV1,
132 +         snapshot: Box<StatusSnapshotV1>,
    |

error: could not compile `devsweep-desktop` (lib) due to 1 previous error
warning: build failed, waiting for other jobs to finish...
error: could not compile `devsweep-cli` (lib) due to 1 previous error
error: could not compile `devsweep-desktop` (lib test) due to 1 previous error
error: could not compile `devsweep-cli` (lib test) due to 1 previous error
error: recipe `clippy` failed on line 21 with exit code 1
running 171 tests
test application::commands::optimize::tests::plan_error_mapping_is_typed_by_exit_class ... ok
test application::commands::software::execution::tests::emitted_failure_uses_one_machine_document_and_preserves_failed_exit ... ok
test application::cli::tests::repeated_roots_and_selections_preserve_command_line_order ... ok
test application::cli::tests::rescan_requires_one_project_containing_root ... ok
test application::cli::tests::semantic_validation_rejects_machine_language_and_path_collisions ... ok
{"command":"clean.preview","data":{"digest":"sha256:f4143ffcb2b426f9e4830474b4b87b367acb1c75795d6f49ee51d01d5c6792a9","report":{"attempted":0,"audi...
test application::cli::tests::removed_roots_are_unknown_commands ... ok
test application::cli::tests::cli_definition_is_valid ... ok
test application::commands::software::inventory::tests::truthful_last_used_shape_is_not_relabelled_by_the_cli ... ok
test application::commands::status::tests::broken_pipe_classifier_is_success ... ok
test application::commands::status::tests::coordinator_refusal_is_unavailable ... ok
test application::cli::tests::english_and_chinese_references_exactly_match_the_clap_manifest ... ok
test application::commands::tests::frozen_module_tree_is_compiler_registered ... ok
test application::cli::tests::built_tree_and_real_parser_preserve_inherited_language_semantics ... ok
test application::cli::tests::defaults_ranges_conflicts_and_authority_syntax_are_frozen ... ok
test application::cli::tests::every_frozen_root_and_nested_shape_parses ... ok
test application::commands::tests::staged_commands_fail_closed_instead_of_running_legacy_handlers ... ok
test application::cli::tests::set_true_flags_are_value_less_in_real_parser_and_chinese_help ... ok
test application::commands::tests::software_commands_reach_the_owned_handler ... ok
test application::commands::optimize::tests::hostile_plan_fields_fail_closed_without_echoing_payloads ... ok
test application::commands::clean::tests::preview_empty_plan_is_dry_run ... ok
test application::output::tests::broken_pipe_cancels_and_joins_without_another_write ... ok
test application::output::tests::machine_error_envelope_has_stable_locale_neutral_fields ... ok
test application::commands::tests::optimize_commands_reach_the_owned_handler ... ok
test application::output::tests::non_broken_write_failure_records_producer_error_and_joins ... ok
test application::presentation::optimize::tests::guidance_has_no_run_action_and_settings_is_not_execution ... ok
test application::commands::clean::tests::plan_rejects_inspect_only_selection ... ok
test application::presentation::clean::tests::empty_scan_is_truthful_in_both_locales ... ok
test application::presentation::software::tests::software_inventory_summary_is_bilingual ... ok
test application::presentation::analyze::tests::bilingual_snapshots_use_owned_renderer ... ok
test application::presentation::status::tests::bilingual_snapshot_keeps_privacy_and_availability ... ok
test application::presentation::optimize::tests::preview_and_execution_state_launched_is_not_completion ... ok
test application::presentation::optimize::tests::catalogue_is_bilingual_and_lists_all_eight_rows ... ok
test application::presentation::tests::renderer_tree_is_frozen_without_domain_implementations ... ok
test application::tests::non_interactive_resolution_remains_explicit_then_os_then_english ... ok
test i18n::tests::binary_formatter_covers_boundaries_without_floating_point ... ok
test i18n::tests::canonical_shell_v1_namespace_has_exact_copy_and_closed_metadata ... ok
test application::tests::bare_invocation_requires_both_terminal_streams ... ok
test i18n::tests::human_golden_fixtures_are_owned_by_the_canonical_catalogues ... ok
test i18n::tests::locale_resolution_and_presentation_tag_boundary_are_closed ... ok
test application::tests::human_live_requires_stdout_tty_but_ndjson_does_not ... ok
test i18n::tests::long_user_data_is_returned_in_full_by_the_catalogue ... ok
test i18n::tests::plural_selection_and_interpolation_are_locale_specific_and_injection_safe ... ok
test application::commands::clean::tests::stale_execute_is_invalid_authority ... ok
test application::commands::software::execution::tests::hostile_plan_fields_fail_closed_before_any_live_or_adapter_call ... ok
test tui::app::tests::active_cleanup_rejects_new_scan_and_cleanup_requests ... ok
test tui::app::tests::accepted_confirmation_executes_its_frozen_manifest ... ok
test application::commands::optimize::tests::plan_writes_versioned_single_id_json_and_rejects_selections ... ok
test application::tests::chinese_help_detection_requires_an_explicit_supported_flag ... ok
... (498 lines truncated)
[full output: "$HOME/AppData/Local/rtk/tee/1788167923_just_ci.log"]

EXIT: 1
FINISHED: 2026-08-31T17:18:43.1301561+08:00
