cd desktop; npm run types:generate; npm run lint; npm run typecheck; npm test; npm run build
npm notice run devsweep-desktop-ui@0.2.0 types:generate
npm notice run node scripts/generate-types.mjs
npm notice run devsweep-desktop-ui@0.2.0 lint
npm notice run eslint .
npm notice run devsweep-desktop-ui@0.2.0 typecheck
npm notice run tsc --noEmit
npm notice run devsweep-desktop-ui@0.2.0 test
npm notice run vitest run
npm notice run devsweep-desktop-ui@0.2.0 build
npm notice run tsc --noEmit && vite build
generated src/api/types.gen.ts from 32 named fixture files
 RUN  v3.2.7 D:/Documents/Code/Rust/Exp/devsweep/desktop
 鉁?src/modes/analyze/selectors.test.ts (2 tests) 5ms
 鉁?src/modes/analyze/treemap.test.ts (3 tests) 8ms
 鉁?src/modes/analyze/parity.test.ts (1 test) 4ms
 鉁?src/app-shell/operation-coordinator.test.ts (6 tests) 64ms
 鉁?src/lifecycle.test.ts (4 tests) 64ms
 鉁?src/i18n/index.test.ts (5 tests) 7ms
 鉁?src/modes/software/parity.test.ts (2 tests) 4ms
 鉁?src/state/app-state.test.ts (10 tests) 5ms
 鉁?src/pages/ScanPage.test.tsx (2 tests) 130ms
 鉁?src/components/TargetTable.test.tsx (1 test) 125ms
 鉁?src/api/bridge.test.ts (4 tests) 8ms
 鉁?src/modes/status/state.test.ts (3 tests) 4ms
 鉁?src/modes/software/state.test.ts (4 tests) 4ms
 鉁?src/api/contract.test.ts (27 tests) 7ms
 鉁?src/modes/optimize/state.test.ts (4 tests) 3ms
 鉁?src/api/fixture-bridge.test.ts (3 tests) 4ms
 鉁?src/modes/status/parity.test.ts (2 tests) 3ms
 鉁?src/styles.test.ts (4 tests) 2ms
 鉁?src/modes/optimize/parity.test.ts (2 tests) 2ms
 鉁?src/modes/status/StatusWorkbench.test.tsx (3 tests) 308ms
 鉁?src/modes/clean/reducer.test.ts (1 test) 2ms
 鉁?src/modes/analyze/state.test.ts (2 tests) 2ms
 鉁?src/modes/software/SoftwareWorkbench.test.tsx (2 tests) 528ms
   鉁?SoftwareWorkbench > renders manual rows, exact identity detail, preview, and second confirmation  469ms
 鉁?src/app-shell/AppShell.test.tsx (15 tests) 1093ms
 鉁?src/modes/optimize/OptimizeWorkbench.test.tsx (3 tests) 641ms
   鉁?OptimizeWorkbench > renders closed badges, refuses guidance run, and requires Settings confirmation  574ms
 鉁?src/api/types-generation.test.ts (2 tests) 2159ms
   鉁?IPC type generation > is deterministic, committed, ASCII, and type-only  1118ms
   鉁?IPC type generation > changes when a named fixture changes  1040ms
 鉁?src/modes/analyze/AnalyzePage.test.tsx (6 tests) 1614ms
   鉁?AnalyzePage > restores the focused directory on its canonical 200-row parent page  661ms
   鉁?AnalyzePage > covers empty/loading/canceling/canceled/partial/error/complete copy in 'zh-CN'  307ms
 鉁?src/App.test.tsx (34 tests) 4314ms
   鉁?desktop workflow > keeps scan IPC arguments locale-neutral across presentation changes  308ms
   鉁?desktop workflow > invalidates a dry run after selection changes, then confirms and reports execution  485ms
   鉁?desktop workflow > orders real bridge scan, dry-run, and execute starts after old cancel and join  307ms
 Test Files  28 passed (28)
      Tests  157 passed (157)
   Start at  17:00:46
   Duration  7.93s (transform 2.98s, setup 7.35s, collect 12.50s, tests 11.11s, environment 26.89s, prepare 3.35s)
vite v7.3.6 building client environment for production...
transforming...
鉁?105 modules transformed.
rendering chunks...
computing gzip size...
dist/index.html                                  0.39 kB 鈹?gzip:   0.26 kB
dist/assets/devsweep-icon-master-Bn2Ejx_Y.png  956.58 kB
... (3 lines truncated)
[see remaining: tail -n +51 "$HOME/AppData/Local/rtk/tee/1788166857_just_desktop-web-check.log"]
