generated src/api/types.gen.ts from 11 named fixture files

[1m[46m RUN [49m[22m [36mv3.2.7 [39m[90mD:/Documents/Code/Rust/Exp/devsweep/desktop[39m

 [32m✓[39m src/styles.test.ts [2m([22m[2m4 tests[22m[2m)[22m[32m 2[2mms[22m[39m
 [32m✓[39m src/i18n/index.test.ts [2m([22m[2m5 tests[22m[2m)[22m[32m 6[2mms[22m[39m
 [32m✓[39m src/api/contract.test.ts [2m([22m[2m14 tests[22m[2m)[22m[32m 6[2mms[22m[39m
 [32m✓[39m src/modes/clean/reducer.test.ts [2m([22m[2m1 test[22m[2m)[22m[32m 2[2mms[22m[39m
 [32m✓[39m src/state/app-state.test.ts [2m([22m[2m10 tests[22m[2m)[22m[32m 5[2mms[22m[39m
 [32m✓[39m src/api/bridge.test.ts [2m([22m[2m3 tests[22m[2m)[22m[32m 5[2mms[22m[39m
 [32m✓[39m src/api/fixture-bridge.test.ts [2m([22m[2m3 tests[22m[2m)[22m[32m 5[2mms[22m[39m
 [32m✓[39m src/lifecycle.test.ts [2m([22m[2m4 tests[22m[2m)[22m[32m 63[2mms[22m[39m
 [32m✓[39m src/app-shell/operation-coordinator.test.ts [2m([22m[2m6 tests[22m[2m)[22m[32m 72[2mms[22m[39m
 [32m✓[39m src/pages/ScanPage.test.tsx [2m([22m[2m1 test[22m[2m)[22m[32m 135[2mms[22m[39m
 [32m✓[39m src/app-shell/AppShell.test.tsx [2m([22m[2m15 tests[22m[2m)[22m[33m 1126[2mms[22m[39m
 [32m✓[39m src/api/types-generation.test.ts [2m([22m[2m2 tests[22m[2m)[22m[33m 1771[2mms[22m[39m
   [33m[2m✓[22m[39m IPC type generation[2m > [22mis deterministic, committed, ASCII, and type-only [33m 939[2mms[22m[39m
   [33m[2m✓[22m[39m IPC type generation[2m > [22mchanges when a named fixture changes [33m 831[2mms[22m[39m
 [32m✓[39m src/App.test.tsx [2m([22m[2m33 tests[22m[2m)[22m[33m 4266[2mms[22m[39m
   [33m[2m✓[22m[39m desktop workflow[2m > [22minvalidates a dry run after selection changes, then confirms and reports execution [33m 462[2mms[22m[39m
   [33m[2m✓[22m[39m desktop workflow[2m > [22morders real bridge scan, dry-run, and execute starts after old cancel and join [33m 301[2mms[22m[39m

[2m Test Files [22m [1m[32m13 passed[39m[22m[90m (13)[39m
[2m      Tests [22m [1m[32m101 passed[39m[22m[90m (101)[39m
[2m   Start at [22m 22:59:19
[2m   Duration [22m 7.40s[2m (transform 1.02s, setup 2.32s, collect 2.59s, tests 7.47s, environment 12.81s, prepare 1.46s)[22m

[36mvite v7.3.6 [32mbuilding client environment for production...[36m[39m
transforming...
[32m✓[39m 65 modules transformed.
rendering chunks...
computing gzip size...
[2mdist/[22m[32mindex.html                                [39m[1m[2m  0.39 kB[22m[1m[22m[2m │ gzip:  0.26 kB[22m
[2mdist/[22m[32massets/devsweep-icon-master-Bn2Ejx_Y.png  [39m[1m[2m956.58 kB[22m[1m[22m
[2mdist/[22m[35massets/index-CrMOQeTf.css                 [39m[1m[2m 13.79 kB[22m[1m[22m[2m │ gzip:  3.78 kB[22m
[2mdist/[22m[36massets/index-CZT_MTXB.js                  [39m[1m[2m283.59 kB[22m[1m[22m[2m │ gzip: 83.38 kB[22m
[32m✓ built in 662ms[39m
cd desktop; npm run types:generate; npm run lint; npm run typecheck; npm test; npm run build
npm notice run devsweep-desktop-ui@0.2.0 types:generate
npm notice run node scripts/generate-types.mjs
npm notice run devsweep-desktop-ui@0.2.0 lint
npm notice run eslint .
npm notice run devsweep-desktop-ui@0.2.0 typecheck
npm notice run tsc --noEmit
npm notice run devsweep-desktop-ui@0.2.0 test
npm notice run vitest run
npm notice run devsweep-desktop-ui@0.2.0 build
npm notice run tsc --noEmit && vite build

exit=0
