cd desktop; npm run types:generate; npm run lint; npm run typecheck; npm test; npm run build
npm notice run devsweep-desktop-ui@0.2.0 types:generate
npm notice run node scripts/generate-types.mjs
npm notice run devsweep-desktop-ui@0.2.0 lint
npm notice run eslint .
npm notice run devsweep-desktop-ui@0.2.0 typecheck
npm notice run tsc --noEmit
npm notice run devsweep-desktop-ui@0.2.0 test
npm notice run vitest run
npm notice run devsweep-desktop-ui@0.2.0 build
npm notice run tsc --noEmit && vite build
generated src/api/types.gen.ts from 11 named fixture files
 RUN  v3.2.7 D:/Documents/Code/Rust/Exp/devsweep/desktop
 ✓ src/styles.test.ts (4 tests) 2ms
 ✓ src/modes/clean/reducer.test.ts (1 test) 2ms
 ✓ src/state/app-state.test.ts (10 tests) 5ms
 ✓ src/api/contract.test.ts (14 tests) 5ms
 ✓ src/app-shell/operation-coordinator.test.ts (6 tests) 63ms
 ✓ src/api/fixture-bridge.test.ts (3 tests) 5ms
 ✓ src/lifecycle.test.ts (4 tests) 57ms
 ✓ src/api/bridge.test.ts (3 tests) 5ms
 ✓ src/i18n/index.test.ts (5 tests) 7ms
 ✓ src/pages/ScanPage.test.tsx (2 tests) 154ms
 ✓ src/app-shell/AppShell.test.tsx (15 tests) 1065ms
 ✓ src/api/types-generation.test.ts (2 tests) 1638ms
   ✓ IPC type generation > is deterministic, committed, ASCII, and type-only  892ms
   ✓ IPC type generation > changes when a named fixture changes  745ms
 ✓ src/App.test.tsx (34 tests) 4209ms
   ✓ desktop workflow > keeps scan IPC arguments locale-neutral across presentation changes  309ms
   ✓ desktop workflow > invalidates a dry run after selection changes, then confirms and reports execution  470ms
   ✓ desktop workflow > orders real bridge scan, dry-run, and execute starts after old cancel and join  307ms
 Test Files  13 passed (13)
      Tests  103 passed (103)
   Start at  23:14:40
   Duration  7.09s (transform 1.04s, setup 2.67s, collect 2.57s, tests 7.22s, environment 11.82s, prepare 1.14s)
vite v7.3.6 building client environment for production...
transforming...
✓ 65 modules transformed.
rendering chunks...
computing gzip size...
dist/index.html                                  0.39 kB │ gzip:  0.26 kB
dist/assets/devsweep-icon-master-Bn2Ejx_Y.png  956.58 kB
dist/assets/index-CrMOQeTf.css                  13.79 kB │ gzip:  3.78 kB
dist/assets/index-DJZ8l-U9.js                  286.93 kB │ gzip: 83.05 kB
✓ built in 540ms

exit=0
