
running 39 tests
test execution::audit::tests::fixed_v1_path_never_selects_appdata_or_a_fallback ... ok
test execution::audit::tests::history_handoff_fixtures_cannot_recover_executable_text ... ok
test execution::tests::dry_run_does_not_call_command_or_trash_runners ... ok
test execution::tests::inspect_only_selection_is_rejected_before_audit_or_runner_calls ... ok
test execution::tests::cancel_flag_stops_later_targets_before_dispatch ... ok
test execution::tests::duplicate_selection_is_deduplicated_and_noted ... ok
test execution::tests::empty_selection_executes_nothing ... ok
test execution::tests::confirmation_digest_is_stable_and_sensitive_to_manifest_and_selection ... ok
test execution::audit::tests::unknown_version_and_corrupt_bytes_are_preserved ... ok
test execution::tests::execution_report_round_trips_with_outcomes_and_capacity_confidence ... ok
test execution::tests::permanent_delete_action_is_rejected_before_execution ... ok
test execution::audit::tests::legacy_appdata_journal_is_never_discovered ... ok
test execution::tests::stale_confirmation_rejects_before_audit_or_side_effects ... ok
test execution::audit::tests::execution_and_protection_records_are_redacted ... ok
test execution::safety::tests::current_exe_lookup_failure_is_fail_closed ... ok
test execution::safety::tests::user_protection_list_persists_canonical_entries_atomically ... ok
test execution::tests::process_command_runner_sanitizes_control_chars_on_failure ... ok
test execution::tests::unknown_ids_in_selection_are_rejected_atomically ... ok
test execution::tests::authorization_denial_is_audited_before_later_target_dispatch ... ok
test execution::tests::legacy_journal_bytes_fail_closed_and_are_preserved ... ok
test execution::tests::safety_skip_audit_failure_halts_before_later_side_effects ... ok
test execution::tests::command_action_uses_program_and_argv_without_shell_composition ... ok
test execution::tests::started_sync_failure_blocks_side_effect ... ok
test execution::tests::cancel_is_passed_into_command_runner_for_in_flight_termination ... ok
test execution::tests::terminal_audit_failure_reports_unknown_after_side_effect ... ok
test execution::tests::target_containing_running_executable_is_skipped_before_command_runs ... ok
test execution::safety::tests::denies_exact_nodes_and_protected_subtrees_with_categories ... ok
test execution::tests::explicit_selection_drives_execution ... ok
test execution::tests::once_ledger_rejects_a_duplicate_fingerprint_before_second_runner_call ... ok
test execution::safety::tests::ancestor_symlink_replacement_is_denied ... ok
test execution::tests::audit_records_success_and_failure_while_job_continues ... ok
test execution::safety::tests::allows_legal_descendants_under_home_and_scan_root ... ok
test execution::tests::trash_action_uses_only_path_from_cleanup_plan ... ok
test execution::tests::observed_execution_progress_reports_success_and_failure_outcomes ... ok
test execution::safety::tests::cloud_files_reparse_tags_deny_target_marker_and_ancestor ... ok
test execution::safety::tests::toctou_rejects_renamed_recreated_target_and_missing_marker ... ok
test execution::tests::observed_execution_reports_per_target_progress ... ok
test execution::tests::trash_failure_reports_target_and_continues_remaining_targets ... ok
test execution::audit::tests::lock_failure_leaves_journal_unmodified ... ok

test result: ok. 39 passed; 0 failed; 0 ignored; 0 measured; 146 filtered out; finished in 5.29s


running 0 tests

test result: ok. 0 passed; 0 failed; 0 ignored; 0 measured; 1 filtered out; finished in 0.00s

    Finished `test` profile [unoptimized + debuginfo] target(s) in 0.20s
     Running unittests src\lib.rs (target\debug\deps\devsweep_core-f40d9a71f6b92686.exe)
     Running tests\public_api.rs (target\debug\deps\public_api-96f5c095fa2d7274.exe)

exit=0
