command: read optimize.jsonl
cwd: D:\Documents\Code\Rust\Exp\devsweep
started: 2026-08-31T14:11:11.7024828+08:00
----- output -----
journal=D:\Documents\Code\Rust\Exp\devsweep\.trellis\tasks\08-29-optimize-cli-tui-desktop-native\evidence\native\lappdata\DevSweep\audit\v1\optimize.jsonl
sha256=D88F8EAC2FE69382ED2B6F9B604C519DF5A2A0772C40383121C944D678672963
redaction=REDACTED_OK no forbidden tokens
residue:
{"schema_version":1,"domain":"optimize","operation_id":"optimize-op-000001a05670f4f7-0000b420-0000000000000000","timestamp_unix_ms":1788156638455,"catalogue_version":1,"catalogue_id":"dns.flush","action_class":"execute","preview_digest":"sha256:3deb8ab1399acf3f832ac4886c2e1b646ef3d7a9f6c2035283c4a8961d926b1d","transition":{"kind":"validated"},"status_code":"validated"}
{"schema_version":1,"domain":"optimize","operation_id":"optimize-op-000001a05670f4f7-0000b420-0000000000000000","timestamp_unix_ms":1788156638459,"catalogue_version":1,"catalogue_id":"dns.flush","action_class":"execute","preview_digest":"sha256:3deb8ab1399acf3f832ac4886c2e1b646ef3d7a9f6c2035283c4a8961d926b1d","transition":{"kind":"dispatch_started"},"status_code":"dispatch_started"}
{"schema_version":1,"domain":"optimize","operation_id":"optimize-op-000001a05670f4f7-0000b420-0000000000000000","timestamp_unix_ms":1788156638487,"catalogue_version":1,"catalogue_id":"dns.flush","action_class":"execute","preview_digest":"sha256:3deb8ab1399acf3f832ac4886c2e1b646ef3d7a9f6c2035283c4a8961d926b1d","transition":{"kind":"adapter_completed"},"status_code":"adapter_succeeded","adapter_outcome":"success"}
{"schema_version":1,"domain":"optimize","operation_id":"optimize-op-000001a05670f4f7-0000b420-0000000000000000","timestamp_unix_ms":1788156638489,"catalogue_version":1,"catalogue_id":"dns.flush","action_class":"execute","preview_digest":"sha256:3deb8ab1399acf3f832ac4886c2e1b646ef3d7a9f6c2035283c4a8961d926b1d","transition":{"kind":"terminal","outcome":"succeeded"},"status_code":"succeeded","adapter_outcome":"success"}
{"schema_version":1,"domain":"optimize","operation_id":"optimize-op-000001a05670f84c-00014a64-0000000000000000","timestamp_unix_ms":1788156639308,"catalogue_version":1,"catalogue_id":"settings.search","action_class":"settings_handoff","preview_digest":"sha256:7307cb96c72c6e03a340bb3b6ddd3ff90b127d0659f9b66c12453dbdfd8a7479","transition":{"kind":"validated"},"status_code":"validated"}
{"schema_version":1,"domain":"optimize","operation_id":"optimize-op-000001a05670f84c-00014a64-0000000000000000","timestamp_unix_ms":1788156639345,"catalogue_version":1,"catalogue_id":"settings.search","action_class":"settings_handoff","preview_digest":"sha256:7307cb96c72c6e03a340bb3b6ddd3ff90b127d0659f9b66c12453dbdfd8a7479","transition":{"kind":"dispatch_started"},"status_code":"dispatch_started"}
{"schema_version":1,"domain":"optimize","operation_id":"optimize-op-000001a05670f84c-00014a64-0000000000000000","timestamp_unix_ms":1788156639690,"catalogue_version":1,"catalogue_id":"settings.search","action_class":"settings_handoff","preview_digest":"sha256:7307cb96c72c6e03a340bb3b6ddd3ff90b127d0659f9b66c12453dbdfd8a7479","transition":{"kind":"adapter_completed"},"status_code":"adapter_succeeded","adapter_outcome":"success"}
{"schema_version":1,"domain":"optimize","operation_id":"optimize-op-000001a05670f84c-00014a64-0000000000000000","timestamp_unix_ms":1788156639701,"catalogue_version":1,"catalogue_id":"settings.search","action_class":"settings_handoff","preview_digest":"sha256:7307cb96c72c6e03a340bb3b6ddd3ff90b127d0659f9b66c12453dbdfd8a7479","transition":{"kind":"terminal","outcome":"launched"},"status_code":"launched","adapter_outcome":"success"}
{"schema_version":1,"domain":"optimize","operation_id":"optimize-op-000001a05671106e-0000aa20-0000000000000000","timestamp_unix_ms":1788156645486,"catalogue_version":1,"catalogue_id":"settings.storage_recommendations","action_class":"settings_handoff","preview_digest":"sha256:66f87dbc9f9de4681ad4d177c652fca91c5ec8993d2c13ab87d33dab361f952e","transition":{"kind":"validated"},"status_code":"validated"}
{"schema_version":1,"domain":"optimize","operation_id":"optimize-op-000001a05671106e-0000aa20-0000000000000000","timestamp_unix_ms":1788156645487,"catalogue_version":1,"catalogue_id":"settings.storage_recommendations","action_class":"settings_handoff","preview_digest":"sha256:66f87dbc9f9de4681ad4d177c652fca91c5ec8993d2c13ab87d33dab361f952e","transition":{"kind":"dispatch_started"},"status_code":"dispatch_started"}
{"schema_version":1,"domain":"optimize","operation_id":"optimize-op-000001a05671106e-0000aa20-0000000000000000","timestamp_unix_ms":1788156646160,"catalogue_version":1,"catalogue_id":"settings.storage_recommendations","action_class":"settings_handoff","preview_digest":"sha256:66f87dbc9f9de4681ad4d177c652fca91c5ec8993d2c13ab87d33dab361f952e","transition":{"kind":"adapter_completed"},"status_code":"adapter_succeeded","adapter_outcome":"success"}
{"schema_version":1,"domain":"optimize","operation_id":"optimize-op-000001a05671106e-0000aa20-0000000000000000","timestamp_unix_ms":1788156646172,"catalogue_version":1,"catalogue_id":"settings.storage_recommendations","action_class":"settings_handoff","preview_digest":"sha256:66f87dbc9f9de4681ad4d177c652fca91c5ec8993d2c13ab87d33dab361f952e","transition":{"kind":"terminal","outcome":"launched"},"status_code":"launched","adapter_outcome":"success"}
{"schema_version":1,"domain":"optimize","operation_id":"optimize-op-000001a05671451b-000093e8-0000000000000000","timestamp_unix_ms":1788156658971,"catalogue_version":1,"catalogue_id":"settings.energy_recommendations","action_class":"settings_handoff","preview_digest":"sha256:53ee66aeb8f769e9620186cdeb5b469b3a32e8d11741235af3804347ab6367b5","transition":{"kind":"validated"},"status_code":"validated"}
{"schema_version":1,"domain":"optimize","operation_id":"optimize-op-000001a05671451b-000093e8-0000000000000000","timestamp_unix_ms":1788156658972,"catalogue_version":1,"catalogue_id":"settings.energy_recommendations","action_class":"settings_handoff","preview_digest":"sha256:53ee66aeb8f769e9620186cdeb5b469b3a32e8d11741235af3804347ab6367b5","transition":{"kind":"dispatch_started"},"status_code":"dispatch_started"}
{"schema_version":1,"domain":"optimize","operation_id":"optimize-op-000001a05671451b-000093e8-0000000000000000","timestamp_unix_ms":1788156659973,"catalogue_version":1,"catalogue_id":"settings.energy_recommendations","action_class":"settings_handoff","preview_digest":"sha256:53ee66aeb8f769e9620186cdeb5b469b3a32e8d11741235af3804347ab6367b5","transition":{"kind":"adapter_completed"},"status_code":"adapter_succeeded","adapter_outcome":"success"}
{"schema_version":1,"domain":"optimize","operation_id":"optimize-op-000001a05671451b-000093e8-0000000000000000","timestamp_unix_ms":1788156659984,"catalogue_version":1,"catalogue_id":"settings.energy_recommendations","action_class":"settings_handoff","preview_digest":"sha256:53ee66aeb8f769e9620186cdeb5b469b3a32e8d11741235af3804347ab6367b5","transition":{"kind":"terminal","outcome":"launched"},"status_code":"launched","adapter_outcome":"success"}

-----
exit=0
finished: 2026-08-31T14:11:11.7034825+08:00
