release bytes=9827328 hash=92C3919D776AC0AE9F04633C26E52BB23BD33D9706F0DA669F55C6F1D62B4E20
debug bytes=14758912 hash=F5DFC77BE96E780EC15817B94931C74BF6A9412DF46C128B1902925DF63D65F5
nsis bytes=3152372 hash=0903D735C1C6C5AC7614410C62F84E82E92E2DC1CE454444C5B9712F8BA39328
native=pass first_hash= 92C3919D776AC0AE9F04633C26E52BB23BD33D9706F0DA669F55C6F1D62B4E20 restart_hash= 92C3919D776AC0AE9F04633C26E52BB23BD33D9706F0DA669F55C6F1D62B4E20 final_hash=92C3919D776AC0AE9F04633C26E52BB23BD33D9706F0DA669F55C6F1D62B4E20 taskbar=PASS
first_residue main=0 desc=0 web=0 listener=0 lock=0
restart_residue main=0 desc=0 web=0 listener=0 lock=0
live main=0 webview=0 port9371=0 port9372=0 lock_temp=0
manifest_lock_status=0

git_diff_check_exit=0
[0;34m=== Validating Context Files ===[0m
Target dir: D:\Documents\Code\Rust\Exp\devsweep\.trellis\tasks\08-29-desktop-shell-navigation-brand

  [0;32mimplement.jsonl: ✓ (7 entries)[0m
  [0;32mcheck.jsonl: ✓ (3 entries)[0m

[0;32m✓ All validations passed[0m
task_validate_exit=0
report_92c_refs=7 report_0903_refs=2 report_waived_refs=5
full_status_count=57
 M .trellis/.gitignore
 M .trellis/spec/desktop-frontend/component-guidelines.md
 M .trellis/spec/desktop-frontend/index.md
 M .trellis/spec/desktop-frontend/state-management.md
 M README.md
 M crates/devsweep-cli/src/application/mod.rs
 M crates/devsweep-cli/src/i18n/mod.rs
 M crates/devsweep-cli/src/tui/app/events.rs
 M crates/devsweep-cli/src/tui/app/input.rs
 M crates/devsweep-cli/src/tui/app/jobs.rs
 M crates/devsweep-cli/src/tui/app/mod.rs
 M crates/devsweep-cli/src/tui/app/tests.rs
 M crates/devsweep-cli/src/tui/app/worker.rs
 M crates/devsweep-cli/src/tui/mod.rs
 M crates/devsweep-cli/src/tui/render/mod.rs
 M crates/devsweep-cli/src/tui/render/overlays.rs
 M crates/devsweep-cli/src/tui/render/tests.rs
 M crates/devsweep-cli/src/tui/runtime/mod.rs
 M crates/devsweep-cli/src/tui/runtime/tests.rs
 M crates/devsweep-core/src/lib.rs
 M desktop/src-tauri/capabilities/default.json
 M desktop/src-tauri/src/commands.rs
 M desktop/src-tauri/src/lib.rs
 M desktop/src/App.test.tsx
 M desktop/src/App.tsx
 M desktop/src/components/format.ts
 M desktop/src/styles.css
 M desktop/src/styles.test.ts
 M justfile
 M resources/i18n/en.json
 M resources/i18n/zh-CN.json
?? .trellis/tasks/08-29-analyze-core-ipc/
?? .trellis/tasks/08-29-analyze-mode/
?? .trellis/tasks/08-29-analyze-tui-desktop-treemap/
?? .trellis/tasks/08-29-clean-mode-workbench/
?? .trellis/tasks/08-29-desktop-shell-navigation-brand/
?? .trellis/tasks/08-29-five-mode-native-integration/
?? .trellis/tasks/08-29-mole-inspired-cli-windows-desktop-redesign/
?? .trellis/tasks/08-29-optimize-catalog-execution/
?? .trellis/tasks/08-29-optimize-cli-tui-desktop-native/
?? .trellis/tasks/08-29-optimize-mode/
?? .trellis/tasks/08-29-protect-rules-history-surfaces/
?? .trellis/tasks/08-29-scan-resource-bounds-app-icon/
?? .trellis/tasks/08-29-software-cli-tui-desktop-native/
?? .trellis/tasks/08-29-software-execution-audit/
?? .trellis/tasks/08-29-software-inventory-plan/
?? .trellis/tasks/08-29-software-mode/
?? .trellis/tasks/08-29-status-collector-cli/
?? .trellis/tasks/08-29-status-mode/
?? .trellis/tasks/08-29-status-tui-desktop-native/
?? crates/devsweep-cli/src/tui/shell/
?? crates/devsweep-core/src/presentation_settings.rs
?? desktop/src/app-shell/
?? desktop/src/i18n/
?? desktop/src/lifecycle.test.ts
?? desktop/src/lifecycle.ts
?? desktop/src/state/operation-coordinator.ts
