command: D:\Documents\Code\Rust\Exp\devsweep\target\debug\devsweep.exe optimize plan/preview/run settings.search LOCALAPPDATA=D:\Documents\Code\Rust\Exp\devsweep\.trellis\tasks\08-29-optimize-catalog-execution\evidence\native\fixtures\lappdata-settings
cwd: D:\Documents\Code\Rust\Exp\devsweep
started: 2026-08-31T13:02:38.9854706+08:00
----- output -----

integrity=Mandatory Label\Medium Mandatory Level Label            S-1-16-8192                                                                                      
plan exit=0
preview exit=0
digest=sha256:7307cb96c72c6e03a340bb3b6ddd3ff90b127d0659f9b66c12453dbdfd8a7479
preview json:
{"command":"optimize.preview","data":{"action_class":"settings_handoff","catalogue_version":1,"digest":"sha256:7307cb96c72c6e03a340bb3b6ddd3ff90b127d0659f9b66c12453dbdfd8a7479","operation_id":"settings.search","version":1},"error":null,"outcome":"succeeded","schema_version":1,"warnings":[]}

error: the following required arguments were not provided:
  --confirm

Usage: devsweep.exe optimize run --plan <FILE> --preview-digest <DIGEST> --confirm

For more information, try '--help'.
no-confirm exit=2 (expect 2)
invalid_optimize_authority: optimize preview digest mismatch
wrong-digest exit=3 (expect 3)

-- processes before confirmed run --

Name             : ApplicationFrameHost
Id               : 50076
MainWindowHandle : 19142110
StartTime        : 8/29/2026 8:17:46 PM

Name             : SystemSettings
Id               : 27684
MainWindowHandle : 0
StartTime        : 8/31/2026 12:57:16 PM


Optimize run finished: 0 succeeded; 1 launched; 0 failed; 0 unknown after dispatch; 0 canceled before dispatch. A launched Settings page is not maintenance completion.
settings.search | Launched (Settings page opened) | Operation optimize-op-000001a05632b6d9-0000d530-0000000000000000
confirmed-run exit=0

-- processes after confirmed run --

Name             : ApplicationFrameHost
Id               : 50076
MainWindowHandle : 19142110
StartTime        : 8/29/2026 8:17:46 PM

Name             : SystemSettings
Id               : 27684
MainWindowHandle : 0
StartTime        : 8/31/2026 12:57:16 PM



-- journal D:\Documents\Code\Rust\Exp\devsweep\.trellis\tasks\08-29-optimize-catalog-execution\evidence\native\fixtures\lappdata-settings\DevSweep\audit\v1\optimize.jsonl --
{"schema_version":1,"domain":"optimize","operation_id":"optimize-op-000001a05632b6d9-0000d530-0000000000000000","timestamp_unix_ms":1788152559321,"catalogue_version":1,"catalogue_id":"settings.search","action_class":"settings_handoff","preview_digest":"sha256:7307cb96c72c6e03a340bb3b6ddd3ff90b127d0659f9b66c12453dbdfd8a7479","transition":{"kind":"validated"},"status_code":"validated"}
{"schema_version":1,"domain":"optimize","operation_id":"optimize-op-000001a05632b6d9-0000d530-0000000000000000","timestamp_unix_ms":1788152559326,"catalogue_version":1,"catalogue_id":"settings.search","action_class":"settings_handoff","preview_digest":"sha256:7307cb96c72c6e03a340bb3b6ddd3ff90b127d0659f9b66c12453dbdfd8a7479","transition":{"kind":"dispatch_started"},"status_code":"dispatch_started"}
{"schema_version":1,"domain":"optimize","operation_id":"optimize-op-000001a05632b6d9-0000d530-0000000000000000","timestamp_unix_ms":1788152559711,"catalogue_version":1,"catalogue_id":"settings.search","action_class":"settings_handoff","preview_digest":"sha256:7307cb96c72c6e03a340bb3b6ddd3ff90b127d0659f9b66c12453dbdfd8a7479","transition":{"kind":"adapter_completed"},"status_code":"adapter_succeeded","adapter_outcome":"success"}
{"schema_version":1,"domain":"optimize","operation_id":"optimize-op-000001a05632b6d9-0000d530-0000000000000000","timestamp_unix_ms":1788152559722,"catalogue_version":1,"catalogue_id":"settings.search","action_class":"settings_handoff","preview_digest":"sha256:7307cb96c72c6e03a340bb3b6ddd3ff90b127d0659f9b66c12453dbdfd8a7479","transition":{"kind":"terminal","outcome":"launched"},"status_code":"launched","adapter_outcome":"success"}

consent.exe=none
integrity after=Mandatory Label\Medium Mandatory Level Label            S-1-16-8192                                                                                      

-----
exit=0
finished: 2026-08-31T13:02:40.8197923+08:00
