cd desktop; npm run types:generate; npm run lint; npm run typecheck; npm test; npm run build
npm notice run devsweep-desktop-ui@0.2.0 types:generate
npm notice run node scripts/generate-types.mjs
generated src/api/types.gen.ts from 32 named fixture files
npm notice run devsweep-desktop-ui@0.2.0 lint
npm notice run eslint .
npm notice run devsweep-desktop-ui@0.2.0 typecheck
npm notice run tsc --noEmit
npm notice run devsweep-desktop-ui@0.2.0 test
npm notice run vitest run

 RUN  v3.2.7 D:/Documents/Code/Rust/Exp/devsweep/desktop

 鉁?src/modes/analyze/selectors.test.ts (2 tests) 4ms
 鉁?src/modes/analyze/treemap.test.ts (3 tests) 13ms
 鉁?src/app-shell/operation-coordinator.test.ts (6 tests) 69ms
 鉁?src/modes/analyze/parity.test.ts (1 test) 3ms
 鉁?src/i18n/index.test.ts (5 tests) 7ms
 鉁?src/state/app-state.test.ts (10 tests) 4ms
 鉁?src/lifecycle.test.ts (4 tests) 69ms
 鉁?src/modes/software/state.test.ts (4 tests) 3ms
 鉁?src/modes/status/state.test.ts (3 tests) 4ms
 鉁?src/api/contract.test.ts (34 tests) 7ms
 鉁?src/pages/ScanPage.test.tsx (2 tests) 150ms
 鉁?src/components/TargetTable.test.tsx (1 test) 170ms
 鉁?src/modes/optimize/state.test.ts (4 tests) 3ms
 鉁?src/api/fixture-bridge.test.ts (3 tests) 5ms
 鉁?src/api/bridge.test.ts (4 tests) 6ms
 鉁?src/modes/status/parity.test.ts (2 tests) 2ms
 鉁?src/modes/software/parity.test.ts (2 tests) 3ms
 鉁?src/modes/status/StatusWorkbench.test.tsx (3 tests) 316ms
 鉁?src/app-shell/registry.test.ts (2 tests) 3ms
 鉁?src/styles.test.ts (4 tests) 2ms
 鉁?src/modes/analyze/state.test.ts (2 tests) 2ms
 鉁?src/modes/clean/reducer.test.ts (1 test) 2ms
 鉁?src/support/SupportViews.test.tsx (6 tests) 430ms
   鉁?support views > keeps protection add behind confirmation  381ms
 鉁?src/modes/optimize/parity.test.ts (2 tests) 3ms
 鉁?src/modes/software/SoftwareWorkbench.test.tsx (2 tests) 545ms
   鉁?SoftwareWorkbench > renders manual rows, exact identity detail, preview, and second confirmation  455ms
 鉁?src/app-shell/AppShell.test.tsx (15 tests) 1082ms
 鉁?src/modes/optimize/OptimizeWorkbench.test.tsx (3 tests) 599ms
   鉁?OptimizeWorkbench > renders closed badges, refuses guidance run, and requires Settings confirmation  534ms
 鉁?src/api/types-generation.test.ts (2 tests) 2142ms
   鉁?IPC type generation > is deterministic, committed, ASCII, and type-only  1115ms
   鉁?IPC type generation > changes when a named fixture changes  1027ms
 鉁?src/modes/analyze/AnalyzePage.test.tsx (6 tests) 1637ms
   鉁?AnalyzePage > restores the focused directory on its canonical 200-row parent page  748ms
   鉁?AnalyzePage > covers empty/loading/canceling/canceled/partial/error/complete copy in 'zh-CN'  310ms
 鉁?src/App.test.tsx (34 tests) 4414ms
   鉁?desktop workflow > invalidates a dry run after selection changes, then confirms and reports execution  447ms
   鉁?desktop workflow > orders real bridge scan, dry-run, and execute starts after old cancel and join  311ms

 Test Files  30 passed (30)
      Tests  172 passed (172)
   Start at  06:19:07
   Duration  7.47s (transform 3.84s, setup 5.12s, collect 12.83s, tests 11.70s, environment 20.13s, prepare 2.91s)

npm notice run devsweep-desktop-ui@0.2.0 build
npm notice run tsc --noEmit && vite build
vite v7.3.6 building client environment for production...
transforming...
鉁?112 modules transformed.
rendering chunks...
computing gzip size...
dist/index.html                                  0.39 kB 鈹?gzip:   0.26 kB
dist/assets/devsweep-icon-master-Bn2Ejx_Y.png  956.58 kB
dist/assets/index-wTnVo1mv.css                  28.97 kB 鈹?gzip:   6.29 kB
dist/assets/index-BzitQEB1.js                  494.00 kB 鈹?gzip: 118.87 kB
鉁?built in 604ms
