NATIVE_CLOSE_WRAPPER_START=2026-08-30T21:33:37.5731411+08:00
WRAPPER_PWSH_PATH=C:\Program Files\PowerShell\7\pwsh.exe
WRAPPER_PWSH_VERSION=7.6.5
WRAPPER_PID=55084
WRAPPER_COMMANDLINE="C:\Program Files\PowerShell\7\pwsh.exe" -NoProfile -ExecutionPolicy Bypass -File D:\Documents\Code\Rust\Exp\devsweep\.trellis\tasks\08-29-desktop-shell-navigation-brand\evidence\native-cdp-close-recapture-20260830\native-close-wrapper.ps1 -RepositoryRoot D:\Documents\Code\Rust\Exp\devsweep -RunRoot D:\Documents\Code\Rust\Exp\devsweep\.trellis\tasks\08-29-desktop-shell-navigation-brand\evidence\native-cdp-close-recapture-20260830 -PwshPath "C:\Program Files\PowerShell\7\pwsh.exe" -FirstPort 9401 -RestartPort 9402
WRAPPER_SHA256=42824FBB71FB0E6ACF209BE7729227CC405A72D6B63E68F2774980C0E9072729
HELPER_SHA256=DF151B6284073BC00B472B477DAEB846E0632D26ABB140BDBB852103193E6366
[2026-08-30T21:33:38.6402164+08:00] PRELAUNCH transcript_started=true devsweep_started=false
[2026-08-30T21:33:38.6488017+08:00] HELPER_START release=D:\Documents\Code\Rust\Exp\devsweep\target\release\devsweep-desktop.exe expected_hash=92C3919D776AC0AE9F04633C26E52BB23BD33D9706F0DA669F55C6F1D62B4E20 localappdata=D:\Documents\Code\Rust\Exp\devsweep\.trellis\tasks\08-29-desktop-shell-navigation-brand\evidence\native-cdp-close-recapture-20260830\native-release\localappdata cdp_log=D:\Documents\Code\Rust\Exp\devsweep\.trellis\tasks\08-29-desktop-shell-navigation-brand\evidence\native-cdp-close-recapture-20260830\native-release\cdp-messages.jsonl
[2026-08-30T21:33:39.2888350+08:00] TOOLCHAIN_PWSH path=C:\Program Files\PowerShell\7\pwsh.exe version=7.6.5 pid=52120 commandline="C:\Program Files\PowerShell\7\pwsh.exe" -NoProfile -ExecutionPolicy Bypass -File D:\Documents\Code\Rust\Exp\devsweep\.trellis\tasks\08-29-desktop-shell-navigation-brand\evidence\native-cdp-close-recapture-20260830\native-close-recapture.ps1 -RepositoryRoot D:\Documents\Code\Rust\Exp\devsweep -EvidenceRoot D:\Documents\Code\Rust\Exp\devsweep\.trellis\tasks\08-29-desktop-shell-navigation-brand\evidence\native-cdp-close-recapture-20260830\native-release -FirstPort 9401 -RestartPort 9402 -ExpectedHash 92C3919D776AC0AE9F04633C26E52BB23BD33D9706F0DA669F55C6F1D62B4E20 -PwshPath "C:\Program Files\PowerShell\7\pwsh.exe" -WrapperPath D:\Documents\Code\Rust\Exp\devsweep\.trellis\tasks\08-29-desktop-shell-navigation-brand\evidence\native-cdp-close-recapture-20260830\native-close-wrapper.ps1
[2026-08-30T21:33:39.4028208+08:00] ARTIFACT_GATE when=before_launch name=release bytes=9827328 sha256=92C3919D776AC0AE9F04633C26E52BB23BD33D9706F0DA669F55C6F1D62B4E20
[2026-08-30T21:33:39.4033949+08:00] ARTIFACT_GATE when=before_launch name=debug bytes=14758912 sha256=F5DFC77BE96E780EC15817B94931C74BF6A9412DF46C128B1902925DF63D65F5
[2026-08-30T21:33:39.4040115+08:00] ARTIFACT_GATE when=before_launch name=nsis bytes=3152372 sha256=0903D735C1C6C5AC7614410C62F84E82E92E2DC1CE454444C5B9712F8BA39328
[2026-08-30T21:33:40.5942126+08:00] TOOLCHAIN_GATE=PASS all_prelaunch_checks=true
[2026-08-30T21:33:43.0510692+08:00] FIRST_LOCALE_PASS locale=zh-CN store_bytes=39 store_hash=2CD9EEDF29B04115F701CE73EA055ACCB6AFB96896ADE03BD22189D6B43D2899 lock_temp=0
[2026-08-30T21:34:11.5325930+08:00] HELPER_FAILURE first release close left residue
[2026-08-30T21:34:12.0317451+08:00] ARTIFACT_GATE when=after_run name=release bytes=9827328 sha256=92C3919D776AC0AE9F04633C26E52BB23BD33D9706F0DA669F55C6F1D62B4E20
[2026-08-30T21:34:12.0324545+08:00] ARTIFACT_GATE when=after_run name=debug bytes=14758912 sha256=F5DFC77BE96E780EC15817B94931C74BF6A9412DF46C128B1902925DF63D65F5
[2026-08-30T21:34:12.0328983+08:00] ARTIFACT_GATE when=after_run name=nsis bytes=3152372 sha256=0903D735C1C6C5AC7614410C62F84E82E92E2DC1CE454444C5B9712F8BA39328
[2026-08-30T21:34:13.6785115+08:00] FINAL_AUDIT state=failed release_hash=92C3919D776AC0AE9F04633C26E52BB23BD33D9706F0DA669F55C6F1D62B4E20 debug_hash=F5DFC77BE96E780EC15817B94931C74BF6A9412DF46C128B1902925DF63D65F5 nsis_hash=0903D735C1C6C5AC7614410C62F84E82E92E2DC1CE454444C5B9712F8BA39328 main=0 webview=0 port1=0 port2=0 store_lock_temp=0 cdp_lines=26 cdp_sha256=579BBEBFBE985D6FA4C328025188E83168E547F3F39FE7D1C04D2912BB730604
[2026-08-30T21:34:13.6792400+08:00] HELPER_EXIT_CODE=1
OUTER_EXIT_JSON=D:\Documents\Code\Rust\Exp\devsweep\.trellis\tasks\08-29-desktop-shell-navigation-brand\evidence\native-cdp-close-recapture-20260830\outer-exit.json
OUTER_HELPER_EXIT=1
NATIVE_CLOSE_WRAPPER_FINISHED=2026-08-30T21:34:13.8395160+08:00
