command: devsweep optimize plan/preview/run dns.flush isolated LOCALAPPDATA
cwd: D:\Documents\Code\Rust\Exp\devsweep
started: 2026-08-31T13:24:45.9264903+08:00
----- output -----
LOCALAPPDATA=D:\Documents\Code\Rust\Exp\devsweep\.trellis\tasks\08-29-optimize-catalog-execution\evidence\independent-fixtures\lappdata-dns
resolved program candidate: C:\Windows\System32\ipconfig.exe exists=True
argv identity from catalogue/adapter: exactly [/flushdns]; program/argv kept separate; no shell
integrity=Mandatory Label\Medium Mandatory Level Label S-1-16-8192
consent before dns: none
== plan ==

plan exit=0 file_exists=True
{
  "version": 1,
  "catalogue_version": 1,
  "operation_id": "dns.flush"
}

== preview ==

preview exit=0
{"command":"optimize.preview","data":{"action_class":"execute","catalogue_version":1,"digest":"sha256:3deb8ab1399acf3f832ac4886c2e1b646ef3d7a9f6c2035283c4a8961d926b1d","operation_id":"dns.flush","version":1},"error":null,"outcome":"succeeded","schema_version":1,"warnings":[]}

digest=sha256:3deb8ab1399acf3f832ac4886c2e1b646ef3d7a9f6c2035283c4a8961d926b1d
== run no-confirm ==
error: the following required arguments were not provided:
  --confirm

Usage: devsweep.exe optimize run --plan <FILE> --preview-digest <DIGEST> --confirm

For more information, try '--help'.

no-confirm exit=2 (expect 2)
== run wrong-digest ==
invalid_optimize_authority: optimize preview digest mismatch

wrong-digest exit=3 (expect 3)
== run CONFIRMED (real ipconfig /flushdns) ==
Optimize run finished: 1 succeeded; 0 launched; 0 failed; 0 unknown after dispatch; 0 canceled before dispatch. A launched Settings page is not maintenance completion.
dns.flush | Succeeded | Operation optimize-op-000001a05646f6b9-0000a030-0000000000000000

confirmed-run exit=0 (expect 0)
journal path=D:\Documents\Code\Rust\Exp\devsweep\.trellis\tasks\08-29-optimize-catalog-execution\evidence\independent-fixtures\lappdata-dns\DevSweep\audit\v1\optimize.jsonl exists=True
-- journal --
{"schema_version":1,"domain":"optimize","operation_id":"optimize-op-000001a05646f6b9-0000a030-0000000000000000","timestamp_unix_ms":1788153886393,"catalogue_version":1,"catalogue_id":"dns.flush","action_class":"execute","preview_digest":"sha256:3deb8ab1399acf3f832ac4886c2e1b646ef3d7a9f6c2035283c4a8961d926b1d","transition":{"kind":"validated"},"status_code":"validated"}
{"schema_version":1,"domain":"optimize","operation_id":"optimize-op-000001a05646f6b9-0000a030-0000000000000000","timestamp_unix_ms":1788153886396,"catalogue_version":1,"catalogue_id":"dns.flush","action_class":"execute","preview_digest":"sha256:3deb8ab1399acf3f832ac4886c2e1b646ef3d7a9f6c2035283c4a8961d926b1d","transition":{"kind":"dispatch_started"},"status_code":"dispatch_started"}
{"schema_version":1,"domain":"optimize","operation_id":"optimize-op-000001a05646f6b9-0000a030-0000000000000000","timestamp_unix_ms":1788153886423,"catalogue_version":1,"catalogue_id":"dns.flush","action_class":"execute","preview_digest":"sha256:3deb8ab1399acf3f832ac4886c2e1b646ef3d7a9f6c2035283c4a8961d926b1d","transition":{"kind":"adapter_completed"},"status_code":"adapter_succeeded","adapter_outcome":"success"}
{"schema_version":1,"domain":"optimize","operation_id":"optimize-op-000001a05646f6b9-0000a030-0000000000000000","timestamp_unix_ms":1788153886424,"catalogue_version":1,"catalogue_id":"dns.flush","action_class":"execute","preview_digest":"sha256:3deb8ab1399acf3f832ac4886c2e1b646ef3d7a9f6c2035283c4a8961d926b1d","transition":{"kind":"terminal","outcome":"succeeded"},"status_code":"succeeded","adapter_outcome":"success"}

REDACTED_OK no forbidden tokens
consent after dns: none
integrity after dns=Mandatory Label\Medium Mandatory Level Label S-1-16-8192

-----
exit=0
finished: 2026-08-31T13:24:46.5000851+08:00
