command: rtk just ci
cwd: D:\Documents\Code\Rust\Exp\devsweep
started: 2026-08-31T14:47:10.6889909+08:00
----- output -----
running 156 tests
test application::commands::optimize::tests::plan_error_mapping_is_typed_by_exit_class ... ok
test application::commands::software::execution::tests::emitted_failure_uses_one_machine_document_and_preserves_failed_exit ... ok
test application::cli::tests::rescan_requires_one_project_containing_root ... ok
test application::cli::tests::repeated_roots_and_selections_preserve_command_line_order ... ok
test application::cli::tests::cli_definition_is_valid ... ok
test application::cli::tests::semantic_validation_rejects_machine_language_and_path_collisions ... ok
test application::cli::tests::removed_roots_are_unknown_commands ... ok
test application::commands::tests::frozen_module_tree_is_compiler_registered ... ok
test application::commands::software::inventory::tests::truthful_last_used_shape_is_not_relabelled_by_the_cli ... ok
test application::cli::tests::built_tree_and_real_parser_preserve_inherited_language_semantics ... ok
test application::output::tests::broken_pipe_cancels_and_joins_without_another_write ... ok
{"command":"clean.preview","data":{"digest":"sha256:f4143ffcb2b426f9e4830474b4b87b367acb1c75795d6f49ee51d01d5c6792a9","report":{"attempted":0,"audi...
test application::cli::tests::english_and_chinese_references_exactly_match_the_clap_manifest ... ok
test application::commands::tests::software_commands_reach_the_owned_handler ... ok
test application::output::tests::machine_error_envelope_has_stable_locale_neutral_fields ... ok
test application::cli::tests::defaults_ranges_conflicts_and_authority_syntax_are_frozen ... ok
test application::output::tests::non_broken_write_failure_records_producer_error_and_joins ... ok
test application::commands::tests::staged_commands_fail_closed_instead_of_running_legacy_handlers ... ok
test application::cli::tests::every_frozen_root_and_nested_shape_parses ... ok
test application::presentation::optimize::tests::guidance_has_no_run_action_and_settings_is_not_execution ... ok
test application::presentation::clean::tests::empty_scan_is_truthful_in_both_locales ... ok
test application::presentation::analyze::tests::bilingual_snapshots_use_owned_renderer ... ok
test application::presentation::optimize::tests::preview_and_execution_state_launched_is_not_completion ... ok
test application::presentation::optimize::tests::catalogue_is_bilingual_and_lists_all_eight_rows ... ok
test application::presentation::software::tests::software_inventory_summary_is_bilingual ... ok
test application::presentation::tests::renderer_tree_is_frozen_without_domain_implementations ... ok
test application::tests::non_interactive_resolution_remains_explicit_then_os_then_english ... ok
test i18n::tests::binary_formatter_covers_boundaries_without_floating_point ... ok
test application::commands::optimize::tests::hostile_plan_fields_fail_closed_without_echoing_payloads ... ok
test application::tests::bare_invocation_requires_both_terminal_streams ... ok
test application::tests::human_live_requires_stdout_tty_but_ndjson_does_not ... ok
test i18n::tests::canonical_shell_v1_namespace_has_exact_copy_and_closed_metadata ... ok
test i18n::tests::human_golden_fixtures_are_owned_by_the_canonical_catalogues ... ok
test i18n::tests::locale_resolution_and_presentation_tag_boundary_are_closed ... ok
test i18n::tests::long_user_data_is_returned_in_full_by_the_catalogue ... ok
test i18n::tests::plural_selection_and_interpolation_are_locale_specific_and_injection_safe ... ok
test application::commands::tests::optimize_commands_reach_the_owned_handler ... ok
test application::tests::chinese_help_detection_requires_an_explicit_supported_flag ... ok
test application::cli::tests::set_true_flags_are_value_less_in_real_parser_and_chinese_help ... ok
test i18n::tests::shell_metadata_facade_exposes_exact_locale_specific_contracts ... ok
test tui::app::tests::active_cleanup_rejects_new_scan_and_cleanup_requests ... ok
test application::commands::clean::tests::preview_empty_plan_is_dry_run ... ok
test tui::app::tests::byte_summaries_count_duplicate_paths_once ... ok
test i18n::tests::catalogue_schema_rejects_unknown_fields_and_duplicate_placeholders ... ok
test tui::app::tests::canceled_scan_targets_remain_preview_only_until_a_later_scan_finishes ... ok
test tui::app::tests::accepted_confirmation_keeps_explicit_fresh_target_selection ... ok
test tui::app::tests::accepted_confirmation_executes_its_frozen_manifest ... ok
test tui::app::tests::cancellation_key_requests_active_job_cancellation ... ok
test tui::app::tests::cancelling_job_ignores_late_progress_events ... ok
... (456 lines truncated)
[full output: "$HOME/AppData/Local/rtk/tee/1788158851_just_ci.log"]

----- stderr -----
cmd.exe : cargo fmt --all -- --check
At D:\Documents\Code\Rust\Exp\devsweep\.trellis\tasks\08-29-optimize-cli-tui-desktop-native\evidence\capture-independen
t-gate.ps1:16 char:3
+   cmd.exe /c $CommandLine > $stdoutFile 2> $stderrFile
+   ~~~~~~~~~~~~~~~~~~~~~~~~~~~~~~~~~~~~~~~~~~~~~~~~~~~~
    + CategoryInfo          : NotSpecified: (cargo fmt --all -- --check:String) [], RemoteException
    + FullyQualifiedErrorId : NativeCommandError
 
cargo update --offline --package devsweep-core --package devsweep-cli
     Locking 0 packages to latest Rust 1.88.0 compatible versions
note: pass `--verbose` to see 62 unchanged dependencies behind latest
cargo check --workspace --locked --all-targets
    Checking devsweep-cli v0.2.0 (D:\Documents\Code\Rust\Exp\devsweep\crates\devsweep-cli)
    Finished `dev` profile [unoptimized + debuginfo] target(s) in 1.10s
cargo test --workspace --locked --all-targets
   Compiling devsweep-cli v0.2.0 (D:\Documents\Code\Rust\Exp\devsweep\crates\devsweep-cli)
    Finished `test` profile [unoptimized + debuginfo] target(s) in 3.29s
     Running unittests src\lib.rs (target\debug\deps\devsweep-d56de0fb6e843e63.exe)
     Running unittests src\main.rs (target\debug\deps\devsweep-7f0920c16e575b19.exe)
     Running unittests src\bin\process_fixture.rs (target\debug\deps\process_fixture-78631dc42e768a67.exe)
     Running tests\cli_contract.rs (target\debug\deps\cli_contract-b70fd6f3227ba421.exe)
     Running unittests src\lib.rs (target\debug\deps\devsweep_core-a0ecb67e644fdaea.exe)
     Running tests\public_api.rs (target\debug\deps\public_api-a6d48b8d71eeca22.exe)
     Running unittests src\lib.rs (target\debug\deps\devsweep_desktop_lib-ed40b22d54e125b4.exe)
     Running unittests src\main.rs (target\debug\deps\devsweep_desktop-93aaa90a0be65ed1.exe)
cargo clippy --workspace --locked --all-targets -- -D warnings
    Checking devsweep-cli v0.2.0 (D:\Documents\Code\Rust\Exp\devsweep\crates\devsweep-cli)
    Finished `dev` profile [unoptimized + debuginfo] target(s) in 2.58s

-----
exit=0
finished: 2026-08-31T14:47:32.0067881+08:00
