command: rtk just desktop-web-check
exit: 0

cd desktop; npm run types:generate; npm run lint; npm run typecheck; npm test; npm run build
npm notice run devsweep-desktop-ui@0.2.0 types:generate
npm notice run node scripts/generate-types.mjs
npm notice run devsweep-desktop-ui@0.2.0 lint
npm notice run eslint .
npm notice run devsweep-desktop-ui@0.2.0 typecheck
npm notice run tsc --noEmit
npm notice run devsweep-desktop-ui@0.2.0 test
npm notice run vitest run
npm notice run devsweep-desktop-ui@0.2.0 build
npm notice run tsc --noEmit && vite build
generated src/api/types.gen.ts from 32 named fixture files
 RUN  v3.2.7 D:/Documents/Code/Rust/Exp/devsweep/desktop
 鉁?src/modes/analyze/treemap.test.ts (3 tests) 9ms
 鉁?src/modes/analyze/selectors.test.ts (2 tests) 5ms
 鉁?src/app-shell/operation-coordinator.test.ts (6 tests) 69ms
 鉁?src/modes/analyze/parity.test.ts (1 test) 3ms
 鉁?src/i18n/index.test.ts (5 tests) 8ms
 鉁?src/state/app-state.test.ts (10 tests) 4ms
 鉁?src/lifecycle.test.ts (4 tests) 70ms
 鉁?src/modes/software/parity.test.ts (2 tests) 4ms
 鉁?src/components/TargetTable.test.tsx (1 test) 148ms
 鉁?src/pages/ScanPage.test.tsx (2 tests) 133ms
 鉁?src/api/contract.test.ts (34 tests) 7ms
 鉁?src/api/bridge.test.ts (4 tests) 5ms
 鉁?src/modes/optimize/state.test.ts (4 tests) 3ms
 鉁?src/modes/status/state.test.ts (3 tests) 3ms
 鉁?src/api/fixture-bridge.test.ts (3 tests) 4ms
 鉁?src/modes/software/state.test.ts (4 tests) 3ms
 鉁?src/modes/status/parity.test.ts (2 tests) 3ms
 鉁?src/app-shell/AppShell.test.tsx (15 tests) 1132ms
 鉁?src/modes/optimize/parity.test.ts (2 tests) 3ms
 鉁?src/modes/status/StatusWorkbench.test.tsx (3 tests) 369ms
   鉁?StatusWorkbench > loads a snapshot first, starts live explicitly, and never shows GPU zero cards  334ms
 鉁?src/styles.test.ts (4 tests) 2ms
 鉁?src/modes/analyze/state.test.ts (2 tests) 2ms
 鉁?src/modes/clean/reducer.test.ts (1 test) 2ms
 鉁?src/support/SupportViews.test.tsx (6 tests) 492ms
   鉁?support views > keeps protection add behind confirmation  414ms
 鉁?src/modes/software/SoftwareWorkbench.test.tsx (2 tests) 627ms
   鉁?SoftwareWorkbench > renders manual rows, exact identity detail, preview, and second confirmation  555ms
 鉁?src/modes/optimize/OptimizeWorkbench.test.tsx (3 tests) 711ms
   鉁?OptimizeWorkbench > renders closed badges, refuses guidance run, and requires Settings confirmation  629ms
 鉁?src/api/types-generation.test.ts (2 tests) 2433ms
   鉁?IPC type generation > is deterministic, committed, ASCII, and type-only  1205ms
   鉁?IPC type generation > changes when a named fixture changes  1227ms
 鉁?src/modes/analyze/AnalyzePage.test.tsx (6 tests) 1749ms
   鉁?AnalyzePage > restores the focused directory on its canonical 200-row parent page  760ms
   鉁?AnalyzePage > covers empty/loading/canceling/canceled/partial/error/complete copy in 'en'  304ms
   鉁?AnalyzePage > covers empty/loading/canceling/canceled/partial/error/complete copy in 'zh-CN'  314ms
 鉁?src/App.test.tsx (34 tests) 4393ms
   鉁?desktop workflow > invalidates a dry run after selection changes, then confirms and reports execution  477ms
 Test Files  29 passed (29)
      Tests  170 passed (170)
   Start at  18:23:04
   Duration  8.34s (transform 3.05s, setup 6.98s, collect 14.22s, tests 12.40s, environment 29.27s, prepare 3.30s)
vite v7.3.6 building client environment for production...
transforming...
鉁?111 modules transformed.
rendering chunks...
computing gzip size...
... (5 lines truncated)
[see remaining: tail -n +51 "$HOME/AppData/Local/rtk/tee/1788171796_just_desktop-web-check.log"]
