cd desktop; npm run types:generate; npm run lint; npm run typecheck; npm test; npm run build
npm notice run devsweep-desktop-ui@0.2.0 types:generate
npm notice run node scripts/generate-types.mjs
npm notice run devsweep-desktop-ui@0.2.0 lint
npm notice run eslint .
npm notice run devsweep-desktop-ui@0.2.0 typecheck
npm notice run tsc --noEmit
npm notice run devsweep-desktop-ui@0.2.0 test
npm notice run vitest run
npm notice run devsweep-desktop-ui@0.2.0 build
npm notice run tsc --noEmit && vite build
generated src/api/types.gen.ts from 32 named fixture files
 RUN  v3.2.7 D:/Documents/Code/Rust/Exp/devsweep/desktop
 ✓ src/modes/analyze/selectors.test.ts (2 tests) 3ms
 ✓ src/modes/analyze/treemap.test.ts (3 tests) 9ms
 ✓ src/i18n/index.test.ts (5 tests) 5ms
 ✓ src/modes/software/parity.test.ts (2 tests) 3ms
 ✓ src/modes/analyze/parity.test.ts (1 test) 4ms
 ✓ src/state/app-state.test.ts (10 tests) 4ms
 ✓ src/modes/software/state.test.ts (4 tests) 4ms
 ✓ src/lifecycle.test.ts (4 tests) 62ms
 ✓ src/app-shell/operation-coordinator.test.ts (6 tests) 66ms
 ✓ src/modes/status/state.test.ts (3 tests) 3ms
 ✓ src/api/bridge.test.ts (4 tests) 8ms
 ✓ src/api/contract.test.ts (34 tests) 9ms
 ✓ src/components/TargetTable.test.tsx (1 test) 134ms
 ✓ src/pages/ScanPage.test.tsx (2 tests) 124ms
 ✓ src/api/fixture-bridge.test.ts (3 tests) 5ms
 ✓ src/modes/optimize/state.test.ts (4 tests) 3ms
 ✓ src/modes/optimize/parity.test.ts (2 tests) 2ms
 ✓ src/modes/status/StatusWorkbench.test.tsx (3 tests) 315ms
 ✓ src/app-shell/AppShell.test.tsx (15 tests) 1036ms
 ✓ src/modes/clean/reducer.test.ts (1 test) 2ms
 ✓ src/modes/analyze/state.test.ts (2 tests) 2ms
 ✓ src/modes/status/parity.test.ts (2 tests) 3ms
 ✓ src/support/SupportViews.test.tsx (6 tests) 436ms
   ✓ support views > keeps protection add behind confirmation  388ms
 ✓ src/modes/software/SoftwareWorkbench.test.tsx (2 tests) 534ms
   ✓ SoftwareWorkbench > renders manual rows, exact identity detail, preview, and second confirmation  462ms
 ✓ src/modes/optimize/OptimizeWorkbench.test.tsx (3 tests) 627ms
   ✓ OptimizeWorkbench > renders closed badges, refuses guidance run, and requires Settings confirmation  545ms
 ✓ src/styles.test.ts (4 tests) 2ms
 ✓ src/api/types-generation.test.ts (2 tests) 2108ms
   ✓ IPC type generation > is deterministic, committed, ASCII, and type-only  1075ms
   ✓ IPC type generation > changes when a named fixture changes  1032ms
 ✓ src/modes/analyze/AnalyzePage.test.tsx (6 tests) 1623ms
   ✓ AnalyzePage > restores the focused directory on its canonical 200-row parent page  619ms
   ✓ AnalyzePage > covers empty/loading/canceling/canceled/partial/error/complete copy in 'en'  305ms
   ✓ AnalyzePage > covers empty/loading/canceling/canceled/partial/error/complete copy in 'zh-CN'  328ms
 ✓ src/App.test.tsx (34 tests) 4342ms
   ✓ desktop workflow > invalidates a dry run after selection changes, then confirms and reports execution  490ms
 Test Files  29 passed (29)
      Tests  170 passed (170)
   Start at  18:50:24
   Duration  7.80s (transform 2.63s, setup 7.17s, collect 11.87s, tests 11.48s, environment 27.08s, prepare 3.42s)
vite v7.3.6 building client environment for production...
transforming...
✓ 111 modules transformed.
rendering chunks...
computing gzip size...
dist/index.html                                  0.39 kB │ gzip:   0.26 kB
... (4 lines truncated)
[see remaining: tail -n +51 "$HOME/AppData/Local/rtk/tee/1788173435_just_desktop-web-check.log"]

EXIT 0
