COMMAND: cargo test -p devsweep-core analysis
OUTPUT:
   Compiling devsweep-core v0.2.0 (D:\Documents\Code\Rust\Exp\devsweep\crates\devsweep-core)
    Finished `test` profile [unoptimized + debuginfo] target(s) in 3.20s
     Running unittests src\lib.rs (target\debug\deps\devsweep_core-fd8a33434261c161.exe)

running 15 tests
test analysis::model::tests::snapshot_dto_has_no_cleanup_fields ... ok
test analysis::walker::native_metadata_tests::permission_denied_unverified_open_maps_to_access_denied_path ... ok
test analysis::tests::byte_cap_attempt_returns_partial_budget ... ok
test analysis::tests::source_has_no_cleanup_plan_conversion ... ok
test analysis::tests::cancel_joins_and_marks_canceled ... ok
test analysis::tests::churn_and_cycle_are_distinguishable ... ok
test analysis::tests::complete_snapshot_reconciles_parent_child_totals ... ok
test analysis::tests::serial_fallback_matches_two_worker_totals ... ok
test analysis::tests::progress_queue_replaces_unsent_batches ... ok
test analysis::tests::native_sparse_file_reports_complete_logical_size ... ok
test analysis::tests::fake_sparse_file_reports_logical_size_without_real_content ... ok
test analysis::tests::native_reparse_is_a_leaf ... ok
test analysis::tests::analysis_250k_v1_stores_exact_node_ceiling ... ok
test analysis::tests::analysis_250k_overflow_returns_partial_budget ... ok
test analysis::tests::native_live_churn_distinguishes_deleted_and_growing_files_and_denied_branch ... ok

test result: ok. 15 passed; 0 failed; 0 ignored; 0 measured; 185 filtered out; finished in 5.07s

     Running tests\public_api.rs (target\debug\deps\public_api-0a951bb622bad412.exe)

running 0 tests

test result: ok. 0 passed; 0 failed; 0 ignored; 0 measured; 1 filtered out; finished in 0.00s

EXIT_CODE: 0
