COMMAND: cargo test -p devsweep-core native_live_churn_distinguishes_deleted_and_growing_files_and_denied_branch (3 repetitions)
RUN: 1
    Finished `test` profile [unoptimized + debuginfo] target(s) in 0.40s
     Running unittests src\lib.rs (target\debug\deps\devsweep_core-fd8a33434261c161.exe)

running 1 test
test analysis::tests::native_live_churn_distinguishes_deleted_and_growing_files_and_denied_branch ... ok

test result: ok. 1 passed; 0 failed; 0 ignored; 0 measured; 199 filtered out; finished in 5.66s

     Running tests\public_api.rs (target\debug\deps\public_api-0a951bb622bad412.exe)

running 0 tests

test result: ok. 0 passed; 0 failed; 0 ignored; 0 measured; 1 filtered out; finished in 0.00s

RUN_EXIT_CODE: 0
RUN: 2
    Finished `test` profile [unoptimized + debuginfo] target(s) in 0.41s
     Running unittests src\lib.rs (target\debug\deps\devsweep_core-fd8a33434261c161.exe)

running 1 test
test analysis::tests::native_live_churn_distinguishes_deleted_and_growing_files_and_denied_branch ... ok

test result: ok. 1 passed; 0 failed; 0 ignored; 0 measured; 199 filtered out; finished in 6.80s

     Running tests\public_api.rs (target\debug\deps\public_api-0a951bb622bad412.exe)

running 0 tests

test result: ok. 0 passed; 0 failed; 0 ignored; 0 measured; 1 filtered out; finished in 0.00s

RUN_EXIT_CODE: 0
RUN: 3
    Finished `test` profile [unoptimized + debuginfo] target(s) in 0.41s
     Running unittests src\lib.rs (target\debug\deps\devsweep_core-fd8a33434261c161.exe)

running 1 test
test analysis::tests::native_live_churn_distinguishes_deleted_and_growing_files_and_denied_branch ... ok

test result: ok. 1 passed; 0 failed; 0 ignored; 0 measured; 199 filtered out; finished in 5.85s

     Running tests\public_api.rs (target\debug\deps\public_api-0a951bb622bad412.exe)

running 0 tests

test result: ok. 0 passed; 0 failed; 0 ignored; 0 measured; 1 filtered out; finished in 0.00s

RUN_EXIT_CODE: 0
EXIT_CODE: 0
