COMMAND: just desktop-web-check
CWD: D:\Documents\Code\Rust\Exp\devsweep
STARTED: 2026-08-31T16:49:16.6524490+08:00


cd desktop; npm run types:generate; npm run lint; npm run typecheck; npm test; npm run build
npm notice run devsweep-desktop-ui@0.2.0 types:generate
npm notice run node scripts/generate-types.mjs
generated src/api/types.gen.ts from 32 named fixture files
npm notice run devsweep-desktop-ui@0.2.0 lint
npm notice run eslint .
npm notice run devsweep-desktop-ui@0.2.0 typecheck
npm notice run tsc --noEmit
npm notice run devsweep-desktop-ui@0.2.0 test
npm notice run vitest run

 RUN  v3.2.7 D:/Documents/Code/Rust/Exp/devsweep/desktop

 ✓ src/modes/analyze/selectors.test.ts (2 tests) 4ms
 ✓ src/modes/analyze/treemap.test.ts (3 tests) 10ms
 ✓ src/app-shell/operation-coordinator.test.ts (6 tests) 58ms
 ✓ src/modes/analyze/parity.test.ts (1 test) 4ms
 ✓ src/state/app-state.test.ts (10 tests) 4ms
 ✓ src/modes/software/parity.test.ts (2 tests) 3ms
 ✓ src/i18n/index.test.ts (5 tests) 8ms
 ✓ src/lifecycle.test.ts (4 tests) 68ms
 ✓ src/modes/optimize/parity.test.ts (2 tests) 2ms
 ✓ src/api/bridge.test.ts (4 tests) 7ms
 ✓ src/pages/ScanPage.test.tsx (2 tests) 145ms
 ✓ src/components/TargetTable.test.tsx (1 test) 135ms
 ✓ src/modes/status/state.test.ts (3 tests) 3ms
 ✓ src/api/contract.test.ts (27 tests) 7ms
 ✓ src/modes/optimize/state.test.ts (4 tests) 3ms
 ✓ src/api/fixture-bridge.test.ts (3 tests) 5ms
 ✓ src/modes/software/state.test.ts (4 tests) 3ms
 ✓ src/modes/status/parity.test.ts (2 tests) 3ms
 ✓ src/modes/status/StatusWorkbench.test.tsx (3 tests) 325ms
 ✓ src/app-shell/AppShell.test.tsx (15 tests) 1110ms
 ✓ src/styles.test.ts (4 tests) 2ms
 ✓ src/modes/software/SoftwareWorkbench.test.tsx (2 tests) 554ms
   ✓ SoftwareWorkbench > renders manual rows, exact identity detail, preview, and second confirmation  479ms
 ✓ src/modes/clean/reducer.test.ts (1 test) 2ms
 ✓ src/modes/analyze/state.test.ts (2 tests) 2ms
 ✓ src/modes/optimize/OptimizeWorkbench.test.tsx (3 tests) 652ms
   ✓ OptimizeWorkbench > renders closed badges, refuses guidance run, and requires Settings confirmation  573ms
 ✓ src/api/types-generation.test.ts (2 tests) 2298ms
   ✓ IPC type generation > is deterministic, committed, ASCII, and type-only  1159ms
   ✓ IPC type generation > changes when a named fixture changes  1138ms
 ✓ src/modes/analyze/AnalyzePage.test.tsx (6 tests) 1697ms
   ✓ AnalyzePage > restores the focused directory on its canonical 200-row parent page  705ms
   ✓ AnalyzePage > covers empty/loading/canceling/canceled/partial/error/complete copy in 'en'  304ms
   ✓ AnalyzePage > covers empty/loading/canceling/canceled/partial/error/complete copy in 'zh-CN'  325ms
 ✓ src/App.test.tsx (34 tests) 4270ms
   ✓ desktop workflow > invalidates a dry run after selection changes, then confirms and reports execution  461ms

 Test Files  28 passed (28)
      Tests  157 passed (157)
   Start at  16:49:22
   Duration  7.91s (transform 3.20s, setup 6.51s, collect 11.86s, tests 11.38s, environment 28.18s, prepare 4.09s)

npm notice run devsweep-desktop-ui@0.2.0 build
npm notice run tsc --noEmit && vite build
vite v7.3.6 building client environment for production...
transforming...
✓ 105 modules transformed.
rendering chunks...
computing gzip size...
dist/index.html                                  0.39 kB │ gzip:   0.26 kB
dist/assets/devsweep-icon-master-Bn2Ejx_Y.png  956.58 kB
dist/assets/index-CeF7JneP.css                  27.85 kB │ gzip:   6.13 kB
dist/assets/index-DnvjQsgH.js                  469.75 kB │ gzip: 114.66 kB
✓ built in 612ms

EXIT: 0
