**********************
PowerShell transcript start
Start time: 20260830212205
Username: DESKTOP-516BF74\lyh
RunAs User: DESKTOP-516BF74\lyh
Configuration Name: 
Machine: DESKTOP-516BF74 (Microsoft Windows NT 10.0.26200.0)
Host Application: C:\Program Files\PowerShell\7\pwsh.dll -NoProfile -ExecutionPolicy Bypass -File .trellis/tasks/08-29-desktop-shell-navigation-brand/evidence/webview-shutdown-diag-20260830/03-port-only-close.ps1
Process ID: 11164
PSVersion: 7.6.5
PSEdition: Core
GitCommitId: 7.6.5
OS: Microsoft Windows 10.0.26200
Platform: Win32NT
PSCompatibleVersions: 1.0, 2.0, 3.0, 4.0, 5.0, 5.1, 6.0, 7.0
PSRemotingProtocolVersion: 2.4
SerializationVersion: 1.1.0.1
WSManStackVersion: 3.0
**********************
LAUNCH pid=52092 hwnd=0x35E1262 targets=1 webviews=5 (no CDP websocket)
CLOSE close_main_window=True wait_for_exit=True main_elapsed_ms=58
SAMPLE i=1 after_ms=2942 owned=0 listeners=0 pids=
FINAL owned=0 listeners=0
**********************
PowerShell transcript end
End time: 20260830212215
**********************
