   Compiling proc-macro2 v1.0.107
   Compiling unicode-ident v1.0.24
   Compiling quote v1.0.47
   Compiling windows_x86_64_msvc v0.52.6
   Compiling version_check v0.9.5
   Compiling crossbeam-utils v0.8.22
   Compiling typenum v1.20.1
   Compiling crossbeam-epoch v0.9.20
   Compiling crossbeam-deque v0.8.7
   Compiling serde_core v1.0.229
   Compiling cfg-if v1.0.4
   Compiling once_cell v1.21.4
   Compiling getrandom v0.4.3
   Compiling rayon-core v1.13.0
   Compiling zmij v1.0.23
   Compiling serde_json v1.0.151
   Compiling windows-link v0.2.1
   Compiling anyhow v1.0.104
   Compiling serde v1.0.229
   Compiling pin-project-lite v0.2.17
   Compiling itoa v1.0.18
   Compiling scopeguard v1.2.0
   Compiling either v1.17.0
   Compiling cpufeatures v0.2.17
   Compiling generic-array v0.14.7
   Compiling fastrand v2.5.0
   Compiling memchr v2.8.3
   Compiling tracing-core v0.1.36
   Compiling log v0.4.33
   Compiling windows-sys v0.61.2
   Compiling windows-targets v0.52.6
   Compiling tempfile v3.27.0
   Compiling windows-result v0.1.2
   Compiling windows-sys v0.59.0
   Compiling syn v2.0.119
   Compiling syn v3.0.3
   Compiling crypto-common v0.1.7
   Compiling block-buffer v0.10.4
   Compiling digest v0.10.7
   Compiling sha2 v0.10.9
   Compiling rayon v1.12.0
   Compiling serde_derive v1.0.229
   Compiling windows-implement v0.56.0
   Compiling windows-interface v0.56.0
   Compiling tracing-attributes v0.1.31
   Compiling windows-core v0.56.0
   Compiling tracing v0.1.44
   Compiling windows v0.56.0
   Compiling trash v5.2.6
   Compiling devsweep-core v0.3.0 (D:\Documents\Code\Rust\Exp\devsweep\crates\devsweep-core)
    Finished `test` profile [unoptimized + debuginfo] target(s) in 28.03s
