   Compiling devsweep-core v0.3.0 (D:\Documents\Code\Rust\Exp\devsweep\crates\devsweep-core)
    Finished `test` profile [unoptimized + debuginfo] target(s) in 11.85s
     Running unittests src\lib.rs (target\debug\deps\devsweep_core-2ca6c9bc5b0fca68.exe)

running 385 tests
test analysis::actions::tests::reveal_treats_only_a_launch_failure_as_an_error ... ok
test analysis::actions::tests::reveal_uses_explorer_with_separate_argv_and_neutral_cwd ... ok
test analysis::model::tests::snapshot_dto_has_no_cleanup_fields ... ok
test analysis::walker::native_metadata_tests::permission_denied_unverified_open_maps_to_access_denied_path ... ok
test analysis::tests::source_has_no_cleanup_plan_conversion ... ok
test cargo_metadata::tests::cargo_metadata_parser_reads_workspace_and_target ... ok
test cargo_metadata::tests::truncated_cargo_metadata_is_classified_before_json_parsing ... ok
test cargo_metadata::tests::cargo_metadata_parser_collects_only_explicit_workspace_member_manifests ... ok
test analysis::actions::tests::plan_files_cannot_carry_the_analyze_trash_rule ... ok
test analysis::actions::tests::other_profiles_and_volume_system_folders_are_refused ... ok
test desktop_preferences::tests::fixed_path_missing_environment_and_missing_storage ... ok
test desktop_preferences::tests::installed_family_validation_preserves_unicode_and_punctuation ... ok
test desktop_preferences::tests::concurrent_unrelated_thread_patches_keep_all_fields ... ok
test desktop_preferences::tests::all_theme_ids_survive_save_reload_and_keep_legacy_bytes ... ok
test desktop_preferences::tests::failed_replace_and_invalid_rust_patch_keep_old_bytes_and_allow_retry ... ok
test desktop_preferences::tests::numeric_choices_and_patch_shapes_are_closed ... ok
test desktop_preferences::tests::legacy_mapping_is_read_only_until_explicit_first_save ... ok
test desktop_preferences::tests::readonly_v2_refuses_replace_and_preserves_both_versions ... ok
test desktop_preferences::tests::unreadable_path_fails_without_replacing_the_existing_entry ... ok
test desktop_preferences::tests::default_document_is_exact_and_all_tags_round_trip ... ok
test desktop_preferences::tests::legacy_and_v2_invalid_or_unreadable_documents_never_fall_back_or_reset ... ok
test execution::audit::tests::fixed_v1_path_never_selects_appdata_or_a_fallback ... ok
test execution::audit::tests::history_handoff_fixtures_cannot_recover_executable_text ... ok
test execution::audit::tests::execution_and_protection_records_are_redacted ... ok
test execution::audit::tests::legacy_appdata_journal_is_never_discovered ... ok
test execution::audit::tests::records_without_estimated_bytes_still_parse ... ok
test execution::audit::tests::succeeded_trash_moves_record_estimated_bytes_only ... ok
test execution::audit::tests::unknown_version_and_corrupt_bytes_are_preserved ... ok
test execution::safety::protections::tests::protection_add_remove_is_canonical_and_reparse_safe_for_display ... ok
test execution::safety::protections::tests::protection_audit_sink_accepts_valid_records ... ok
test desktop_preferences::tests::resets_touch_only_their_group_and_preserve_language_bytes ... ok
test desktop_preferences::tests::v1_remains_closed_to_unknown_fields_tags_and_values ... ok
test execution::safety::protections::tests::protection_identity_hash_never_embeds_raw_path ... ok
test execution::safety::protections::tests::protection_missing_add_target_is_refused_before_persist ... ok
test execution::safety::protections::tests::protection_post_replace_audit_failure_is_unknown_without_rollback ... ok
test execution::safety::protections::tests::protection_pre_mutation_audit_failure_blocks_store ... ok
test execution::safety::protections::tests::protection_concurrent_writers_do_not_lose_updates ... ok
test execution::safety::protections::tests::protection_store_preserves_corrupt_and_unknown_bytes ... ok
test execution::safety::protections::tests::protection_duplicate_add_is_idempotent ... ok
test execution::safety::protections::tests::protection_replace_rejects_invalid_snapshot ... ok
test desktop_preferences::tests::malformed_future_unknown_and_invalid_documents_preserve_bytes_on_every_patch ... ok
test execution::safety::tests::ancestor_symlink_replacement_is_denied ... ok
test execution::safety::tests::allows_legal_descendants_under_home_and_scan_root ... ok
test execution::safety::tests::current_exe_lookup_failure_is_fail_closed ... ok
test execution::safety::tests::unavailable_protection_store_denies_all_path_cleanup ... ok
test execution::safety::tests::cloud_files_reparse_tags_deny_target_marker_and_ancestor ... ok
test execution::safety::tests::denies_exact_nodes_and_protected_subtrees_with_categories ... ok
test execution::safety::tests::user_protection_immediately_denies_cleanup_of_the_protected_path ... ok
test execution::safety::tests::toctou_rejects_renamed_recreated_target_and_missing_marker ... ok
test execution::tests::cancel_flag_stops_later_targets_before_dispatch ... ok
test execution::safety::tests::user_protection_list_persists_canonical_entries_atomically ... ok
test execution::tests::authorization_denial_is_audited_before_later_target_dispatch ... ok
test execution::tests::audit_records_success_and_failure_while_job_continues ... ok
test execution::tests::confirmation_digest_is_stable_and_sensitive_to_manifest_and_selection ... ok
test execution::tests::dry_run_does_not_call_command_or_trash_runners ... ok
test execution::tests::duplicate_selection_is_deduplicated_and_noted ... ok
test execution::tests::empty_selection_executes_nothing ... ok
test execution::tests::execution_report_round_trips_with_outcomes_and_capacity_confidence ... ok
test execution::tests::inspect_only_selection_is_rejected_before_audit_or_runner_calls ... ok
test execution::tests::cancel_is_passed_into_command_runner_for_in_flight_termination ... ok
test execution::tests::command_action_uses_program_and_argv_without_shell_composition ... ok
test execution::tests::legacy_journal_bytes_fail_closed_and_are_preserved ... ok
test execution::tests::explicit_selection_drives_execution ... ok
test execution::tests::permanent_delete_action_is_rejected_before_execution ... ok
test execution::tests::observed_execution_progress_reports_success_and_failure_outcomes ... ok
test execution::tests::once_ledger_rejects_a_duplicate_fingerprint_before_second_runner_call ... ok
test execution::tests::stale_confirmation_rejects_before_audit_or_side_effects ... ok
test execution::tests::process_command_runner_sanitizes_control_chars_on_failure ... ok
test execution::tests::observed_execution_reports_per_target_progress ... ok
test execution::tests::safety_skip_audit_failure_halts_before_later_side_effects ... ok
test execution::tests::started_sync_failure_blocks_side_effect ... ok
test execution::tests::terminal_audit_failure_reports_unknown_after_side_effect ... ok
test execution::tests::unknown_ids_in_selection_are_rejected_atomically ... ok
test filesystem::containment::tests::path_contains_path_handles_existing_and_missing_children ... ok
test execution::tests::target_containing_running_executable_is_skipped_before_command_runs ... ok
test filesystem::identity::tests::normalizes_lexical_dot_segments_without_filesystem_access ... ok
test filesystem::identity::tests::normalizes_windows_case_separators_and_verbatim_prefixes ... ok
test filesystem::identity::tests::rejects_relative_paths_and_root_escapes ... ok
test filesystem::identity::tests::captures_stable_identity_for_existing_directory ... ok
test execution::tests::trash_action_uses_only_path_from_cleanup_plan ... ok
test filesystem::sizing::tests::dedicated_pool_enforces_the_worker_ceiling ... ok
test filesystem::sizing::tests::dedicated_and_serial_modes_preserve_fresh_root_child_budgets ... ok
test filesystem::sizing::tests::estimate_tree_counts_file_bytes_and_latest_mtime ... ok
test filesystem::sizing::tests::estimate_tree_does_not_follow_symlinked_directories ... ok
test filesystem::sizing::tests::dedicated_and_serial_modes_cancel_mid_walk_without_deadlock ... ok
test filesystem::sizing::tests::estimate_tree_does_not_follow_windows_reparse_points ... ok
test filesystem::sizing::tests::estimate_tree_fails_closed_when_reparse_probe_cannot_verify_root ... ok
test filesystem::sizing::tests::estimate_tree_excludes_injected_cloud_files_reparse_child ... ok
test filesystem::sizing::tests::estimate_tree_fails_closed_when_reparse_probe_is_unsupported ... ok
test filesystem::sizing::tests::estimate_tree_marks_missing_path_unknown ... ok
test filesystem::sizing::tests::estimate_tree_marks_empty_directory_complete_zero ... ok
test filesystem::sizing::tests::estimate_trees_preserve_order_and_match_single_root_walks ... ok
test filesystem::sizing::tests::low_max_depth_is_incomplete_in_both_root_modes ... ok
test execution::tests::trash_failure_reports_target_and_continues_remaining_targets ... ok
test filesystem::sizing::tests::one_handle_entry_inspection_matches_metadata_plus_probe ... ok
test filesystem::sizing::tests::path_probe_treats_a_nonzero_tag_as_reparse_without_the_attribute_bit ... ok
test history::tests::clean_moved_totals_mark_corrupt_lines_as_lower_bound ... ok
test history::tests::clean_moved_totals_sum_succeeded_trash_moves_and_count_unknown_records ... ok
test history::tests::history_reader_cannot_reconstruct_executable_argv ... ok
test history::tests::history_reader_decodes_software_support_records_without_paths ... ok
test history::tests::history_reader_marks_corrupt_clean_store_unavailable ... ok
test history::tests::history_reader_opens_only_the_three_fixed_v1_stores ... ok
test history::tests::history_reader_redacts_protection_mutations_without_raw_paths ... ok
test history::tests::history_reader_tolerates_mixed_versions_and_rejects_unknown_schema ... ok
test history::tests::history_show_missing_id_is_not_found_when_stores_are_readable ... ok
test inventory::pnpm::tests::orphan_finding_requires_complete_non_candidate_reference_evidence ... ok
test inventory::tests::canceled_inventory_returns_partial_read_only_report ... ok
test inventory::tests::inventory_estimation_uses_the_injected_reparse_probe_for_nested_children ... ok
test inventory::tests::inventory_json_has_no_cleanup_authority_fields ... ok
test inventory::tests::inventory_reports_read_only_top_level_observations ... ok
test inventory::tests::inventory_skips_injected_cloud_files_reparse_root_without_an_observation ... ok
test model::plan::tests::default_selected_ids_returns_default_selected_targets_in_plan_order ... ok
test model::plan::tests::empty_plan_has_versioned_shape ... ok
test model::plan::tests::untrusted_target_round_trips_through_json_without_executable_fields ... ok
test model::scan::tests::diagnostics_force_partial_scan_health ... ok
test model::scan::tests::embedded_plan_rejects_untrusted_executable_fields ... ok
test model::scan::tests::incomplete_target_warnings_are_typed_and_make_a_report_partial ... ok
test model::scan::tests::scan_report_rejects_untrusted_executable_fields ... ok
test model::scan::tests::scan_report_round_trips_with_structured_health ... ok
test model::scan::tests::scan_totals_keep_verified_partial_and_unknown_observations_separate ... ok
test filesystem::sizing::tests::parallel_estimate_matches_serial_reference ... ok
test optimize::tests::audit::catalogue_identity_must_be_closed_and_consistent ... ok
test optimize::tests::audit::fixed_path_requires_local_app_data ... ok
test optimize::tests::audit::exclusive_lock_conflict_does_not_modify_journal ... ok
test optimize::tests::audit::journal_is_durable_redacted_and_rejects_unknown_versions ... ok
test optimize::tests::audit::happy_trail_is_monotonic_and_terminal_is_closed ... ok
test optimize::tests::authorizer::changed_preflight_produces_a_different_digest_and_fails_the_old_one ... ok
test optimize::tests::authorizer::digest_binds_catalogue_version_id_class_and_identity ... ok
test optimize::tests::authorizer::digest_validation_rejects_mismatch_and_foreign_digest ... ok
test optimize::tests::authorizer::dry_run_and_execute_resolve_byte_equivalent_identities ... ok
test optimize::tests::authorizer::guidance_cannot_resolve_any_dispatch_identity ... ok
test optimize::tests::authorizer::preview_documents_never_leak_resolved_identities ... ok
test optimize::tests::authorizer::unsupported_preflight_states_are_typed_failures ... ok
test optimize::tests::authorizer::versioned_headers_fail_closed ... ok
test optimize::tests::catalogue::action_class_serialization_is_closed ... ok
test optimize::tests::catalogue::exactly_eight_rows_in_frozen_order ... ok
test optimize::tests::catalogue::guidance_rows_never_plan ... ok
test optimize::tests::catalogue::hostile_plan_fields_fail_closed_at_decode ... ok
test optimize::tests::catalogue::plans_carry_only_version_catalogue_and_one_id ... ok
test optimize::tests::catalogue::settings_handoffs_are_the_exact_frozen_literals ... ok
test optimize::tests::catalogue::unknown_and_rejected_categories_cannot_resolve ... ok
test optimize::tests::audit::terminal_must_match_accumulated_adapter_evidence ... ok
test optimize::tests::execution::audit_records_stay_redacted ... ok
test optimize::tests::execution::adapter_failure_and_unfinished_map_to_failed_and_unknown ... ok
test optimize::tests::execution::cancel_after_dispatch_is_unknown ... ok
test optimize::tests::execution::confirmation_is_required ... ok
test filesystem::sizing::tests::estimate_tree_stops_promptly_when_cancel_is_requested ... ok
test optimize::tests::execution::cancel_before_dispatch_is_canceled_without_a_call ... ok
test optimize::tests::execution::confirmed_dns_success_writes_the_full_audit_trail ... ok
test optimize::tests::execution::digest_mismatch_fails_before_dispatch_without_touching_the_journal ... ok
processed file: C:\Users\lyh\AppData\Local\Temp\.tmp8uh4ZX\root/denied
Successfully processed 1 files; Failed processing 0 files
test filesystem::sizing::tests::estimate_tree_marks_denied_child_incomplete ... ok
test optimize::tests::execution::one_operation_permit_serializes_concurrent_runs ... ok
test optimize::tests::execution::lock_conflict_fails_closed_and_preserves_bytes ... ok
test optimize::tests::execution::terminal_classification_is_exhaustive_and_closed ... ok
test optimize::tests::execution::settings_success_is_only_launched ... ok
test optimize::tests::windows::build_query_is_manifest_independent_and_monotonic ... ok
test optimize::tests::execution::stale_catalogue_version_fails_before_dispatch ... ok
test optimize::tests::windows::dns_flush_request_is_program_plus_exact_fixed_argv ... ok
test optimize::tests::windows::execute_resolution_is_windows_only ... ok
test optimize::tests::windows::identity_checks_reject_hostile_paths ... ok
test optimize::tests::execution::recovery_never_redispatches_pending_operations ... ok
test optimize::tests::windows::native_settings_shell_execute_probe ... ignored, native Settings ShellExecuteExW probe
test optimize::tests::windows::process_status_mapping_is_closed ... ok
test optimize::tests::windows::resolved_ipconfig_identity_is_native_system32_not_syswow64 ... ok
test optimize::tests::windows::settings_resolution_requires_a_real_build_answer ... ok
test plan::tests::digest_binds_the_reconstructed_provider_command ... ok
test optimize::tests::execution::unsupported_preflight_fails_before_dispatch ... ok
test plan::tests::digest_changes_when_a_validated_target_changes ... ok
test plan::tests::json_dto_rejects_arbitrary_action_fields ... ok
test plan::tests::equivalent_target_order_has_the_same_digest ... ok
test plan::tests::nested_plan_facts_reject_unknown_fields ... ok
test plan::tests::provider_aliases_cannot_bypass_logical_fingerprint_deduplication ... ok
test plan::tests::provider_commands_use_trusted_logical_footprints_for_deduplication ... ok
test plan::tests::rejects_duplicate_equivalent_fingerprints ... ok
test plan::tests::rejects_path_mismatches_before_action_reconstruction ... ok
test plan::tests::rejects_paths_that_escape_the_declared_project_scope ... ok
test plan::tests::rejects_relative_paths_before_registry_resolution ... ok
test plan::tests::rejects_selected_inspect_only_intents ... ok
test plan::tests::rejects_risk_and_reversibility_that_drift_from_the_registry ... ok
test plan::tests::rejects_unknown_plan_versions ... ok
test plan::tests::rejects_unknown_rules_and_actions ... ok
test plan::tests::rejects_v1_with_rescan_guidance ... ok
test plan::tests::rejects_windows_case_separator_and_trailing_separator_duplicates ... ok
test plan::tests::sizing_warnings_are_observational_and_do_not_change_cleanup_authority ... ok
test plan::tests::typed_intents_reject_arbitrary_programs_and_arguments ... ok
test optimize::tests::windows::dispatch_runs_the_exact_request_without_a_shell ... ok
test optimize::tests::windows::native_ipconfig_flushdns_dispatch_succeeds ... ok
test presentation_settings::tests::concurrent_frontends_serialize_complete_transactions ... ok
test presentation_settings::tests::fixed_windows_path_never_selects_a_fallback_root ... ok
test presentation_settings::tests::missing_file_means_no_explicit_choice ... ok
test presentation_settings::tests::dropped_abnormal_owner_releases_kernel_lock_even_when_name_remains ... ok
test presentation_settings::tests::windows_exclusive_sidecar_errors_are_bounded_lock_contention ... ok
test presentation_settings::tests::exact_v1_bytes_and_closed_tags_round_trip ... ok
test presentation_settings::tests::corrupt_unknown_and_newer_documents_are_preserved_byte_for_byte ... ok
test presentation_settings::tests::post_commit_cleanup_failure_is_success_and_next_transaction_recovers ... ok
test process::tests::explicit_cwd_is_honored ... ok
test process::tests::cancel_during_run_terminates_and_returns_canceled ... ok
test process::tests::hung_child_times_out_within_policy ... ok
test process::tests::injected_cancel_observer_yields_canceled ... ok
test process::tests::endless_stderr_is_capped_with_truncation_mark ... ok
test process::tests::endless_stdout_is_capped_with_truncation_mark ... ok
test process::tests::neutral_cwd_is_not_caller_project_dir ... ok
test process::tests::non_utf8_and_nonzero_exit_are_typed_without_panic ... ok
test process::tests::not_found_program_returns_typed_status ... ok
error: test failed, to rerun pass `-p devsweep-core --lib`

Caused by:
  process didn't exit successfully: `D:\Documents\Code\Rust\Exp\devsweep\target\debug\deps\devsweep_core-2ca6c9bc5b0fca68.exe` (exit code: 0xc0000005, STATUS_ACCESS_VIOLATION)
note: test exited abnormally; to see the full output pass --no-capture to the harness.
