cd desktop; npm run tauri -- build
npm notice run devsweep-desktop-ui@0.3.0 tauri
npm notice run node scripts/tauri-dev.mjs build
        Info Looking up installed tauri packages to check mismatched versions...
     Running beforeBuildCommand `npm run build`
npm notice run devsweep-desktop-ui@0.3.0 build
npm notice run tsc --noEmit && vite build
vite v7.3.6 building client environment for production...
transforming...
✓ 407 modules transformed.
rendering chunks...
computing gzip size...
dist/index.html                                  0.47 kB │ gzip:   0.29 kB
dist/hud.html                                    0.47 kB │ gzip:   0.29 kB
dist/assets/devsweep-icon-master-Bn2Ejx_Y.png  956.58 kB
dist/assets/hud--4IwXFR3.css                     8.27 kB │ gzip:   2.35 kB
dist/assets/main-T32n3GxJ.css                   59.57 kB │ gzip:  11.32 kB
dist/assets/hud-DlnO5Qyr.js                      2.69 kB │ gzip:   1.18 kB
dist/assets/main-BOfqx8mh.js                   173.98 kB │ gzip:  43.02 kB
dist/assets/state-CTAxlz6G.js                  655.06 kB │ gzip: 167.63 kB

(!) Some chunks are larger than 500 kB after minification. Consider:
- Using dynamic import() to code-split the application
- Use build.rollupOptions.output.manualChunks to improve chunking: https://rollupjs.org/configuration-options/#output-manualchunks
- Adjust chunk size limit for this warning via build.chunkSizeWarningLimit.
✓ built in 1.57s
   Compiling proc-macro2 v1.0.107
   Compiling quote v1.0.47
   Compiling unicode-ident v1.0.24
   Compiling serde_core v1.0.229
   Compiling siphasher v1.0.3
   Compiling cfg-if v1.0.4
   Compiling fastrand v2.5.0
   Compiling icu_normalizer_data v2.2.0
   Compiling icu_properties_data v2.2.0
   Compiling stable_deref_trait v1.2.1
   Compiling zmij v1.0.23
   Compiling thiserror v2.0.19
   Compiling smallvec v1.15.2
   Compiling windows_x86_64_msvc v0.52.6
   Compiling version_check v0.9.5
   Compiling parking_lot_core v0.9.12
   Compiling windows-link v0.2.1
   Compiling serde v1.0.229
   Compiling memchr v2.8.3
   Compiling typeid v1.0.3
   Compiling num-conv v0.2.2
   Compiling time-core v0.1.9
   Compiling phf_shared v0.13.1
   Compiling erased-serde v0.4.10
   Compiling strsim v0.11.1
   Compiling writeable v0.6.3
   Compiling litemap v0.8.2
   Compiling thiserror v1.0.69
   Compiling ident_case v1.0.1
   Compiling itoa v1.0.18
   Compiling utf8_iter v1.0.4
   Compiling anyhow v1.0.104
   Compiling generic-array v0.14.7
   Compiling phf_generator v0.13.1
   Compiling libc v0.2.189
   Compiling new_debug_unreachable v1.0.6
   Compiling scopeguard v1.2.0
   Compiling serde_json v1.0.151
   Compiling phf_codegen v0.13.1
   Compiling getrandom v0.4.3
   Compiling precomputed-hash v0.1.1
   Compiling lock_api v0.4.14
   Compiling winnow v1.0.4
   Compiling windows-link v0.1.3
   Compiling windows-sys v0.61.2
   Compiling toml_writer v1.1.2+spec-1.1.0
   Compiling ctor-proc-macro v0.0.7
   Compiling toml_parser v1.1.3+spec-1.1.0
   Compiling autocfg v1.5.1
   Compiling crossbeam-utils v0.8.22
   Compiling percent-encoding v2.3.2
   Compiling dtoa v1.0.11
   Compiling shlex v2.0.1
   Compiling find-msvc-tools v0.1.9
   Compiling log v0.4.33
   Compiling parking_lot v0.12.5
   Compiling indexmap v1.9.3
   Compiling windows-result v0.3.4
   Compiling form_urlencoded v1.2.2
   Compiling windows-strings v0.4.2
   Compiling selectors v0.36.1
   Compiling dtoa-short v0.3.5
   Compiling tendril v0.5.1
   Compiling aho-corasick v1.1.4
   Compiling alloc-no-stdlib v2.0.4
   Compiling syn v2.0.119
   Compiling syn v3.0.3
   Compiling string_cache_codegen v0.6.1
   Compiling serde_spanned v1.1.1
   Compiling semver v1.0.28
   Compiling cc v1.4.0
   Compiling string_cache v0.9.0
   Compiling toml_datetime v1.1.1+spec-1.1.0
   Compiling unic-char-range v0.9.0
   Compiling regex-syntax v0.8.11
   Compiling unic-common v0.9.0
   Compiling byteorder v1.5.0
   Compiling camino v1.2.5
   Compiling alloc-stdlib v0.2.4
   Compiling web_atoms v0.2.5
   Compiling uuid v1.24.0
   Compiling unic-char-property v0.9.0
   Compiling toml v1.1.4+spec-1.1.0
   Compiling unic-ucd-version v0.9.0
   Compiling winapi-util v0.1.11
   Compiling regex-automata v0.4.16
   Compiling servo_arc v0.4.3
   Compiling bitflags v2.13.1
   Compiling schemars v0.8.22
   Compiling equivalent v1.0.2
   Compiling powerfmt v0.2.0
   Compiling rustc-hash v2.1.3
   Compiling hashbrown v0.12.3
   Compiling bit-vec v0.8.0
   Compiling deranged v0.5.8
   Compiling hashbrown v0.17.1
   Compiling fnv v1.0.7
   Compiling same-file v1.0.6
   Compiling unic-ucd-ident v0.9.0
   Compiling brotli-decompressor v5.0.3
   Compiling windows-targets v0.52.6
   Compiling bit-set v0.8.0
   Compiling time v0.3.54
   Compiling cfb v0.7.3
   Compiling indexmap v2.14.0
   Compiling vswhom-sys v0.1.3
   Compiling serde_derive v1.0.229
   Compiling displaydoc v0.2.7
   Compiling thiserror-impl v2.0.19
   Compiling quick-xml v0.41.0
   Compiling base64 v0.22.1
   Compiling dunce v1.0.5
   Compiling dyn-clone v1.0.20
   Compiling bytes v1.12.1
   Compiling foldhash v0.2.0
   Compiling once_cell v1.21.4
   Compiling synstructure v0.13.2
   Compiling darling_core v0.23.0
   Compiling serde_derive_internals v0.29.1
   Compiling regex v1.13.1
   Compiling infer v0.19.0
   Compiling windows-sys v0.59.0
   Compiling http v1.5.0
   Compiling brotli v8.0.4
   Compiling walkdir v2.5.0
   Compiling serde-untagged v0.1.9
   Compiling ctor v0.8.0
   Compiling windows-threading v0.1.0
   Compiling glob v0.3.4
   Compiling winreg v0.55.0
   Compiling rustc_version v0.4.1
   Compiling toml_datetime v0.7.5+spec-1.1.0
   Compiling time-macros v0.2.32
   Compiling typenum v1.20.1
   Compiling crc32fast v1.5.0
   Compiling winnow v0.7.15
   Compiling simd-adler32 v0.3.10
   Compiling option-ext v0.2.0
   Compiling zerovec-derive v0.11.3
   Compiling phf_macros v0.13.1
   Compiling thiserror-impl v1.0.69
   Compiling cssparser-macros v0.6.1
   Compiling zerofrom-derive v0.1.7
   Compiling yoke-derive v0.8.2
   Compiling windows-interface v0.59.3
   Compiling windows-implement v0.60.2
   Compiling derive_more-impl v2.1.1
   Compiling schemars_derive v0.8.22
   Compiling toml v0.9.12+spec-1.1.0
   Compiling dirs-sys v0.5.0
mbx[progress]: 15s elapsed; 103 hits, 25 misses, 0 bypassed, 65 not looked up; ~38.88s compiler work saved
   Compiling vswhom v0.1.0
   Compiling webview2-com-sys v0.38.2
   Compiling adler2 v2.0.1
   Compiling embed-resource v3.0.11
   Compiling darling_macro v0.23.0
   Compiling raw-window-handle v0.6.2
   Compiling heck v0.5.0
   Compiling tauri-winres v0.3.6
   Compiling miniz_oxide v0.8.9
   Compiling phf v0.13.1
   Compiling dirs v6.0.0
   Compiling windows-core v0.61.2
   Compiling cookie v0.18.1
   Compiling unicode-segmentation v1.13.3
   Compiling windows-collections v0.2.0
   Compiling windows-numerics v0.2.0
   Compiling windows-future v0.2.1
   Compiling markup5ever v0.38.0
   Compiling darling v0.23.0
   Compiling cssparser v0.36.0
   Compiling zerofrom v0.1.8
   Compiling derive_more v2.1.1
   Compiling crossbeam-epoch v0.9.20
   Compiling html5ever v0.38.0
   Compiling serde_with_macros v3.21.0
   Compiling pin-project-lite v0.2.17
   Compiling flate2 v1.1.9
   Compiling yoke v0.8.3
   Compiling windows v0.61.3
   Compiling cargo-platform v0.1.9
   Compiling jsonptr v0.6.3
   Compiling plist v1.10.0
   Compiling dpi v0.1.2
   Compiling zerovec v0.11.6
   Compiling zerotrie v0.2.4
   Compiling cargo_toml v0.22.3
   Compiling cargo_metadata v0.19.2
   Compiling json-patch v3.0.1
   Compiling tinystr v0.8.3
   Compiling potential_utf v0.1.5
   Compiling dom_query v0.27.0
   Compiling crypto-common v0.1.7
   Compiling serde_with v3.21.0
   Compiling icu_locale_core v2.2.0
   Compiling icu_collections v2.2.0
   Compiling block-buffer v0.10.4
   Compiling fdeflate v0.3.7
   Compiling webview2-com-macros v0.8.1
   Compiling tracing-attributes v0.1.31
   Compiling tracing-core v0.1.36
   Compiling crossbeam-channel v0.5.16
   Compiling windows-version v0.1.7
   Compiling bitflags v1.3.2
   Compiling icu_provider v2.2.0
   Compiling crossbeam-deque v0.8.7
   Compiling png v0.17.16
   Compiling digest v0.10.7
   Compiling icu_properties v2.2.0
   Compiling icu_normalizer v2.2.0
   Compiling windows-implement v0.56.0
   Compiling windows-interface v0.56.0
   Compiling windows-result v0.1.2
   Compiling tracing v0.1.44
   Compiling wry v0.55.1
   Compiling idna_adapter v1.2.2
   Compiling rayon-core v1.13.0
   Compiling tauri-runtime v2.11.3
   Compiling idna v1.1.0
   Compiling cpufeatures v0.2.17
   Compiling sha2 v0.10.9
   Compiling ico v0.5.0
   Compiling url v2.5.8
   Compiling windows-core v0.56.0
   Compiling keyboard-types v0.7.0
   Compiling tauri-runtime-wry v2.11.4
   Compiling getrandom v0.3.4
   Compiling softbuffer v0.4.8
   Compiling serialize-to-javascript-impl v0.1.2
   Compiling either v1.17.0
   Compiling window-vibrancy v0.6.0
   Compiling tokio v1.53.1
   Compiling serde_repr v0.1.21
   Compiling urlpattern v0.3.0
mbx[progress]: 30s elapsed; 118 hits, 33 misses, 0 bypassed, 224 not looked up; ~46.17s compiler work saved
   Compiling windows v0.56.0
   Compiling mime v0.3.17
   Compiling muda v0.19.3
   Compiling serialize-to-javascript v0.1.2
   Compiling rayon v1.12.0
   Compiling tauri-utils v2.9.3
   Compiling tray-icon v0.24.2
   Compiling tauri-build v2.6.3
   Compiling tauri-codegen v2.6.3
   Compiling tauri v2.11.5
   Compiling tauri-macros v2.6.3
   Compiling devsweep-desktop v0.3.0 (D:\Documents\Code\Rust\Exp\devsweep\desktop\src-tauri)
   Compiling trash v5.2.6
mbx[warning]: prediction was not restored: absolute path has no stable cache mapping: C:\Program Files\Microsoft Visual Studio\18\Enterprise\VC\Tools\MSVC\14.51.36231\atlmfc\lib\x64
   Compiling devsweep-core v0.3.0 (D:\Documents\Code\Rust\Exp\devsweep\crates\devsweep-core)
mbx[warning]: result was not stored: rustc search path kind is not cacheable yet: native
mbx[progress]: 45s elapsed; 118 hits, 35 misses, 0 bypassed, 245 not looked up; ~46.17s compiler work saved
   Compiling tao v0.35.3
   Compiling webview2-com v0.38.2
mbx[progress]: 1m elapsed; 118 hits, 35 misses, 0 bypassed, 252 not looked up; ~46.17s compiler work saved
mbx[progress]: 1m 15s elapsed; 118 hits, 35 misses, 0 bypassed, 252 not looked up; ~46.17s compiler work saved
mbx[progress]: 1m 30s elapsed; 118 hits, 36 misses, 1 bypassed, 252 not looked up; ~46.17s compiler work saved
mbx[progress]: 1m 45s elapsed; 118 hits, 36 misses, 1 bypassed, 252 not looked up; ~46.17s compiler work saved
mbx[progress]: 2m elapsed; 118 hits, 36 misses, 1 bypassed, 252 not looked up; ~46.17s compiler work saved
warning: linker stdout: 正在创建库 D:\Documents\Code\Rust\Exp\devsweep\target\release\deps\devsweep_desktop_lib.dll.lib 和对象 D:\Documents\Code\Rust\Exp\devsweep\target\release\deps\devsweep_desktop_lib.dll.exp
  |
  = note: `#[warn(linker_messages)]` on by default

warning: `devsweep-desktop` (lib) generated 1 warning
mbx[progress]: 3m elapsed; 118 hits, 36 misses, 2 bypassed, 252 not looked up; ~46.17s compiler work saved
mbx[progress]: 4m elapsed; 118 hits, 36 misses, 2 bypassed, 252 not looked up; ~46.17s compiler work saved
    Finished `release` profile [optimized] target(s) in 4m 13s
mbx[cache]: 118 hits, 36 misses, 252 not looked up, 1 incremental, 2 bypassed; 0 B downloaded, 0 B uploaded, 933.8 MiB stored locally
mbx[savings]: 843 compilations dispensed from stock. inventory immaculate.
       Built application at: D:\Documents\Code\Rust\Exp\devsweep\target\release\devsweep-desktop.exe
        Info Patching D:\Documents\Code\Rust\Exp\devsweep\target\release\devsweep-desktop.exe with bundle type information: nsis
        Info Target: x64
     Running makensis to produce D:\Documents\Code\Rust\Exp\devsweep\target\release\bundle\nsis\devsweep_0.3.0_x64-setup.exe
    Finished 1 bundle at:
        D:\Documents\Code\Rust\Exp\devsweep\target\release\bundle\nsis\devsweep_0.3.0_x64-setup.exe
