SCENARIO: actual Windows binary, read-only stale Software preview with current-user MSIX revalidation
COMMAND=D:\Documents\Code\Rust\Exp\devsweep\target\debug\devsweep.exe software preview --plan <task-evidence>/native-preview-stale-plan.json --format json
START_UTC=2026-08-31T00:09:02.7129902+00:00
END_UTC=2026-08-31T00:09:11.9312119+00:00
EXIT_CODE=3
INTEGRITY="Mandatory Label\Medium Mandatory Level","Label","S-1-16-8192",""
ROOT_PROCESS=pid=73568,name=devsweep,parent=73256
MAX_THREAD_COUNT=10
CHILD_PROCESSES=pid=27296,name=conhost,parent=73568
NEW_CONSENT_PROCESSES=
MACHINE_OUTCOME=failed
MACHINE_ERROR_CODE=invalid_software_authority
STDERR_BYTES=0
POST_EXIT_CHILD_PID=27296
POST_EXIT_PRESENT=False

SCENARIO: native Windows filesystem durability/redaction/version test
COMMAND: cargo test -p devsweep-core software::audit::tests::journal_is_durable_redacted_and_rejects_unknown_version -- --exact --nocapture
EXIT_CODE=0
running 1 test
test software::audit::tests::journal_is_durable_redacted_and_rejects_unknown_version ... ok
test result: ok. 1 passed; 0 failed; 0 ignored; 0 measured; 230 filtered out; finished in 0.01s

DEVIATION FROM FIRST DISCARDED PROBE:
The first integrity helper resolved through PATH to Git's bundled whoami rather than the Windows system binary and failed. Exact error:
0 [main] whoami (83180) C:\Program Files\Git\usr\bin\whoami.exe: *** fatal error - CreateFileMapping S-1-5-21-2143440361-2401194771-2834292696-1001.1, Win32 error 5. Terminating.
That probe was not used. The successful evidence above explicitly invoked %WINDIR%\System32\whoami.exe.
