cd desktop; npm run tauri -- build
npm notice run devsweep-desktop-ui@0.2.0 tauri
npm notice run tauri build
        Info Looking up installed tauri packages to check mismatched versions...
     Running beforeBuildCommand `npm run build`
npm notice run devsweep-desktop-ui@0.2.0 build
npm notice run tsc --noEmit && vite build
vite v7.3.6 building client environment for production...
transforming...
鉁?112 modules transformed.
rendering chunks...
computing gzip size...
dist/index.html                                  0.39 kB 鈹?gzip:   0.26 kB
dist/assets/devsweep-icon-master-Bn2Ejx_Y.png  956.58 kB
dist/assets/index-wTnVo1mv.css                  28.97 kB 鈹?gzip:   6.29 kB
dist/assets/index-BzitQEB1.js                  494.00 kB 鈹?gzip: 118.87 kB
鉁?built in 636ms
   Compiling devsweep-desktop v0.2.0 (D:\Documents\Code\Rust\Exp\devsweep\desktop\src-tauri)
    Finished `release` profile [optimized] target(s) in 2m 20s
       Built application at: D:\Documents\Code\Rust\Exp\devsweep\target\release\devsweep-desktop.exe
        Info Patching D:\Documents\Code\Rust\Exp\devsweep\target\release\devsweep-desktop.exe with bundle type information: nsis
        Info Target: x64
     Running makensis to produce D:\Documents\Code\Rust\Exp\devsweep\target\release\bundle\nsis\devsweep_0.2.0_x64-setup.exe
    Finished 1 bundle at:
        D:\Documents\Code\Rust\Exp\devsweep\target\release\bundle\nsis\devsweep_0.2.0_x64-setup.exe

