2026-08-31T15:45:27.1829046+08:00 repo=D:\Documents\Code\Rust\Exp\devsweep
2026-08-31T15:45:27.2215330+08:00 exe=D:\Documents\Code\Rust\Exp\devsweep\target\release\devsweep.exe
2026-08-31T15:45:27.8885271+08:00 os=Microsoft Windows 11 专业版 build=26200
2026-08-31T15:45:27.8905238+08:00 integrity=Mandatory Label\Medium Mandatory Level Label            S-1-16-8192                                                                                      
2026-08-31T15:45:27.9058385+08:00 consent.exe_count=0
2026-08-31T15:45:27.9561758+08:00 sha256=3E6CD1BF89AC27850F596AEE331B178AFDE5D2106097E71B2EAE2BF6C5DC112F pe=amd64 (0x8664)
2026-08-31T15:45:28.8816282+08:00 warmup_snapshot exit=5 latency_ms=593
2026-08-31T15:45:29.5067616+08:00 snapshot[1] exit=5 latency_ms=585 outcome=partial cpu=available power=available battery=True enumerated=653 truncated=True
2026-08-31T15:45:30.0995758+08:00 snapshot[2] exit=5 latency_ms=586 outcome=partial cpu=available power=available battery=True enumerated=653 truncated=True
2026-08-31T15:45:30.6826735+08:00 snapshot[3] exit=5 latency_ms=577 outcome=partial cpu=available power=available battery=True enumerated=653 truncated=True
2026-08-31T15:45:31.2646155+08:00 snapshot[4] exit=5 latency_ms=576 outcome=partial cpu=available power=available battery=True enumerated=653 truncated=True
2026-08-31T15:45:31.8493980+08:00 snapshot[5] exit=5 latency_ms=578 outcome=partial cpu=available power=available battery=True enumerated=654 truncated=True
2026-08-31T15:45:36.4494694+08:00 idle_pid=59720 private_median=1982464 threads_median=5 cpu_median_pct=0 samples=10
2026-08-31T15:45:36.5317995+08:00 live60_start pid=72672
2026-08-31T15:46:36.5970775+08:00 live60_stop running_before_stop=True has_exited=True exit= samples=300
2026-08-31T15:46:36.6159288+08:00 live60 cpu_median=0 cpu_p95=7.654 private_peak=3997696 threads_peak=5 present=300/300
2026-08-31T15:46:41.6348008+08:00 post_exit samples=25 leftover_same_exe=0 final_five_absent=True
2026-08-31T15:46:41.6790994+08:00 live60 events=31 skipped_total=0 kinds=status_started,status_snapshot,status_snapshot,status_snapshot,status_snapshot,status_snapshot,status_snapshot,status_snapshot,status_snapshot,status_snapshot,status_snapshot,status_snapshot,status_snapshot,status_snapshot,status_snapshot,status_snapshot,status_snapshot,status_snapshot,status_snapshot,status_snapshot,status_snapshot,status_snapshot,status_snapshot,status_snapshot,status_snapshot,status_snapshot,status_snapshot,status_snapshot,status_snapshot,status_snapshot,status_snapshot
2026-08-31T15:46:42.2975871+08:00 interval_1s started_interval_ms=1000 exit=0 line_prefix={"event":"status_started","schema_version":1,"operation_id":"op-1788162401744","
2026-08-31T15:46:42.8866443+08:00 interval_60s started_interval_ms=60000 exit=0 line_prefix={"event":"status_started","schema_version":1,"operation_id":"op-1788162402337","
2026-08-31T15:46:42.9415886+08:00 interval_invalid 0=>2 61=>2
2026-08-31T15:46:43.5542070+08:00 broken_pipe started_interval_ms=1000 exit=0 line_prefix={"event":"status_started","schema_version":1,"operation_id":"op-1788162403005","
2026-08-31T15:46:45.5258038+08:00 two_process_live a_alive=True b_alive=True (in-process permit only; both OS processes may run)
2026-08-31T15:46:46.1141294+08:00 leftover_after_all leftover=0
2026-08-31T15:46:46.1618229+08:00 summary_written gates=snapshot_p95_le_2000ms=True live_private_le_idle_plus_64mib=True live_threads_le_idle_plus_4=True live_cpu_median_le_5=True live_cpu_p95_le_15=True post_exit_25_samples=True post_exit_final_five_hold=True interval_1s_wire_1000=True interval_60s_wire_60000=True interval_0_exit_2=True interval_61_exit_2=True broken_pipe_exit_0=True no_leftover_release_exe=True
2026-08-31T15:46:46.1638151+08:00 harness complete
