**********************
PowerShell transcript start
Start time: 20260830204359
Username: DESKTOP-516BF74\lyh
RunAs User: DESKTOP-516BF74\lyh
Configuration Name: 
Machine: DESKTOP-516BF74 (Microsoft Windows NT 10.0.26200.0)
Host Application: C:\Program Files\PowerShell\7\pwsh.dll -NoProfile -ExecutionPolicy Bypass -File D:\Documents\Code\Rust\Exp\devsweep\.trellis\tasks\08-29-desktop-shell-navigation-brand\evidence\final-artifact-rebind-92c-run3-20260830\release-rebind-run3.ps1 -RepositoryRoot D:\Documents\Code\Rust\Exp\devsweep -EvidenceRoot D:\Documents\Code\Rust\Exp\devsweep\.trellis\tasks\08-29-desktop-shell-navigation-brand\evidence\final-artifact-rebind-92c-run3-20260830\native-release -FirstPort 9391 -RestartPort 9392 -ExpectedHash 92C3919D776AC0AE9F04633C26E52BB23BD33D9706F0DA669F55C6F1D62B4E20 -PwshPath C:\Program Files\PowerShell\7\pwsh.exe -WrapperPath D:\Documents\Code\Rust\Exp\devsweep\.trellis\tasks\08-29-desktop-shell-navigation-brand\evidence\final-artifact-rebind-92c-run3-20260830\run3-wrapper.ps1
Process ID: 1996
PSVersion: 7.6.5
PSEdition: Core
GitCommitId: 7.6.5
OS: Microsoft Windows 10.0.26200
Platform: Win32NT
PSCompatibleVersions: 1.0, 2.0, 3.0, 4.0, 5.0, 5.1, 6.0, 7.0
PSRemotingProtocolVersion: 2.4
SerializationVersion: 1.1.0.1
WSManStackVersion: 3.0
**********************
[2026-08-30T20:43:59.9858007+08:00] PRELAUNCH transcript_started=true devsweep_started=false
[2026-08-30T20:44:00.0045182+08:00] HELPER_START release=D:\Documents\Code\Rust\Exp\devsweep\target\release\devsweep-desktop.exe expected_hash=92C3919D776AC0AE9F04633C26E52BB23BD33D9706F0DA669F55C6F1D62B4E20 localappdata=D:\Documents\Code\Rust\Exp\devsweep\.trellis\tasks\08-29-desktop-shell-navigation-brand\evidence\final-artifact-rebind-92c-run3-20260830\native-release\localappdata cdp_log=D:\Documents\Code\Rust\Exp\devsweep\.trellis\tasks\08-29-desktop-shell-navigation-brand\evidence\final-artifact-rebind-92c-run3-20260830\native-release\cdp-messages.jsonl
[2026-08-30T20:44:01.3504527+08:00] TOOLCHAIN_PWSH path=C:\Program Files\PowerShell\7\pwsh.exe version=7.6.5 pid=1996 commandline="C:\Program Files\PowerShell\7\pwsh.exe" -NoProfile -ExecutionPolicy Bypass -File D:\Documents\Code\Rust\Exp\devsweep\.trellis\tasks\08-29-desktop-shell-navigation-brand\evidence\final-artifact-rebind-92c-run3-20260830\release-rebind-run3.ps1 -RepositoryRoot D:\Documents\Code\Rust\Exp\devsweep -EvidenceRoot D:\Documents\Code\Rust\Exp\devsweep\.trellis\tasks\08-29-desktop-shell-navigation-brand\evidence\final-artifact-rebind-92c-run3-20260830\native-release -FirstPort 9391 -RestartPort 9392 -ExpectedHash 92C3919D776AC0AE9F04633C26E52BB23BD33D9706F0DA669F55C6F1D62B4E20 -PwshPath "C:\Program Files\PowerShell\7\pwsh.exe" -WrapperPath D:\Documents\Code\Rust\Exp\devsweep\.trellis\tasks\08-29-desktop-shell-navigation-brand\evidence\final-artifact-rebind-92c-run3-20260830\run3-wrapper.ps1
[2026-08-30T20:44:02.4601484+08:00] ARTIFACT_GATE name=release bytes=9827328 sha256=92C3919D776AC0AE9F04633C26E52BB23BD33D9706F0DA669F55C6F1D62B4E20
[2026-08-30T20:44:02.4633570+08:00] ARTIFACT_GATE name=debug bytes=14758912 sha256=F5DFC77BE96E780EC15817B94931C74BF6A9412DF46C128B1902925DF63D65F5
[2026-08-30T20:44:02.4644111+08:00] ARTIFACT_GATE name=nsis bytes=3152372 sha256=0903D735C1C6C5AC7614410C62F84E82E92E2DC1CE454444C5B9712F8BA39328
[2026-08-30T20:44:12.6608463+08:00] TOOLCHAIN_GATE=PASS all_prelaunch_checks=true
[2026-08-30T20:44:21.4708303+08:00] FIRST_LOCALE_PASS locale=zh-CN store_bytes=39 store_hash=2CD9EEDF29B04115F701CE73EA055ACCB6AFB96896ADE03BD22189D6B43D2899 lock_temp=0
[2026-08-30T20:44:42.3859125+08:00] FINAL_AUDIT state=failed release_hash=92C3919D776AC0AE9F04633C26E52BB23BD33D9706F0DA669F55C6F1D62B4E20 main=0 webview=1 port1=0 port2=0 store_lock_temp=0 cdp_lines=22 cdp_sha256=D3D31C42354C66EFF322ABCF9D04CF7681B7827912330E4DF9015D7282200D78
[2026-08-30T20:44:42.3865554+08:00] HELPER_EXIT_CODE=1
**********************
PowerShell transcript end
End time: 20260830204442
**********************
