state=interaction_pass
expected_hash=F5DFC77BE96E780EC15817B94931C74BF6A9412DF46C128B1902925DF63D65F5
launch_hash=F5DFC77BE96E780EC15817B94931C74BF6A9412DF46C128B1902925DF63D65F5
final_hash=F5DFC77BE96E780EC15817B94931C74BF6A9412DF46C128B1902925DF63D65F5
fault_hash=#/clean
fault_focus=BUTTON/Language
fault_alert=Could not change destination. The current page remains active.
after_dismiss_alert=
recovered_hash=#/settings
recovered_settings=True
runtime_exceptions=0
console_errors=0
unexpected_log_errors=0
window_unhandled=0
window_errors=0
close_main=True
close_elapsed_ms=46
main_alive_after_wait=False
immediate_descendant_snapshot=5
final_main=0
final_webview=0
final_cdp=0
final_store=0
OFFLINE_AUDIT_PASS=True
