NATIVE_CLOSE_WRAPPER_START=2026-08-30T21:40:31.7340066+08:00
WRAPPER_PWSH_PATH=C:\Program Files\PowerShell\7\pwsh.exe
WRAPPER_PWSH_VERSION=7.6.5
WRAPPER_PID=84800
WRAPPER_COMMANDLINE="C:\Program Files\PowerShell\7\pwsh.exe" -NoProfile -ExecutionPolicy Bypass -File D:\Documents\Code\Rust\Exp\devsweep\.trellis\tasks\08-29-desktop-shell-navigation-brand\evidence\native-cdp-close-recapture-20260830\native-close-wrapper.ps1 -RepositoryRoot D:\Documents\Code\Rust\Exp\devsweep -RunRoot D:\Documents\Code\Rust\Exp\devsweep\.trellis\tasks\08-29-desktop-shell-navigation-brand\evidence\native-cdp-close-recapture-20260830 -PwshPath "C:\Program Files\PowerShell\7\pwsh.exe" -FirstPort 9401 -RestartPort 9402
WRAPPER_SHA256=42824FBB71FB0E6ACF209BE7729227CC405A72D6B63E68F2774980C0E9072729
HELPER_SHA256=2625733D7D61AF3D68B96101BBCB1E6838BB2189989D7CFF5D2052F780323669
[2026-08-30T21:40:32.7688207+08:00] PRELAUNCH transcript_started=true devsweep_started=false
[2026-08-30T21:40:32.7770630+08:00] HELPER_START release=D:\Documents\Code\Rust\Exp\devsweep\target\release\devsweep-desktop.exe expected_hash=92C3919D776AC0AE9F04633C26E52BB23BD33D9706F0DA669F55C6F1D62B4E20 localappdata=D:\Documents\Code\Rust\Exp\devsweep\.trellis\tasks\08-29-desktop-shell-navigation-brand\evidence\native-cdp-close-recapture-20260830\native-release\localappdata cdp_log=D:\Documents\Code\Rust\Exp\devsweep\.trellis\tasks\08-29-desktop-shell-navigation-brand\evidence\native-cdp-close-recapture-20260830\native-release\cdp-messages.jsonl
[2026-08-30T21:40:33.5618441+08:00] TOOLCHAIN_PWSH path=C:\Program Files\PowerShell\7\pwsh.exe version=7.6.5 pid=69904 commandline="C:\Program Files\PowerShell\7\pwsh.exe" -NoProfile -ExecutionPolicy Bypass -File D:\Documents\Code\Rust\Exp\devsweep\.trellis\tasks\08-29-desktop-shell-navigation-brand\evidence\native-cdp-close-recapture-20260830\native-close-recapture.ps1 -RepositoryRoot D:\Documents\Code\Rust\Exp\devsweep -EvidenceRoot D:\Documents\Code\Rust\Exp\devsweep\.trellis\tasks\08-29-desktop-shell-navigation-brand\evidence\native-cdp-close-recapture-20260830\native-release -FirstPort 9401 -RestartPort 9402 -ExpectedHash 92C3919D776AC0AE9F04633C26E52BB23BD33D9706F0DA669F55C6F1D62B4E20 -PwshPath "C:\Program Files\PowerShell\7\pwsh.exe" -WrapperPath D:\Documents\Code\Rust\Exp\devsweep\.trellis\tasks\08-29-desktop-shell-navigation-brand\evidence\native-cdp-close-recapture-20260830\native-close-wrapper.ps1
[2026-08-30T21:40:33.6966443+08:00] ARTIFACT_GATE when=before_launch name=release bytes=9827328 sha256=92C3919D776AC0AE9F04633C26E52BB23BD33D9706F0DA669F55C6F1D62B4E20
[2026-08-30T21:40:33.6975869+08:00] ARTIFACT_GATE when=before_launch name=debug bytes=14758912 sha256=F5DFC77BE96E780EC15817B94931C74BF6A9412DF46C128B1902925DF63D65F5
[2026-08-30T21:40:33.6982900+08:00] ARTIFACT_GATE when=before_launch name=nsis bytes=3152372 sha256=0903D735C1C6C5AC7614410C62F84E82E92E2DC1CE454444C5B9712F8BA39328
[2026-08-30T21:40:34.9934963+08:00] TOOLCHAIN_GATE=PASS all_prelaunch_checks=true
[2026-08-30T21:40:35.0065981+08:00] START_RELEASE name=first port=9401
[2026-08-30T21:40:35.0855169+08:00] ARTIFACT_GATE when=before_first name=release bytes=9827328 sha256=92C3919D776AC0AE9F04633C26E52BB23BD33D9706F0DA669F55C6F1D62B4E20
[2026-08-30T21:40:35.0864244+08:00] ARTIFACT_GATE when=before_first name=debug bytes=14758912 sha256=F5DFC77BE96E780EC15817B94931C74BF6A9412DF46C128B1902925DF63D65F5
[2026-08-30T21:40:35.0871278+08:00] ARTIFACT_GATE when=before_first name=nsis bytes=3152372 sha256=0903D735C1C6C5AC7614410C62F84E82E92E2DC1CE454444C5B9712F8BA39328
[2026-08-30T21:40:35.9024274+08:00] CDP_READY name=first pid=25648 hwnd=0x10C14EC target=E72ABD42D85C06ED625488354D71A106
[2026-08-30T21:40:37.5066486+08:00] FIRST_LOCALE_PASS locale=zh-CN store_bytes=39 store_hash=2CD9EEDF29B04115F701CE73EA055ACCB6AFB96896ADE03BD22189D6B43D2899 lock_temp=0
[2026-08-30T21:40:38.0175993+08:00] CLOSE_DEBUGGER name=first pid=25648 target=E72ABD42D85C06ED625488354D71A106 socket=Open
[2026-08-30T21:40:38.0804425+08:00] CDP_Page.close sent=True socket_closed=True state=Aborted elapsed_ms=28 error=none
[2026-08-30T21:40:38.0833299+08:00] DEBUGGER_DISPOSED name=first state=Aborted
[2026-08-30T21:40:38.0970896+08:00] PORT_WAIT i=1 after_ms=10 listeners=1 query_ms=3
[2026-08-30T21:40:38.2175507+08:00] PORT_WAIT i=2 after_ms=133 listeners=0 query_ms=5.3
[2026-08-30T21:40:38.2192555+08:00] PORT_WAIT_DONE closed=True elapsed_ms=134 samples=2
[2026-08-30T21:40:38.2230984+08:00] CLOSE_MAIN_WINDOW name=first pid=25648 result=True port_closed=True
[2026-08-30T21:40:38.9394702+08:00] RESIDUE i=1 after_ms=715 main=1 owned=0 listener=0 lock_temp=0 query_ms=696.7
[2026-08-30T21:40:39.8222419+08:00] RESIDUE i=2 after_ms=1602 main=1 owned=0 listener=0 lock_temp=0 query_ms=667.7
[2026-08-30T21:40:40.6813009+08:00] RESIDUE i=3 after_ms=2461 main=1 owned=0 listener=0 lock_temp=0 query_ms=644
[2026-08-30T21:40:41.6217858+08:00] RESIDUE i=4 after_ms=3402 main=1 owned=0 listener=0 lock_temp=0 query_ms=702.7
[2026-08-30T21:40:42.4386547+08:00] RESIDUE i=5 after_ms=4218 main=1 owned=0 listener=0 lock_temp=0 query_ms=608.5
[2026-08-30T21:40:43.9369877+08:00] GRACEFUL_CLOSE_FAILED name=first main=1 owned=0 listener=0 lock_temp=0
[2026-08-30T21:40:44.7851707+08:00] IDENTITY_GATED_STOP count=1
[2026-08-30T21:40:45.5761551+08:00] CLOSE_RESULT name=first elapsed_ms=5072 main=1 webview=0 listener=0 lock_temp=0 graceful_clear=False port_closed=True
[2026-08-30T21:40:45.5993109+08:00] HELPER_FAILURE first release close left residue
[2026-08-30T21:40:46.1094656+08:00] ARTIFACT_GATE when=after_run name=release bytes=9827328 sha256=92C3919D776AC0AE9F04633C26E52BB23BD33D9706F0DA669F55C6F1D62B4E20
[2026-08-30T21:40:46.1105925+08:00] ARTIFACT_GATE when=after_run name=debug bytes=14758912 sha256=F5DFC77BE96E780EC15817B94931C74BF6A9412DF46C128B1902925DF63D65F5
[2026-08-30T21:40:46.1114031+08:00] ARTIFACT_GATE when=after_run name=nsis bytes=3152372 sha256=0903D735C1C6C5AC7614410C62F84E82E92E2DC1CE454444C5B9712F8BA39328
[2026-08-30T21:40:47.6387011+08:00] FINAL_AUDIT state=failed release_hash=92C3919D776AC0AE9F04633C26E52BB23BD33D9706F0DA669F55C6F1D62B4E20 debug_hash=F5DFC77BE96E780EC15817B94931C74BF6A9412DF46C128B1902925DF63D65F5 nsis_hash=0903D735C1C6C5AC7614410C62F84E82E92E2DC1CE454444C5B9712F8BA39328 main=0 webview=0 port1=0 port2=0 store_lock_temp=0 cdp_lines=26 cdp_sha256=30AE1395154DE7DAD21CC78102167C52935A4CFD79AE212CD92E6E76B79051DC
[2026-08-30T21:40:47.6393242+08:00] HELPER_EXIT_CODE=1
OUTER_EXIT_JSON=D:\Documents\Code\Rust\Exp\devsweep\.trellis\tasks\08-29-desktop-shell-navigation-brand\evidence\native-cdp-close-recapture-20260830\outer-exit.json
OUTER_HELPER_EXIT=1
NATIVE_CLOSE_WRAPPER_FINISHED=2026-08-30T21:40:47.7865871+08:00
