warning: unused import: `time::Duration`
   --> crates\devsweep-core\src\analysis\tests.rs:572:9
    |
572 |         time::Duration,
    |         ^^^^^^^^^^^^^^
    |
    = note: `#[warn(unused_imports)]` (part of `#[warn(unused)]`) on by default

warning: `devsweep-core` (lib test) generated 1 warning (run `cargo fix --lib -p devsweep-core --tests` to apply 1 suggestion)
    Finished `release` profile [optimized] target(s) in 0.17s
     Running unittests src\lib.rs (target\release\deps\devsweep_core-1a2efd8d143397e2.exe)

running 1 test
{"cancel_to_join_ms":[3,3,3,3,3],"denied_branch":"access_denied_incomplete_zero_bytes","fixture":"analysis-native-50k-v1","p95_cancel_to_join_ms":3,"samples":[{"accounted_bytes":9095340,"nodes":51007,"private_bytes":28647424,"wall_ms":4206,"warnings":2,"workers":2},{"accounted_bytes":9095340,"nodes":51007,"private_bytes":28749824,"wall_ms":4007,"warnings":2,"workers":2},{"accounted_bytes":9095340,"nodes":51007,"private_bytes":29286400,"wall_ms":4007,"warnings":2,"workers":2},{"accounted_bytes":9095340,"nodes":51007,"private_bytes":29720576,"wall_ms":3805,"warnings":2,"workers":2},{"accounted_bytes":9095340,"nodes":51007,"private_bytes":28839936,"wall_ms":3606,"warnings":2,"workers":2}],"workers":2}
test analysis::tests::native_gate::analysis_native_50k_v1_resource_gate ... ok

test result: ok. 1 passed; 0 failed; 0 ignored; 0 measured; 327 filtered out; finished in 49.25s

     Running tests\public_api.rs (target\release\deps\public_api-977a8a5ae2f4c064.exe)

running 0 tests

test result: ok. 0 passed; 0 failed; 0 ignored; 0 measured; 1 filtered out; finished in 0.00s

   Doc-tests devsweep_core

running 0 tests

test result: ok. 0 passed; 0 failed; 0 ignored; 0 measured; 4 filtered out; finished in 0.00s

