
running 12 tests
test execution::audit::tests::fixed_v1_path_never_selects_appdata_or_a_fallback ... ok
test execution::audit::tests::history_handoff_fixtures_cannot_recover_executable_text ... ok
test execution::tests::inspect_only_selection_is_rejected_before_audit_or_runner_calls ... ok
test execution::audit::tests::unknown_version_and_corrupt_bytes_are_preserved ... ok
test execution::tests::stale_confirmation_rejects_before_audit_or_side_effects ... ok
test execution::audit::tests::legacy_appdata_journal_is_never_discovered ... ok
test execution::audit::tests::execution_and_protection_records_are_redacted ... ok
test execution::tests::safety_skip_audit_failure_halts_before_later_side_effects ... ok
test execution::tests::terminal_audit_failure_reports_unknown_after_side_effect ... ok
test execution::tests::authorization_denial_is_audited_before_later_target_dispatch ... ok
test execution::tests::audit_records_success_and_failure_while_job_continues ... ok
test execution::audit::tests::lock_failure_leaves_journal_unmodified ... ok

test result: ok. 12 passed; 0 failed; 0 ignored; 0 measured; 173 filtered out; finished in 5.28s


running 0 tests

test result: ok. 0 passed; 0 failed; 0 ignored; 0 measured; 1 filtered out; finished in 0.00s

    Finished `test` profile [unoptimized + debuginfo] target(s) in 0.30s
     Running unittests src\lib.rs (target\debug\deps\devsweep_core-f40d9a71f6b92686.exe)
     Running tests\public_api.rs (target\debug\deps\public_api-96f5c095fa2d7274.exe)

exit=0
