exe=D:\Documents\Code\Rust\Exp\devsweep\target\release\devsweep.exe size=5254656 sha256=efbed4371a85a52a73ee324cd8cf790641d0bb6cd66895ef8e431702e03abbc0
isolated_LOCALAPPDATA=D:\Documents\Code\Rust\Exp\devsweep\.trellis\tasks\08-29-software-inventory-plan\evidence\reopen-five-mode-ac4\independent-localappdata
warmup software inventory --source all --format json
warmup elapsed_ms=3881.941 exit=0 pid=35088 output_exists=True
measure #1
run1 elapsed_ms=3820.682 exit=0 pid=61740 output_exists=True
measure #2
run2 elapsed_ms=4030.408 exit=0 pid=28920 output_exists=True
measure #3
run3 elapsed_ms=4253.265 exit=0 pid=82528 output_exists=True
measure #4
run4 elapsed_ms=4073.429 exit=0 pid=70848 output_exists=True
measure #5
run5 elapsed_ms=3917.308 exit=0 pid=82884 output_exists=True
raw_ms=3820.682, 4030.408, 4253.265, 4073.429, 3917.308
median_ms=4030.408 p95_ms=4253.265 target_le=5000 pass=True
exits=0, 0, 0, 0, 0
pids=35088, 61740, 28920, 82528, 70848, 82884 unique=6 new_process_pids=True
clock=Stopwatch process-start-to-exit
p95=nearest-rank ceil(0.95*n)-1 (n=5 => max sample)
