== real durable audit journal (%LOCALAPPDATA%/DevSweep/audit/v1/optimize.jsonl) ==
{"schema_version":1,"domain":"optimize","operation_id":"optimize-op-000001a05602e38a-000083f0-0000000000000000","timestamp_unix_ms":1788149425034,"catalogue_version":1,"catalogue_id":"dns.flush","action_class":"execute","preview_digest":"sha256:3deb8ab1399acf3f832ac4886c2e1b646ef3d7a9f6c2035283c4a8961d926b1d","transition":{"kind":"validated"},"status_code":"validated"}
{"schema_version":1,"domain":"optimize","operation_id":"optimize-op-000001a05602e38a-000083f0-0000000000000000","timestamp_unix_ms":1788149425041,"catalogue_version":1,"catalogue_id":"dns.flush","action_class":"execute","preview_digest":"sha256:3deb8ab1399acf3f832ac4886c2e1b646ef3d7a9f6c2035283c4a8961d926b1d","transition":{"kind":"dispatch_started"},"status_code":"dispatch_started"}
{"schema_version":1,"domain":"optimize","operation_id":"optimize-op-000001a05602e38a-000083f0-0000000000000000","timestamp_unix_ms":1788149425070,"catalogue_version":1,"catalogue_id":"dns.flush","action_class":"execute","preview_digest":"sha256:3deb8ab1399acf3f832ac4886c2e1b646ef3d7a9f6c2035283c4a8961d926b1d","transition":{"kind":"adapter_completed"},"status_code":"adapter_succeeded","adapter_outcome":"success"}
{"schema_version":1,"domain":"optimize","operation_id":"optimize-op-000001a05602e38a-000083f0-0000000000000000","timestamp_unix_ms":1788149425073,"catalogue_version":1,"catalogue_id":"dns.flush","action_class":"execute","preview_digest":"sha256:3deb8ab1399acf3f832ac4886c2e1b646ef3d7a9f6c2035283c4a8961d926b1d","transition":{"kind":"terminal","outcome":"succeeded"},"status_code":"succeeded","adapter_outcome":"success"}
{"schema_version":1,"domain":"optimize","operation_id":"optimize-op-000001a05603713d-0000700c-0000000000000000","timestamp_unix_ms":1788149461309,"catalogue_version":1,"catalogue_id":"settings.search","action_class":"settings_handoff","preview_digest":"sha256:7307cb96c72c6e03a340bb3b6ddd3ff90b127d0659f9b66c12453dbdfd8a7479","transition":{"kind":"validated"},"status_code":"validated"}
{"schema_version":1,"domain":"optimize","operation_id":"optimize-op-000001a05603713d-0000700c-0000000000000000","timestamp_unix_ms":1788149461310,"catalogue_version":1,"catalogue_id":"settings.search","action_class":"settings_handoff","preview_digest":"sha256:7307cb96c72c6e03a340bb3b6ddd3ff90b127d0659f9b66c12453dbdfd8a7479","transition":{"kind":"dispatch_started"},"status_code":"dispatch_started"}
{"schema_version":1,"domain":"optimize","operation_id":"optimize-op-000001a05603713d-0000700c-0000000000000000","timestamp_unix_ms":1788149461313,"catalogue_version":1,"catalogue_id":"settings.search","action_class":"settings_handoff","preview_digest":"sha256:7307cb96c72c6e03a340bb3b6ddd3ff90b127d0659f9b66c12453dbdfd8a7479","transition":{"kind":"adapter_completed"},"status_code":"adapter_failed","adapter_outcome":"failure"}
{"schema_version":1,"domain":"optimize","operation_id":"optimize-op-000001a05603713d-0000700c-0000000000000000","timestamp_unix_ms":1788149461315,"catalogue_version":1,"catalogue_id":"settings.search","action_class":"settings_handoff","preview_digest":"sha256:7307cb96c72c6e03a340bb3b6ddd3ff90b127d0659f9b66c12453dbdfd8a7479","transition":{"kind":"terminal","outcome":"failed"},"status_code":"failed","error_code":"adapter_operation_failed","adapter_outcome":"failure"}
{"schema_version":1,"domain":"optimize","operation_id":"optimize-op-000001a05605d40b-00011d54-0000000000000000","timestamp_unix_ms":1788149617676,"catalogue_version":1,"catalogue_id":"settings.search","action_class":"settings_handoff","preview_digest":"sha256:7307cb96c72c6e03a340bb3b6ddd3ff90b127d0659f9b66c12453dbdfd8a7479","transition":{"kind":"validated"},"status_code":"validated"}
{"schema_version":1,"domain":"optimize","operation_id":"optimize-op-000001a05605d40b-00011d54-0000000000000000","timestamp_unix_ms":1788149617680,"catalogue_version":1,"catalogue_id":"settings.search","action_class":"settings_handoff","preview_digest":"sha256:7307cb96c72c6e03a340bb3b6ddd3ff90b127d0659f9b66c12453dbdfd8a7479","transition":{"kind":"dispatch_started"},"status_code":"dispatch_started"}
{"schema_version":1,"domain":"optimize","operation_id":"optimize-op-000001a05605d40b-00011d54-0000000000000000","timestamp_unix_ms":1788149617682,"catalogue_version":1,"catalogue_id":"settings.search","action_class":"settings_handoff","preview_digest":"sha256:7307cb96c72c6e03a340bb3b6ddd3ff90b127d0659f9b66c12453dbdfd8a7479","transition":{"kind":"adapter_completed"},"status_code":"adapter_failed","adapter_outcome":"failure"}
{"schema_version":1,"domain":"optimize","operation_id":"optimize-op-000001a05605d40b-00011d54-0000000000000000","timestamp_unix_ms":1788149617684,"catalogue_version":1,"catalogue_id":"settings.search","action_class":"settings_handoff","preview_digest":"sha256:7307cb96c72c6e03a340bb3b6ddd3ff90b127d0659f9b66c12453dbdfd8a7479","transition":{"kind":"terminal","outcome":"failed"},"status_code":"failed","error_code":"adapter_operation_failed","adapter_outcome":"failure"}

== redaction check: the journal must not contain program/argv/URI ==
clean: no program
clean: no argv
clean: no ipconfig
clean: no flushdns
clean: no ms-settings
clean: no Sysnative
clean: no System32
