2026-08-31 12:07:32.458: [INFO][Sync] Reset engine, reason: 8
2026-08-31 12:07:32.458: [INFO][Sync] Stopped: Bookmarks
2026-08-31 12:07:32.458: [INFO][Sync] Stopped: Preferences
2026-08-31 12:07:32.458: [INFO][Sync] Stopped: Passwords
2026-08-31 12:07:32.458: [INFO][Sync] Stopped: Autofill Profiles
2026-08-31 12:07:32.458: [INFO][Sync] Stopped: Autofill
2026-08-31 12:07:32.458: [INFO][Sync] Stopped: Extensions
2026-08-31 12:07:32.458: [INFO][Sync] Stopped: Sessions
2026-08-31 12:07:32.458: [INFO][Sync] Stopped: Extension settings
2026-08-31 12:07:32.458: [INFO][Sync] Stopped: History Delete Directives
2026-08-31 12:07:32.458: [INFO][Sync] Stopped: Device Info
2026-08-31 12:07:32.458: [INFO][Sync] Stopped: User Consents
2026-08-31 12:07:32.458: [INFO][Sync] Stopped: Send Tab To Self
2026-08-31 12:07:32.458: [INFO][Sync] Stopped: Web Apps
2026-08-31 12:07:32.458: [INFO][Sync] Stopped: History
2026-08-31 12:07:32.458: [INFO][Sync] Stopped: Saved Tab Group
2026-08-31 12:07:32.458: [INFO][Sync] Stopped: WebAuthn Credentials
2026-08-31 12:07:32.458: [INFO][Sync] Stopped: Edge Hub App Usage
2026-08-31 12:07:32.458: [INFO][Sync] Stopped: Edge Journey
2026-08-31 12:07:32.458: [INFO][Sync] Stopped: Edge Workspace
2026-08-31 12:07:32.458: [INFO][Sync] SyncState after authenticated was: NotSignedIn
2026-08-31 12:07:32.620: [INFO][Sync] Reset engine, reason: 8
2026-08-31 12:07:32.620: [INFO][Sync] Stopped: Bookmarks
2026-08-31 12:07:32.620: [INFO][Sync] Stopped: Preferences
2026-08-31 12:07:32.620: [INFO][Sync] Stopped: Passwords
2026-08-31 12:07:32.620: [INFO][Sync] Stopped: Autofill Profiles
2026-08-31 12:07:32.620: [INFO][Sync] Stopped: Autofill
2026-08-31 12:07:32.620: [INFO][Sync] Stopped: Extensions
2026-08-31 12:07:32.620: [INFO][Sync] Stopped: Sessions
2026-08-31 12:07:32.620: [INFO][Sync] Stopped: Extension settings
2026-08-31 12:07:32.620: [INFO][Sync] Stopped: History Delete Directives
2026-08-31 12:07:32.620: [INFO][Sync] Stopped: Device Info
2026-08-31 12:07:32.620: [INFO][Sync] Stopped: User Consents
2026-08-31 12:07:32.620: [INFO][Sync] Stopped: Send Tab To Self
2026-08-31 12:07:32.620: [INFO][Sync] Stopped: Web Apps
2026-08-31 12:07:32.620: [INFO][Sync] Stopped: History
2026-08-31 12:07:32.620: [INFO][Sync] Stopped: Saved Tab Group
2026-08-31 12:07:32.620: [INFO][Sync] Stopped: WebAuthn Credentials
2026-08-31 12:07:32.620: [INFO][Sync] Stopped: Edge Hub App Usage
2026-08-31 12:07:32.620: [INFO][Sync] Stopped: Edge Journey
2026-08-31 12:07:32.620: [INFO][Sync] Stopped: Edge Workspace
2026-08-31 12:45:08.318: [INFO][Sync] Reset engine, reason: 8
2026-08-31 12:45:08.318: [INFO][Sync] Stopped: Bookmarks
2026-08-31 12:45:08.318: [INFO][Sync] Stopped: Preferences
2026-08-31 12:45:08.318: [INFO][Sync] Stopped: Passwords
2026-08-31 12:45:08.318: [INFO][Sync] Stopped: Autofill Profiles
2026-08-31 12:45:08.318: [INFO][Sync] Stopped: Autofill
2026-08-31 12:45:08.318: [INFO][Sync] Stopped: Extensions
2026-08-31 12:45:08.318: [INFO][Sync] Stopped: Sessions
2026-08-31 12:45:08.318: [INFO][Sync] Stopped: Extension settings
2026-08-31 12:45:08.318: [INFO][Sync] Stopped: History Delete Directives
2026-08-31 12:45:08.318: [INFO][Sync] Stopped: Device Info
2026-08-31 12:45:08.318: [INFO][Sync] Stopped: User Consents
2026-08-31 12:45:08.318: [INFO][Sync] Stopped: Send Tab To Self
2026-08-31 12:45:08.318: [INFO][Sync] Stopped: Web Apps
2026-08-31 12:45:08.318: [INFO][Sync] Stopped: History
2026-08-31 12:45:08.318: [INFO][Sync] Stopped: Saved Tab Group
2026-08-31 12:45:08.318: [INFO][Sync] Stopped: WebAuthn Credentials
2026-08-31 12:45:08.318: [INFO][Sync] Stopped: Edge Hub App Usage
2026-08-31 12:45:08.318: [INFO][Sync] Stopped: Edge Journey
2026-08-31 12:45:08.318: [INFO][Sync] Stopped: Edge Workspace
2026-08-31 12:45:08.318: [INFO][Sync] SyncState after authenticated was: NotSignedIn
2026-08-31 12:45:08.458: [INFO][Sync] Reset engine, reason: 8
2026-08-31 12:45:08.458: [INFO][Sync] Stopped: Bookmarks
2026-08-31 12:45:08.458: [INFO][Sync] Stopped: Preferences
2026-08-31 12:45:08.458: [INFO][Sync] Stopped: Passwords
2026-08-31 12:45:08.458: [INFO][Sync] Stopped: Autofill Profiles
2026-08-31 12:45:08.458: [INFO][Sync] Stopped: Autofill
2026-08-31 12:45:08.458: [INFO][Sync] Stopped: Extensions
2026-08-31 12:45:08.458: [INFO][Sync] Stopped: Sessions
2026-08-31 12:45:08.458: [INFO][Sync] Stopped: Extension settings
2026-08-31 12:45:08.458: [INFO][Sync] Stopped: History Delete Directives
2026-08-31 12:45:08.458: [INFO][Sync] Stopped: Device Info
2026-08-31 12:45:08.458: [INFO][Sync] Stopped: User Consents
2026-08-31 12:45:08.458: [INFO][Sync] Stopped: Send Tab To Self
2026-08-31 12:45:08.458: [INFO][Sync] Stopped: Web Apps
2026-08-31 12:45:08.458: [INFO][Sync] Stopped: History
2026-08-31 12:45:08.458: [INFO][Sync] Stopped: Saved Tab Group
2026-08-31 12:45:08.458: [INFO][Sync] Stopped: WebAuthn Credentials
2026-08-31 12:45:08.458: [INFO][Sync] Stopped: Edge Hub App Usage
2026-08-31 12:45:08.458: [INFO][Sync] Stopped: Edge Journey
2026-08-31 12:45:08.458: [INFO][Sync] Stopped: Edge Workspace
2026-08-31 13:45:01.877: [INFO][Sync] Reset engine, reason: 8
2026-08-31 13:45:01.877: [INFO][Sync] Stopped: Bookmarks
2026-08-31 13:45:01.877: [INFO][Sync] Stopped: Preferences
2026-08-31 13:45:01.877: [INFO][Sync] Stopped: Passwords
2026-08-31 13:45:01.877: [INFO][Sync] Stopped: Autofill Profiles
2026-08-31 13:45:01.877: [INFO][Sync] Stopped: Autofill
2026-08-31 13:45:01.877: [INFO][Sync] Stopped: Extensions
2026-08-31 13:45:01.877: [INFO][Sync] Stopped: Sessions
2026-08-31 13:45:01.877: [INFO][Sync] Stopped: Extension settings
2026-08-31 13:45:01.877: [INFO][Sync] Stopped: History Delete Directives
2026-08-31 13:45:01.877: [INFO][Sync] Stopped: Device Info
2026-08-31 13:45:01.877: [INFO][Sync] Stopped: User Consents
2026-08-31 13:45:01.877: [INFO][Sync] Stopped: Send Tab To Self
2026-08-31 13:45:01.877: [INFO][Sync] Stopped: Web Apps
2026-08-31 13:45:01.877: [INFO][Sync] Stopped: History
2026-08-31 13:45:01.877: [INFO][Sync] Stopped: Saved Tab Group
2026-08-31 13:45:01.877: [INFO][Sync] Stopped: WebAuthn Credentials
2026-08-31 13:45:01.877: [INFO][Sync] Stopped: Edge Hub App Usage
2026-08-31 13:45:01.877: [INFO][Sync] Stopped: Edge Journey
2026-08-31 13:45:01.877: [INFO][Sync] Stopped: Edge Workspace
2026-08-31 13:45:01.877: [INFO][Sync] SyncState after authenticated was: NotSignedIn
2026-08-31 13:45:01.987: [INFO][Sync] Reset engine, reason: 8
2026-08-31 13:45:01.987: [INFO][Sync] Stopped: Bookmarks
2026-08-31 13:45:01.987: [INFO][Sync] Stopped: Preferences
2026-08-31 13:45:01.987: [INFO][Sync] Stopped: Passwords
2026-08-31 13:45:01.987: [INFO][Sync] Stopped: Autofill Profiles
2026-08-31 13:45:01.987: [INFO][Sync] Stopped: Autofill
2026-08-31 13:45:01.987: [INFO][Sync] Stopped: Extensions
2026-08-31 13:45:01.987: [INFO][Sync] Stopped: Sessions
2026-08-31 13:45:01.987: [INFO][Sync] Stopped: Extension settings
2026-08-31 13:45:01.987: [INFO][Sync] Stopped: History Delete Directives
2026-08-31 13:45:01.987: [INFO][Sync] Stopped: Device Info
2026-08-31 13:45:01.987: [INFO][Sync] Stopped: User Consents
2026-08-31 13:45:01.987: [INFO][Sync] Stopped: Send Tab To Self
2026-08-31 13:45:01.987: [INFO][Sync] Stopped: Web Apps
2026-08-31 13:45:01.987: [INFO][Sync] Stopped: History
2026-08-31 13:45:01.987: [INFO][Sync] Stopped: Saved Tab Group
2026-08-31 13:45:01.987: [INFO][Sync] Stopped: WebAuthn Credentials
2026-08-31 13:45:01.987: [INFO][Sync] Stopped: Edge Hub App Usage
2026-08-31 13:45:01.987: [INFO][Sync] Stopped: Edge Journey
2026-08-31 13:45:01.987: [INFO][Sync] Stopped: Edge Workspace
2026-08-31 14:12:34.158: [INFO][Sync] Reset engine, reason: 8
2026-08-31 14:12:34.158: [INFO][Sync] Stopped: Bookmarks
2026-08-31 14:12:34.158: [INFO][Sync] Stopped: Preferences
2026-08-31 14:12:34.158: [INFO][Sync] Stopped: Passwords
2026-08-31 14:12:34.158: [INFO][Sync] Stopped: Autofill Profiles
2026-08-31 14:12:34.158: [INFO][Sync] Stopped: Autofill
2026-08-31 14:12:34.158: [INFO][Sync] Stopped: Extensions
2026-08-31 14:12:34.158: [INFO][Sync] Stopped: Sessions
2026-08-31 14:12:34.158: [INFO][Sync] Stopped: Extension settings
2026-08-31 14:12:34.158: [INFO][Sync] Stopped: History Delete Directives
2026-08-31 14:12:34.158: [INFO][Sync] Stopped: Device Info
2026-08-31 14:12:34.158: [INFO][Sync] Stopped: User Consents
2026-08-31 14:12:34.158: [INFO][Sync] Stopped: Send Tab To Self
2026-08-31 14:12:34.158: [INFO][Sync] Stopped: Web Apps
2026-08-31 14:12:34.158: [INFO][Sync] Stopped: History
2026-08-31 14:12:34.158: [INFO][Sync] Stopped: Saved Tab Group
2026-08-31 14:12:34.158: [INFO][Sync] Stopped: WebAuthn Credentials
2026-08-31 14:12:34.158: [INFO][Sync] Stopped: Edge Hub App Usage
2026-08-31 14:12:34.158: [INFO][Sync] Stopped: Edge Journey
2026-08-31 14:12:34.158: [INFO][Sync] Stopped: Edge Workspace
2026-08-31 14:12:34.158: [INFO][Sync] SyncState after authenticated was: NotSignedIn
2026-08-31 14:12:34.273: [INFO][Sync] Reset engine, reason: 8
2026-08-31 14:12:34.273: [INFO][Sync] Stopped: Bookmarks
2026-08-31 14:12:34.273: [INFO][Sync] Stopped: Preferences
2026-08-31 14:12:34.273: [INFO][Sync] Stopped: Passwords
2026-08-31 14:12:34.273: [INFO][Sync] Stopped: Autofill Profiles
2026-08-31 14:12:34.273: [INFO][Sync] Stopped: Autofill
2026-08-31 14:12:34.273: [INFO][Sync] Stopped: Extensions
2026-08-31 14:12:34.273: [INFO][Sync] Stopped: Sessions
2026-08-31 14:12:34.273: [INFO][Sync] Stopped: Extension settings
2026-08-31 14:12:34.273: [INFO][Sync] Stopped: History Delete Directives
2026-08-31 14:12:34.273: [INFO][Sync] Stopped: Device Info
2026-08-31 14:12:34.273: [INFO][Sync] Stopped: User Consents
2026-08-31 14:12:34.273: [INFO][Sync] Stopped: Send Tab To Self
2026-08-31 14:12:34.273: [INFO][Sync] Stopped: Web Apps
2026-08-31 14:12:34.273: [INFO][Sync] Stopped: History
2026-08-31 14:12:34.273: [INFO][Sync] Stopped: Saved Tab Group
2026-08-31 14:12:34.273: [INFO][Sync] Stopped: WebAuthn Credentials
2026-08-31 14:12:34.273: [INFO][Sync] Stopped: Edge Hub App Usage
2026-08-31 14:12:34.273: [INFO][Sync] Stopped: Edge Journey
2026-08-31 14:12:34.273: [INFO][Sync] Stopped: Edge Workspace
2026-08-31 14:35:21.489: [INFO][Sync] Reset engine, reason: 8
2026-08-31 14:35:21.489: [INFO][Sync] Stopped: Bookmarks
2026-08-31 14:35:21.489: [INFO][Sync] Stopped: Preferences
2026-08-31 14:35:21.489: [INFO][Sync] Stopped: Passwords
2026-08-31 14:35:21.489: [INFO][Sync] Stopped: Autofill Profiles
2026-08-31 14:35:21.489: [INFO][Sync] Stopped: Autofill
2026-08-31 14:35:21.489: [INFO][Sync] Stopped: Extensions
2026-08-31 14:35:21.489: [INFO][Sync] Stopped: Sessions
2026-08-31 14:35:21.489: [INFO][Sync] Stopped: Extension settings
2026-08-31 14:35:21.489: [INFO][Sync] Stopped: History Delete Directives
2026-08-31 14:35:21.489: [INFO][Sync] Stopped: Device Info
2026-08-31 14:35:21.489: [INFO][Sync] Stopped: User Consents
2026-08-31 14:35:21.489: [INFO][Sync] Stopped: Send Tab To Self
2026-08-31 14:35:21.489: [INFO][Sync] Stopped: Web Apps
2026-08-31 14:35:21.489: [INFO][Sync] Stopped: History
2026-08-31 14:35:21.489: [INFO][Sync] Stopped: Saved Tab Group
2026-08-31 14:35:21.489: [INFO][Sync] Stopped: WebAuthn Credentials
2026-08-31 14:35:21.489: [INFO][Sync] Stopped: Edge Hub App Usage
2026-08-31 14:35:21.489: [INFO][Sync] Stopped: Edge Journey
2026-08-31 14:35:21.489: [INFO][Sync] Stopped: Edge Workspace
2026-08-31 14:35:21.489: [INFO][Sync] SyncState after authenticated was: NotSignedIn
2026-08-31 14:35:21.601: [INFO][Sync] Reset engine, reason: 8
2026-08-31 14:35:21.601: [INFO][Sync] Stopped: Bookmarks
2026-08-31 14:35:21.601: [INFO][Sync] Stopped: Preferences
2026-08-31 14:35:21.601: [INFO][Sync] Stopped: Passwords
2026-08-31 14:35:21.601: [INFO][Sync] Stopped: Autofill Profiles
2026-08-31 14:35:21.601: [INFO][Sync] Stopped: Autofill
2026-08-31 14:35:21.601: [INFO][Sync] Stopped: Extensions
2026-08-31 14:35:21.601: [INFO][Sync] Stopped: Sessions
2026-08-31 14:35:21.601: [INFO][Sync] Stopped: Extension settings
2026-08-31 14:35:21.601: [INFO][Sync] Stopped: History Delete Directives
2026-08-31 14:35:21.601: [INFO][Sync] Stopped: Device Info
2026-08-31 14:35:21.601: [INFO][Sync] Stopped: User Consents
2026-08-31 14:35:21.601: [INFO][Sync] Stopped: Send Tab To Self
2026-08-31 14:35:21.601: [INFO][Sync] Stopped: Web Apps
2026-08-31 14:35:21.601: [INFO][Sync] Stopped: History
2026-08-31 14:35:21.601: [INFO][Sync] Stopped: Saved Tab Group
2026-08-31 14:35:21.601: [INFO][Sync] Stopped: WebAuthn Credentials
2026-08-31 14:35:21.601: [INFO][Sync] Stopped: Edge Hub App Usage
2026-08-31 14:35:21.601: [INFO][Sync] Stopped: Edge Journey
2026-08-31 14:35:21.601: [INFO][Sync] Stopped: Edge Workspace
2026-08-31 15:25:06.345: [INFO][Sync] Reset engine, reason: 8
2026-08-31 15:25:06.345: [INFO][Sync] Stopped: Bookmarks
2026-08-31 15:25:06.345: [INFO][Sync] Stopped: Preferences
2026-08-31 15:25:06.345: [INFO][Sync] Stopped: Passwords
2026-08-31 15:25:06.345: [INFO][Sync] Stopped: Autofill Profiles
2026-08-31 15:25:06.345: [INFO][Sync] Stopped: Autofill
2026-08-31 15:25:06.345: [INFO][Sync] Stopped: Extensions
2026-08-31 15:25:06.345: [INFO][Sync] Stopped: Sessions
2026-08-31 15:25:06.345: [INFO][Sync] Stopped: Extension settings
2026-08-31 15:25:06.345: [INFO][Sync] Stopped: History Delete Directives
2026-08-31 15:25:06.345: [INFO][Sync] Stopped: Device Info
2026-08-31 15:25:06.345: [INFO][Sync] Stopped: User Consents
2026-08-31 15:25:06.345: [INFO][Sync] Stopped: Send Tab To Self
2026-08-31 15:25:06.345: [INFO][Sync] Stopped: Web Apps
2026-08-31 15:25:06.345: [INFO][Sync] Stopped: History
2026-08-31 15:25:06.345: [INFO][Sync] Stopped: Saved Tab Group
2026-08-31 15:25:06.345: [INFO][Sync] Stopped: WebAuthn Credentials
2026-08-31 15:25:06.345: [INFO][Sync] Stopped: Edge Hub App Usage
2026-08-31 15:25:06.345: [INFO][Sync] Stopped: Edge Journey
2026-08-31 15:25:06.345: [INFO][Sync] Stopped: Edge Workspace
2026-08-31 15:25:06.345: [INFO][Sync] SyncState after authenticated was: NotSignedIn
2026-08-31 15:25:06.464: [INFO][Sync] Reset engine, reason: 8
2026-08-31 15:25:06.464: [INFO][Sync] Stopped: Bookmarks
2026-08-31 15:25:06.464: [INFO][Sync] Stopped: Preferences
2026-08-31 15:25:06.464: [INFO][Sync] Stopped: Passwords
2026-08-31 15:25:06.464: [INFO][Sync] Stopped: Autofill Profiles
2026-08-31 15:25:06.464: [INFO][Sync] Stopped: Autofill
2026-08-31 15:25:06.464: [INFO][Sync] Stopped: Extensions
2026-08-31 15:25:06.464: [INFO][Sync] Stopped: Sessions
2026-08-31 15:25:06.464: [INFO][Sync] Stopped: Extension settings
2026-08-31 15:25:06.464: [INFO][Sync] Stopped: History Delete Directives
2026-08-31 15:25:06.464: [INFO][Sync] Stopped: Device Info
2026-08-31 15:25:06.464: [INFO][Sync] Stopped: User Consents
2026-08-31 15:25:06.464: [INFO][Sync] Stopped: Send Tab To Self
2026-08-31 15:25:06.464: [INFO][Sync] Stopped: Web Apps
2026-08-31 15:25:06.464: [INFO][Sync] Stopped: History
2026-08-31 15:25:06.464: [INFO][Sync] Stopped: Saved Tab Group
2026-08-31 15:25:06.464: [INFO][Sync] Stopped: WebAuthn Credentials
2026-08-31 15:25:06.464: [INFO][Sync] Stopped: Edge Hub App Usage
2026-08-31 15:25:06.464: [INFO][Sync] Stopped: Edge Journey
2026-08-31 15:25:06.464: [INFO][Sync] Stopped: Edge Workspace
2026-08-31 17:07:43.365: [INFO][Sync] Reset engine, reason: 8
2026-08-31 17:07:43.365: [INFO][Sync] Stopped: Bookmarks
2026-08-31 17:07:43.365: [INFO][Sync] Stopped: Preferences
2026-08-31 17:07:43.365: [INFO][Sync] Stopped: Passwords
2026-08-31 17:07:43.365: [INFO][Sync] Stopped: Autofill Profiles
2026-08-31 17:07:43.365: [INFO][Sync] Stopped: Autofill
2026-08-31 17:07:43.365: [INFO][Sync] Stopped: Extensions
2026-08-31 17:07:43.365: [INFO][Sync] Stopped: Sessions
2026-08-31 17:07:43.365: [INFO][Sync] Stopped: Extension settings
2026-08-31 17:07:43.365: [INFO][Sync] Stopped: History Delete Directives
2026-08-31 17:07:43.365: [INFO][Sync] Stopped: Device Info
2026-08-31 17:07:43.365: [INFO][Sync] Stopped: User Consents
2026-08-31 17:07:43.365: [INFO][Sync] Stopped: Send Tab To Self
2026-08-31 17:07:43.365: [INFO][Sync] Stopped: Web Apps
2026-08-31 17:07:43.365: [INFO][Sync] Stopped: History
2026-08-31 17:07:43.365: [INFO][Sync] Stopped: Saved Tab Group
2026-08-31 17:07:43.365: [INFO][Sync] Stopped: WebAuthn Credentials
2026-08-31 17:07:43.365: [INFO][Sync] Stopped: Edge Hub App Usage
2026-08-31 17:07:43.366: [INFO][Sync] Stopped: Edge Journey
2026-08-31 17:07:43.366: [INFO][Sync] Stopped: Edge Workspace
2026-08-31 17:07:43.366: [INFO][Sync] SyncState after authenticated was: NotSignedIn
2026-08-31 17:07:43.475: [INFO][Sync] Reset engine, reason: 8
2026-08-31 17:07:43.475: [INFO][Sync] Stopped: Bookmarks
2026-08-31 17:07:43.475: [INFO][Sync] Stopped: Preferences
2026-08-31 17:07:43.475: [INFO][Sync] Stopped: Passwords
2026-08-31 17:07:43.475: [INFO][Sync] Stopped: Autofill Profiles
2026-08-31 17:07:43.475: [INFO][Sync] Stopped: Autofill
2026-08-31 17:07:43.475: [INFO][Sync] Stopped: Extensions
2026-08-31 17:07:43.475: [INFO][Sync] Stopped: Sessions
2026-08-31 17:07:43.475: [INFO][Sync] Stopped: Extension settings
2026-08-31 17:07:43.475: [INFO][Sync] Stopped: History Delete Directives
2026-08-31 17:07:43.475: [INFO][Sync] Stopped: Device Info
2026-08-31 17:07:43.475: [INFO][Sync] Stopped: User Consents
2026-08-31 17:07:43.475: [INFO][Sync] Stopped: Send Tab To Self
2026-08-31 17:07:43.475: [INFO][Sync] Stopped: Web Apps
2026-08-31 17:07:43.475: [INFO][Sync] Stopped: History
2026-08-31 17:07:43.475: [INFO][Sync] Stopped: Saved Tab Group
2026-08-31 17:07:43.475: [INFO][Sync] Stopped: WebAuthn Credentials
2026-08-31 17:07:43.476: [INFO][Sync] Stopped: Edge Hub App Usage
2026-08-31 17:07:43.476: [INFO][Sync] Stopped: Edge Journey
2026-08-31 17:07:43.476: [INFO][Sync] Stopped: Edge Workspace
2026-08-31 17:35:27.338: [INFO][Sync] Reset engine, reason: 8
2026-08-31 17:35:27.338: [INFO][Sync] Stopped: Bookmarks
2026-08-31 17:35:27.338: [INFO][Sync] Stopped: Preferences
2026-08-31 17:35:27.338: [INFO][Sync] Stopped: Passwords
2026-08-31 17:35:27.338: [INFO][Sync] Stopped: Autofill Profiles
2026-08-31 17:35:27.338: [INFO][Sync] Stopped: Autofill
2026-08-31 17:35:27.338: [INFO][Sync] Stopped: Extensions
2026-08-31 17:35:27.338: [INFO][Sync] Stopped: Sessions
2026-08-31 17:35:27.338: [INFO][Sync] Stopped: Extension settings
2026-08-31 17:35:27.338: [INFO][Sync] Stopped: History Delete Directives
2026-08-31 17:35:27.338: [INFO][Sync] Stopped: Device Info
2026-08-31 17:35:27.338: [INFO][Sync] Stopped: User Consents
2026-08-31 17:35:27.338: [INFO][Sync] Stopped: Send Tab To Self
2026-08-31 17:35:27.338: [INFO][Sync] Stopped: Web Apps
2026-08-31 17:35:27.338: [INFO][Sync] Stopped: History
2026-08-31 17:35:27.338: [INFO][Sync] Stopped: Saved Tab Group
2026-08-31 17:35:27.338: [INFO][Sync] Stopped: WebAuthn Credentials
2026-08-31 17:35:27.338: [INFO][Sync] Stopped: Edge Hub App Usage
2026-08-31 17:35:27.338: [INFO][Sync] Stopped: Edge Journey
2026-08-31 17:35:27.338: [INFO][Sync] Stopped: Edge Workspace
2026-08-31 17:35:27.338: [INFO][Sync] SyncState after authenticated was: NotSignedIn
2026-08-31 17:35:27.450: [INFO][Sync] Reset engine, reason: 8
2026-08-31 17:35:27.450: [INFO][Sync] Stopped: Bookmarks
2026-08-31 17:35:27.450: [INFO][Sync] Stopped: Preferences
2026-08-31 17:35:27.450: [INFO][Sync] Stopped: Passwords
2026-08-31 17:35:27.450: [INFO][Sync] Stopped: Autofill Profiles
2026-08-31 17:35:27.450: [INFO][Sync] Stopped: Autofill
2026-08-31 17:35:27.450: [INFO][Sync] Stopped: Extensions
2026-08-31 17:35:27.450: [INFO][Sync] Stopped: Sessions
2026-08-31 17:35:27.450: [INFO][Sync] Stopped: Extension settings
2026-08-31 17:35:27.450: [INFO][Sync] Stopped: History Delete Directives
2026-08-31 17:35:27.450: [INFO][Sync] Stopped: Device Info
2026-08-31 17:35:27.450: [INFO][Sync] Stopped: User Consents
2026-08-31 17:35:27.450: [INFO][Sync] Stopped: Send Tab To Self
2026-08-31 17:35:27.450: [INFO][Sync] Stopped: Web Apps
2026-08-31 17:35:27.450: [INFO][Sync] Stopped: History
2026-08-31 17:35:27.450: [INFO][Sync] Stopped: Saved Tab Group
2026-08-31 17:35:27.450: [INFO][Sync] Stopped: WebAuthn Credentials
2026-08-31 17:35:27.450: [INFO][Sync] Stopped: Edge Hub App Usage
2026-08-31 17:35:27.450: [INFO][Sync] Stopped: Edge Journey
2026-08-31 17:35:27.450: [INFO][Sync] Stopped: Edge Workspace
2026-08-31 19:02:19.975: [INFO][Sync] Reset engine, reason: 8
2026-08-31 19:02:19.975: [INFO][Sync] Stopped: Bookmarks
2026-08-31 19:02:19.975: [INFO][Sync] Stopped: Preferences
2026-08-31 19:02:19.975: [INFO][Sync] Stopped: Passwords
2026-08-31 19:02:19.975: [INFO][Sync] Stopped: Autofill Profiles
2026-08-31 19:02:19.975: [INFO][Sync] Stopped: Autofill
2026-08-31 19:02:19.975: [INFO][Sync] Stopped: Extensions
2026-08-31 19:02:19.975: [INFO][Sync] Stopped: Sessions
2026-08-31 19:02:19.975: [INFO][Sync] Stopped: Extension settings
2026-08-31 19:02:19.975: [INFO][Sync] Stopped: History Delete Directives
2026-08-31 19:02:19.975: [INFO][Sync] Stopped: Device Info
2026-08-31 19:02:19.975: [INFO][Sync] Stopped: User Consents
2026-08-31 19:02:19.975: [INFO][Sync] Stopped: Send Tab To Self
2026-08-31 19:02:19.975: [INFO][Sync] Stopped: Web Apps
2026-08-31 19:02:19.975: [INFO][Sync] Stopped: History
2026-08-31 19:02:19.975: [INFO][Sync] Stopped: Saved Tab Group
2026-08-31 19:02:19.975: [INFO][Sync] Stopped: WebAuthn Credentials
2026-08-31 19:02:19.975: [INFO][Sync] Stopped: Edge Hub App Usage
2026-08-31 19:02:19.975: [INFO][Sync] Stopped: Edge Journey
2026-08-31 19:02:19.975: [INFO][Sync] Stopped: Edge Workspace
2026-08-31 19:02:19.975: [INFO][Sync] SyncState after authenticated was: NotSignedIn
2026-08-31 19:02:20.082: [INFO][Sync] Reset engine, reason: 8
2026-08-31 19:02:20.082: [INFO][Sync] Stopped: Bookmarks
2026-08-31 19:02:20.082: [INFO][Sync] Stopped: Preferences
2026-08-31 19:02:20.082: [INFO][Sync] Stopped: Passwords
2026-08-31 19:02:20.082: [INFO][Sync] Stopped: Autofill Profiles
2026-08-31 19:02:20.082: [INFO][Sync] Stopped: Autofill
2026-08-31 19:02:20.082: [INFO][Sync] Stopped: Extensions
2026-08-31 19:02:20.082: [INFO][Sync] Stopped: Sessions
2026-08-31 19:02:20.082: [INFO][Sync] Stopped: Extension settings
2026-08-31 19:02:20.082: [INFO][Sync] Stopped: History Delete Directives
2026-08-31 19:02:20.082: [INFO][Sync] Stopped: Device Info
2026-08-31 19:02:20.082: [INFO][Sync] Stopped: User Consents
2026-08-31 19:02:20.082: [INFO][Sync] Stopped: Send Tab To Self
2026-08-31 19:02:20.082: [INFO][Sync] Stopped: Web Apps
2026-08-31 19:02:20.082: [INFO][Sync] Stopped: History
2026-08-31 19:02:20.082: [INFO][Sync] Stopped: Saved Tab Group
2026-08-31 19:02:20.082: [INFO][Sync] Stopped: WebAuthn Credentials
2026-08-31 19:02:20.082: [INFO][Sync] Stopped: Edge Hub App Usage
2026-08-31 19:02:20.082: [INFO][Sync] Stopped: Edge Journey
2026-08-31 19:02:20.082: [INFO][Sync] Stopped: Edge Workspace
2026-08-31 20:55:12.937: [INFO][Sync] Reset engine, reason: 8
2026-08-31 20:55:12.937: [INFO][Sync] Stopped: Bookmarks
2026-08-31 20:55:12.937: [INFO][Sync] Stopped: Preferences
2026-08-31 20:55:12.937: [INFO][Sync] Stopped: Passwords
2026-08-31 20:55:12.937: [INFO][Sync] Stopped: Autofill Profiles
2026-08-31 20:55:12.937: [INFO][Sync] Stopped: Autofill
2026-08-31 20:55:12.937: [INFO][Sync] Stopped: Extensions
2026-08-31 20:55:12.937: [INFO][Sync] Stopped: Sessions
2026-08-31 20:55:12.937: [INFO][Sync] Stopped: Extension settings
2026-08-31 20:55:12.937: [INFO][Sync] Stopped: History Delete Directives
2026-08-31 20:55:12.937: [INFO][Sync] Stopped: Device Info
2026-08-31 20:55:12.937: [INFO][Sync] Stopped: User Consents
2026-08-31 20:55:12.937: [INFO][Sync] Stopped: Send Tab To Self
2026-08-31 20:55:12.937: [INFO][Sync] Stopped: Web Apps
2026-08-31 20:55:12.937: [INFO][Sync] Stopped: History
2026-08-31 20:55:12.937: [INFO][Sync] Stopped: Saved Tab Group
2026-08-31 20:55:12.937: [INFO][Sync] Stopped: WebAuthn Credentials
2026-08-31 20:55:12.937: [INFO][Sync] Stopped: Edge Hub App Usage
2026-08-31 20:55:12.937: [INFO][Sync] Stopped: Edge Journey
2026-08-31 20:55:12.937: [INFO][Sync] Stopped: Edge Workspace
2026-08-31 20:55:12.937: [INFO][Sync] SyncState after authenticated was: NotSignedIn
2026-08-31 20:55:13.053: [INFO][Sync] Reset engine, reason: 8
2026-08-31 20:55:13.053: [INFO][Sync] Stopped: Bookmarks
2026-08-31 20:55:13.053: [INFO][Sync] Stopped: Preferences
2026-08-31 20:55:13.053: [INFO][Sync] Stopped: Passwords
2026-08-31 20:55:13.053: [INFO][Sync] Stopped: Autofill Profiles
2026-08-31 20:55:13.053: [INFO][Sync] Stopped: Autofill
2026-08-31 20:55:13.053: [INFO][Sync] Stopped: Extensions
2026-08-31 20:55:13.053: [INFO][Sync] Stopped: Sessions
2026-08-31 20:55:13.053: [INFO][Sync] Stopped: Extension settings
2026-08-31 20:55:13.053: [INFO][Sync] Stopped: History Delete Directives
2026-08-31 20:55:13.053: [INFO][Sync] Stopped: Device Info
2026-08-31 20:55:13.053: [INFO][Sync] Stopped: User Consents
2026-08-31 20:55:13.053: [INFO][Sync] Stopped: Send Tab To Self
2026-08-31 20:55:13.053: [INFO][Sync] Stopped: Web Apps
2026-08-31 20:55:13.053: [INFO][Sync] Stopped: History
2026-08-31 20:55:13.053: [INFO][Sync] Stopped: Saved Tab Group
2026-08-31 20:55:13.053: [INFO][Sync] Stopped: WebAuthn Credentials
2026-08-31 20:55:13.053: [INFO][Sync] Stopped: Edge Hub App Usage
2026-08-31 20:55:13.053: [INFO][Sync] Stopped: Edge Journey
2026-08-31 20:55:13.053: [INFO][Sync] Stopped: Edge Workspace
