**********************
Windows PowerShell transcript start
Start time: 20260830203357
Username: DESKTOP-516BF74\lyh
RunAs User: DESKTOP-516BF74\lyh
Configuration Name: 
Machine: DESKTOP-516BF74 (Microsoft Windows NT 10.0.26200.0)
Host Application: C:\WINDOWS\System32\WindowsPowerShell\v1.0\powershell.exe -NoProfile -ExecutionPolicy Bypass -File .trellis/tasks/08-29-desktop-shell-navigation-brand/evidence/final-artifact-rebind-92c-run2-20260830/residual-graceful-close.ps1
Process ID: 80364
PSVersion: 5.1.26100.9278
PSEdition: Desktop
PSCompatibleVersions: 1.0, 2.0, 3.0, 4.0, 5.0, 5.1.26100.9278
BuildVersion: 10.0.26100.9278
CLRVersion: 4.0.30319.42000
WSManStackVersion: 3.0
PSRemotingProtocolVersion: 2.3
SerializationVersion: 1.1.0.1
**********************
IDENTITY pid=16920 path=D:\Documents\Code\Rust\Exp\devsweep\target\release\devsweep-desktop.exe hash=92C3919D776AC0AE9F04633C26E52BB23BD33D9706F0DA669F55C6F1D62B4E20 start=2026-08-30T20:32:40.8018019+08:00 hwnd=0x31396950 title=devsweep command="D:\Documents\Code\Rust\Exp\devsweep\target\release\devsweep-desktop.exe"
CLOSE_MAIN_WINDOW requested_at=2026-08-30T20:33:57.9763420+08:00 result=True
SAMPLE time=2026-08-30T20:34:01.8963953+08:00 main=0 webview=0 listener=0
FINAL main=0 webview=0 listener=0 forced_termination=false
**********************
Windows PowerShell transcript end
End time: 20260830203401
**********************
