command: rtk just desktop-build
cwd: D:\Documents\Code\Rust\Exp\devsweep
started: 2026-08-31T14:12:48.3534281+08:00
----- output -----
cd desktop; npm run tauri -- build
npm notice run devsweep-desktop-ui@0.2.0 tauri
npm notice run tauri build
        Info Looking up installed tauri packages to check mismatched versions...
     Running beforeBuildCommand `npm run build`
npm notice run devsweep-desktop-ui@0.2.0 build
npm notice run tsc --noEmit && vite build
   Compiling windows-sys v0.59.0
   Compiling window-vibrancy v0.6.0
   Compiling devsweep-core v0.2.0 (D:\Documents\Code\Rust\Exp\devsweep\crates\devsweep-core)
   Compiling tauri v2.11.5
   Compiling devsweep-desktop v0.2.0 (D:\Documents\Code\Rust\Exp\devsweep\desktop\src-tauri)
    Finished `release` profile [optimized] target(s) in 2m 41s
       Built application at: D:\Documents\Code\Rust\Exp\devsweep\target\release\devsweep-desktop.exe
        Info Patching D:\Documents\Code\Rust\Exp\devsweep\target\release\devsweep-desktop.exe with bundle type information: nsis
        Info Target: x64
     Running makensis to produce D:\Documents\Code\Rust\Exp\devsweep\target\release\bundle\nsis\devsweep_0.2.0_x64-setup.exe
    Finished 1 bundle at:
        D:\Documents\Code\Rust\Exp\devsweep\target\release\bundle\nsis\devsweep_0.2.0_x64-setup.exe

vite v7.3.6 building client environment for production...
transforming...
鉁?96 modules transformed.
rendering chunks...
computing gzip size...
dist/index.html                                  0.39 kB 鈹?gzip:   0.27 kB
dist/assets/devsweep-icon-master-Bn2Ejx_Y.png  956.58 kB
dist/assets/index-BXJwfnBU.css                  25.06 kB 鈹?gzip:   5.64 kB
dist/assets/index-CqF6OFm_.js                  427.96 kB 鈹?gzip: 106.76 kB
鉁?built in 545ms

-----
exit=0
finished: 2026-08-31T14:15:39.2290241+08:00
