**********************
PowerShell transcript start
Start time: 20260830204325
Username: DESKTOP-516BF74\lyh
RunAs User: DESKTOP-516BF74\lyh
Configuration Name: 
Machine: DESKTOP-516BF74 (Microsoft Windows NT 10.0.26200.0)
Host Application: C:\Program Files\PowerShell\7\pwsh.dll -NoProfile -ExecutionPolicy Bypass -File .trellis/tasks/08-29-desktop-shell-navigation-brand/evidence/final-artifact-rebind-92c-run3-20260830/toolchain-preflight.ps1 -RepositoryRoot D:\Documents\Code\Rust\Exp\devsweep -RunRoot D:\Documents\Code\Rust\Exp\devsweep\.trellis\tasks\08-29-desktop-shell-navigation-brand\evidence\final-artifact-rebind-92c-run3-20260830 -PwshPath C:\Program Files\PowerShell\7\pwsh.exe
Process ID: 76404
PSVersion: 7.6.5
PSEdition: Core
GitCommitId: 7.6.5
OS: Microsoft Windows 10.0.26200
Platform: Win32NT
PSCompatibleVersions: 1.0, 2.0, 3.0, 4.0, 5.0, 5.1, 6.0, 7.0
PSRemotingProtocolVersion: 2.4
SerializationVersion: 1.1.0.1
WSManStackVersion: 3.0
**********************
PWSH path=C:\Program Files\PowerShell\7\pwsh.exe version=7.6.5 pid=76404 commandline="C:\Program Files\PowerShell\7\pwsh.exe" -NoProfile -ExecutionPolicy Bypass -File .trellis/tasks/08-29-desktop-shell-navigation-brand/evidence/final-artifact-rebind-92c-run3-20260830/toolchain-preflight.ps1 -RepositoryRoot D:\Documents\Code\Rust\Exp\devsweep -RunRoot D:\Documents\Code\Rust\Exp\devsweep\.trellis\tasks\08-29-desktop-shell-navigation-brand\evidence\final-artifact-rebind-92c-run3-20260830 -PwshPath "C:\Program Files\PowerShell\7\pwsh.exe"
NESTED_JSON_DEPTH100=PASS
CLIENT_WEBSOCKET=PASS
UIAUTOMATION=PASS
SENDINPUT_PINVOKE=PASS
STATIC_PARSE path=D:\Documents\Code\Rust\Exp\devsweep\.trellis\tasks\08-29-desktop-shell-navigation-brand\evidence\final-artifact-rebind-92c-run3-20260830\toolchain-preflight.ps1 errors=0 sha256=1147F77A45E560EAC3169A9BD0C7828AF8075C268158D2E78292C8D1E627591B
STATIC_PARSE path=D:\Documents\Code\Rust\Exp\devsweep\.trellis\tasks\08-29-desktop-shell-navigation-brand\evidence\final-artifact-rebind-92c-run3-20260830\release-rebind-run3.ps1 errors=0 sha256=D0042C4C141C6A92452B97D6CF290C006FBCE6AE79A8E45EB743EF1D65DA66D2
STATIC_PARSE path=D:\Documents\Code\Rust\Exp\devsweep\.trellis\tasks\08-29-desktop-shell-navigation-brand\evidence\final-artifact-rebind-92c-run3-20260830\run3-wrapper.ps1 errors=0 sha256=89AB9B7DEE82F246A77259A0D28E988E521ECF55507B508127D23EDC10C57690
ARTIFACT path=target/release/devsweep-desktop.exe bytes=9827328 sha256=92C3919D776AC0AE9F04633C26E52BB23BD33D9706F0DA669F55C6F1D62B4E20 matches=True
ARTIFACT path=target/debug/devsweep-desktop.exe bytes=14758912 sha256=F5DFC77BE96E780EC15817B94931C74BF6A9412DF46C128B1902925DF63D65F5 matches=True
ARTIFACT path=target/release/bundle/nsis/devsweep_0.2.0_x64-setup.exe bytes=3152372 sha256=0903D735C1C6C5AC7614410C62F84E82E92E2DC1CE454444C5B9712F8BA39328 matches=True
PRELAUNCH_RESIDUE main=0 webview=0 port9391=0 port9392=0
TOOLCHAIN_PREFLIGHT=PASS
**********************
PowerShell transcript end
End time: 20260830204333
**********************
