**********************
PowerShell transcript start
Start time: 20260830213224
Username: DESKTOP-516BF74\lyh
RunAs User: DESKTOP-516BF74\lyh
Configuration Name: 
Machine: DESKTOP-516BF74 (Microsoft Windows NT 10.0.26200.0)
Host Application: C:\Program Files\PowerShell\7\pwsh.dll -NoProfile -ExecutionPolicy Bypass -File D:\Documents\Code\Rust\Exp\devsweep\.trellis\tasks\08-29-desktop-shell-navigation-brand\evidence\native-cdp-close-recapture-20260830\native-close-recapture.ps1 -RepositoryRoot D:\Documents\Code\Rust\Exp\devsweep -EvidenceRoot D:\Documents\Code\Rust\Exp\devsweep\.trellis\tasks\08-29-desktop-shell-navigation-brand\evidence\native-cdp-close-recapture-20260830\native-release -FirstPort 9401 -RestartPort 9402 -ExpectedHash 92C3919D776AC0AE9F04633C26E52BB23BD33D9706F0DA669F55C6F1D62B4E20 -PwshPath C:\Program Files\PowerShell\7\pwsh.exe -WrapperPath D:\Documents\Code\Rust\Exp\devsweep\.trellis\tasks\08-29-desktop-shell-navigation-brand\evidence\native-cdp-close-recapture-20260830\native-close-wrapper.ps1
Process ID: 82828
PSVersion: 7.6.5
PSEdition: Core
GitCommitId: 7.6.5
OS: Microsoft Windows 10.0.26200
Platform: Win32NT
PSCompatibleVersions: 1.0, 2.0, 3.0, 4.0, 5.0, 5.1, 6.0, 7.0
PSRemotingProtocolVersion: 2.4
SerializationVersion: 1.1.0.1
WSManStackVersion: 3.0
**********************
[2026-08-30T21:32:24.1825419+08:00] PRELAUNCH transcript_started=true devsweep_started=false
[2026-08-30T21:32:24.1921779+08:00] HELPER_START release=D:\Documents\Code\Rust\Exp\devsweep\target\release\devsweep-desktop.exe expected_hash=92C3919D776AC0AE9F04633C26E52BB23BD33D9706F0DA669F55C6F1D62B4E20 localappdata=D:\Documents\Code\Rust\Exp\devsweep\.trellis\tasks\08-29-desktop-shell-navigation-brand\evidence\native-cdp-close-recapture-20260830\native-release\localappdata cdp_log=D:\Documents\Code\Rust\Exp\devsweep\.trellis\tasks\08-29-desktop-shell-navigation-brand\evidence\native-cdp-close-recapture-20260830\native-release\cdp-messages.jsonl
[2026-08-30T21:32:24.9358816+08:00] TOOLCHAIN_PWSH path=C:\Program Files\PowerShell\7\pwsh.exe version=7.6.5 pid=82828 commandline="C:\Program Files\PowerShell\7\pwsh.exe" -NoProfile -ExecutionPolicy Bypass -File D:\Documents\Code\Rust\Exp\devsweep\.trellis\tasks\08-29-desktop-shell-navigation-brand\evidence\native-cdp-close-recapture-20260830\native-close-recapture.ps1 -RepositoryRoot D:\Documents\Code\Rust\Exp\devsweep -EvidenceRoot D:\Documents\Code\Rust\Exp\devsweep\.trellis\tasks\08-29-desktop-shell-navigation-brand\evidence\native-cdp-close-recapture-20260830\native-release -FirstPort 9401 -RestartPort 9402 -ExpectedHash 92C3919D776AC0AE9F04633C26E52BB23BD33D9706F0DA669F55C6F1D62B4E20 -PwshPath "C:\Program Files\PowerShell\7\pwsh.exe" -WrapperPath D:\Documents\Code\Rust\Exp\devsweep\.trellis\tasks\08-29-desktop-shell-navigation-brand\evidence\native-cdp-close-recapture-20260830\native-close-wrapper.ps1
[2026-08-30T21:32:25.0396903+08:00] ARTIFACT_GATE when=before_launch name=release bytes=9827328 sha256=92C3919D776AC0AE9F04633C26E52BB23BD33D9706F0DA669F55C6F1D62B4E20
[2026-08-30T21:32:25.0403544+08:00] ARTIFACT_GATE when=before_launch name=debug bytes=14758912 sha256=F5DFC77BE96E780EC15817B94931C74BF6A9412DF46C128B1902925DF63D65F5
[2026-08-30T21:32:25.0409186+08:00] ARTIFACT_GATE when=before_launch name=nsis bytes=3152372 sha256=0903D735C1C6C5AC7614410C62F84E82E92E2DC1CE454444C5B9712F8BA39328
[2026-08-30T21:32:26.3272007+08:00] HELPER_FAILURE The term 'Get-NetTCPConnection' is not recognized as a name of a cmdlet, function, script file, or executable program.
Check the spelling of the name, or if a path was included, verify that the path is correct and try again.
[2026-08-30T21:32:26.7828508+08:00] ARTIFACT_GATE when=after_run name=release bytes=9827328 sha256=92C3919D776AC0AE9F04633C26E52BB23BD33D9706F0DA669F55C6F1D62B4E20
[2026-08-30T21:32:26.7833448+08:00] ARTIFACT_GATE when=after_run name=debug bytes=14758912 sha256=F5DFC77BE96E780EC15817B94931C74BF6A9412DF46C128B1902925DF63D65F5
[2026-08-30T21:32:26.7836410+08:00] ARTIFACT_GATE when=after_run name=nsis bytes=3152372 sha256=0903D735C1C6C5AC7614410C62F84E82E92E2DC1CE454444C5B9712F8BA39328
PS>TerminatingError(native-close-recapture.ps1): "The term 'Get-NetTCPConnection' is not recognized as a name of a cmdlet, function, script file, or executable program.
Check the spelling of the name, or if a path was included, verify that the path is correct and try again."
native-close-recapture.ps1: The term 'Get-NetTCPConnection' is not recognized as a name of a cmdlet, function, script file, or executable program.
Check the spelling of the name, or if a path was included, verify that the path is correct and try again.
**********************
PowerShell transcript end
End time: 20260830213228
**********************
