cd desktop; npm run types:generate; npm run lint; npm run typecheck; npm test; npm run build
npm notice run devsweep-desktop-ui@0.2.0 types:generate
npm notice run node scripts/generate-types.mjs
generated src/api/types.gen.ts from 19 named fixture files
npm notice run devsweep-desktop-ui@0.2.0 lint
npm notice run eslint .
npm notice run devsweep-desktop-ui@0.2.0 typecheck
npm notice run tsc --noEmit
npm notice run devsweep-desktop-ui@0.2.0 test
npm notice run vitest run

[1m[46m RUN [49m[22m [36mv3.2.7 [39m[90mD:/Documents/Code/Rust/Exp/devsweep/desktop[39m

 [32m✓[39m src/i18n/index.test.ts [2m([22m[2m5 tests[22m[2m)[22m[32m 6[2mms[22m[39m
 [32m✓[39m src/modes/software/parity.test.ts [2m([22m[2m2 tests[22m[2m)[22m[32m 3[2mms[22m[39m
 [32m✓[39m src/modes/analyze/treemap.test.ts [2m([22m[2m3 tests[22m[2m)[22m[32m 9[2mms[22m[39m
 [32m✓[39m src/modes/analyze/selectors.test.ts [2m([22m[2m2 tests[22m[2m)[22m[32m 4[2mms[22m[39m
 [32m✓[39m src/app-shell/operation-coordinator.test.ts [2m([22m[2m6 tests[22m[2m)[22m[32m 69[2mms[22m[39m
 [32m✓[39m src/lifecycle.test.ts [2m([22m[2m4 tests[22m[2m)[22m[32m 59[2mms[22m[39m
 [32m✓[39m src/modes/analyze/state.test.ts [2m([22m[2m2 tests[22m[2m)[22m[32m 2[2mms[22m[39m
 [32m✓[39m src/modes/clean/reducer.test.ts [2m([22m[2m1 test[22m[2m)[22m[32m 2[2mms[22m[39m
 [32m✓[39m src/modes/software/state.test.ts [2m([22m[2m4 tests[22m[2m)[22m[32m 4[2mms[22m[39m
 [32m✓[39m src/state/app-state.test.ts [2m([22m[2m10 tests[22m[2m)[22m[32m 5[2mms[22m[39m
 [32m✓[39m src/styles.test.ts [2m([22m[2m4 tests[22m[2m)[22m[32m 2[2mms[22m[39m
 [32m✓[39m src/modes/analyze/parity.test.ts [2m([22m[2m1 test[22m[2m)[22m[32m 4[2mms[22m[39m
 [32m✓[39m src/api/contract.test.ts [2m([22m[2m17 tests[22m[2m)[22m[32m 6[2mms[22m[39m
 [32m✓[39m src/api/bridge.test.ts [2m([22m[2m4 tests[22m[2m)[22m[32m 6[2mms[22m[39m
 [32m✓[39m src/pages/ScanPage.test.tsx [2m([22m[2m2 tests[22m[2m)[22m[32m 130[2mms[22m[39m
 [32m✓[39m src/api/fixture-bridge.test.ts [2m([22m[2m3 tests[22m[2m)[22m[32m 5[2mms[22m[39m
 [32m✓[39m src/components/TargetTable.test.tsx [2m([22m[2m1 test[22m[2m)[22m[32m 146[2mms[22m[39m
 [32m✓[39m src/modes/software/SoftwareWorkbench.test.tsx [2m([22m[2m2 tests[22m[2m)[22m[33m 493[2mms[22m[39m
   [33m[2m✓[22m[39m SoftwareWorkbench[2m > [22mrenders manual rows, exact identity detail, preview, and second confirmation [33m 431[2mms[22m[39m
 [32m✓[39m src/app-shell/AppShell.test.tsx [2m([22m[2m15 tests[22m[2m)[22m[33m 1065[2mms[22m[39m
 [32m✓[39m src/api/types-generation.test.ts [2m([22m[2m2 tests[22m[2m)[22m[33m 1746[2mms[22m[39m
   [33m[2m✓[22m[39m IPC type generation[2m > [22mis deterministic, committed, ASCII, and type-only [33m 925[2mms[22m[39m
   [33m[2m✓[22m[39m IPC type generation[2m > [22mchanges when a named fixture changes [33m 820[2mms[22m[39m
 [32m✓[39m src/modes/analyze/AnalyzePage.test.tsx [2m([22m[2m6 tests[22m[2m)[22m[33m 1554[2mms[22m[39m
   [33m[2m✓[22m[39m AnalyzePage[2m > [22mrestores the focused directory on its canonical 200-row parent page [33m 640[2mms[22m[39m
   [33m[2m✓[22m[39m AnalyzePage[2m > [22mcovers empty/loading/canceling/canceled/partial/error/complete copy in 'en' [33m 319[2mms[22m[39m
 [32m✓[39m src/App.test.tsx [2m([22m[2m34 tests[22m[2m)[22m[33m 4207[2mms[22m[39m
   [33m[2m✓[22m[39m desktop workflow[2m > [22minvalidates a dry run after selection changes, then confirms and reports execution [33m 479[2mms[22m[39m
   [33m[2m✓[22m[39m desktop workflow[2m > [22morders real bridge scan, dry-run, and execute starts after old cancel and join [33m 306[2mms[22m[39m

[2m Test Files [22m [1m[32m22 passed[39m[22m[90m (22)[39m
[2m      Tests [22m [1m[32m130 passed[39m[22m[90m (130)[39m
[2m   Start at [22m 10:04:36
[2m   Duration [22m 7.21s[2m (transform 2.50s, setup 3.93s, collect 7.33s, tests 9.53s, environment 18.42s, prepare 2.02s)[22m

npm notice run devsweep-desktop-ui@0.2.0 build
npm notice run tsc --noEmit && vite build
[36mvite v7.3.6 [32mbuilding client environment for production...[36m[39m
transforming...
[32m✓[39m 82 modules transformed.
rendering chunks...
computing gzip size...
[2mdist/[22m[32mindex.html                                [39m[1m[2m  0.39 kB[22m[1m[22m[2m │ gzip:  0.26 kB[22m
[2mdist/[22m[32massets/devsweep-icon-master-Bn2Ejx_Y.png  [39m[1m[2m956.58 kB[22m[1m[22m
[2mdist/[22m[35massets/index-Delf9yZz.css                 [39m[1m[2m 21.51 kB[22m[1m[22m[2m │ gzip:  5.27 kB[22m
[2mdist/[22m[36massets/index-BRQ1H1js.js                  [39m[1m[2m375.33 kB[22m[1m[22m[2m │ gzip: 99.35 kB[22m
[32m✓ built in 563ms[39m
