cd desktop; npm run types:generate; npm run lint; npm run typecheck; npm test; npm run build
npm notice run devsweep-desktop-ui@0.2.0 types:generate
npm notice run node scripts/generate-types.mjs
npm notice run devsweep-desktop-ui@0.2.0 lint
npm notice run eslint .
npm notice run devsweep-desktop-ui@0.2.0 typecheck
npm notice run tsc --noEmit
npm notice run devsweep-desktop-ui@0.2.0 test
npm notice run vitest run
npm notice run devsweep-desktop-ui@0.2.0 build
npm notice run tsc --noEmit && vite build
generated src/api/types.gen.ts from 7 named fixture files
 RUN  v3.2.7 D:/Documents/Code/Rust/Exp/devsweep/desktop
 ✓ src/styles.test.ts (4 tests) 2ms
 ✓ src/app-shell/operation-coordinator.test.ts (6 tests) 63ms
 ✓ src/api/contract.test.ts (14 tests) 5ms
 ✓ src/state/app-state.test.ts (10 tests) 4ms
 ✓ src/api/bridge.test.ts (3 tests) 6ms
 ✓ src/api/fixture-bridge.test.ts (3 tests) 5ms
 ✓ src/i18n/index.test.ts (5 tests) 6ms
 ✓ src/lifecycle.test.ts (4 tests) 63ms
 ✓ src/pages/ScanPage.test.tsx (1 test) 145ms
 ✓ src/app-shell/AppShell.test.tsx (11 tests) 923ms
 ✓ src/api/types-generation.test.ts (2 tests) 1463ms
   ✓ IPC type generation > is deterministic, committed, ASCII, and type-only  795ms
   ✓ IPC type generation > changes when a named fixture changes  667ms
 ✓ src/App.test.tsx (33 tests) 4260ms
   ✓ desktop workflow > invalidates a dry run after selection changes, then confirms and reports execution  469ms
   ✓ desktop workflow > orders real bridge scan, dry-run, and execute starts after old cancel and join  310ms
 Test Files  12 passed (12)
      Tests  96 passed (96)
   Start at  18:55:45
   Duration  6.80s (transform 663ms, setup 2.33s, collect 2.13s, tests 6.95s, environment 9.26s, prepare 1.02s)
vite v7.3.6 building client environment for production...
transforming...
✓ 55 modules transformed.
rendering chunks...
computing gzip size...
dist/index.html                                  0.39 kB │ gzip:  0.26 kB
dist/assets/devsweep-icon-master-Bn2Ejx_Y.png  956.58 kB
dist/assets/index-CrMOQeTf.css                  13.79 kB │ gzip:  3.78 kB
dist/assets/index-Ds5k2RFT.js                  275.04 kB │ gzip: 81.67 kB
✓ built in 558ms
