cd desktop; npm run types:generate; npm run lint; npm run typecheck; npm test; npm run build
npm notice run devsweep-desktop-ui@0.2.0 types:generate
npm notice run node scripts/generate-types.mjs
npm notice run devsweep-desktop-ui@0.2.0 lint
npm notice run eslint .
npm notice run devsweep-desktop-ui@0.2.0 typecheck
npm notice run tsc --noEmit
npm notice run devsweep-desktop-ui@0.2.0 test
npm notice run vitest run
npm notice run devsweep-desktop-ui@0.2.0 build
npm notice run tsc --noEmit && vite build
generated src/api/types.gen.ts from 7 named fixture files
 RUN  v3.2.7 D:/Documents/Code/Rust/Exp/devsweep/desktop
 ✓ src/styles.test.ts (4 tests) 2ms
 ✓ src/api/contract.test.ts (14 tests) 6ms
 ✓ src/state/app-state.test.ts (10 tests) 4ms
 ✓ src/i18n/index.test.ts (5 tests) 7ms
 ✓ src/api/bridge.test.ts (3 tests) 6ms
 ✓ src/app-shell/operation-coordinator.test.ts (6 tests) 73ms
 ✓ src/api/fixture-bridge.test.ts (3 tests) 5ms
 ✓ src/pages/ScanPage.test.tsx (1 test) 136ms
 ✓ src/app-shell/AppShell.test.tsx (11 tests) 798ms
 ✓ src/api/types-generation.test.ts (2 tests) 1449ms
   ✓ IPC type generation > is deterministic, committed, ASCII, and type-only  767ms
   ✓ IPC type generation > changes when a named fixture changes  682ms
 ✓ src/App.test.tsx (29 tests) 3876ms
   ✓ desktop workflow > invalidates a dry run after selection changes, then confirms and reports execution  484ms
   ✓ desktop workflow > orders real bridge scan, dry-run, and execute starts after old cancel and join  309ms
 Test Files  11 passed (11)
      Tests  88 passed (88)
   Start at  15:24:10
   Duration  5.98s (transform 807ms, setup 1.37s, collect 1.83s, tests 6.36s, environment 5.98s, prepare 989ms)
vite v7.3.6 building client environment for production...
transforming...
✓ 50 modules transformed.
rendering chunks...
computing gzip size...
dist/index.html                                  0.39 kB │ gzip:  0.26 kB
dist/assets/devsweep-icon-master-Bn2Ejx_Y.png  956.58 kB
dist/assets/index-CrMOQeTf.css                  13.79 kB │ gzip:  3.78 kB
dist/assets/index-DJtLcSf6.js                  259.15 kB │ gzip: 77.85 kB
✓ built in 515ms
