COMMAND: cargo tree -p devsweep-core -e features -i windows@0.56.0
windows v0.56.0
├── windows feature "ApplicationModel"
│   └── devsweep-core v0.2.0 (D:\Documents\Code\Rust\Exp\devsweep\crates\devsweep-core)
│       └── devsweep-core feature "default" (command-line)
├── windows feature "Foundation"
│   └── devsweep-core v0.2.0 (D:\Documents\Code\Rust\Exp\devsweep\crates\devsweep-core) (*)
│   ├── windows feature "ApplicationModel" (*)
│   ├── windows feature "Foundation_Collections"
│   │   └── devsweep-core v0.2.0 (D:\Documents\Code\Rust\Exp\devsweep\crates\devsweep-core) (*)
│   └── windows feature "Management"
│       └── windows feature "Management_Deployment"
│           └── devsweep-core v0.2.0 (D:\Documents\Code\Rust\Exp\devsweep\crates\devsweep-core) (*)
├── windows feature "Foundation_Collections" (*)
├── windows feature "Management" (*)
├── windows feature "Management_Deployment" (*)
├── windows feature "Win32"
│   ├── windows feature "Win32_Foundation"
│   │   └── trash v5.2.6
│   │       ├── trash feature "chrono"
│   │       │   └── trash feature "default"
│   │       │       └── devsweep-core v0.2.0 (D:\Documents\Code\Rust\Exp\devsweep\crates\devsweep-core) (*)
│   │       ├── trash feature "coinit_apartmentthreaded"
│   │       │   └── trash feature "default" (*)
│   │       └── trash feature "default" (*)
│   │   └── windows feature "Win32" (*)
│   ├── windows feature "Win32_Storage"
│   │   └── windows feature "Win32_Storage_EnhancedStorage"
│   │       └── trash v5.2.6 (*)
│   ├── windows feature "Win32_System"
│   │   ├── windows feature "Win32_System_Com"
│   │   │   └── windows feature "Win32_System_Com_StructuredStorage"
│   │   │       └── trash v5.2.6 (*)
│   │   ├── windows feature "Win32_System_SystemServices"
│   │   │   └── trash v5.2.6 (*)
│   │   └── windows feature "Win32_System_WinRT"
│   │       └── devsweep-core v0.2.0 (D:\Documents\Code\Rust\Exp\devsweep\crates\devsweep-core) (*)
│   └── windows feature "Win32_UI"
│       └── windows feature "Win32_UI_Shell"
│           └── windows feature "Win32_UI_Shell_PropertiesSystem"
│               └── trash v5.2.6 (*)
├── windows feature "Win32_Foundation" (*)
├── windows feature "Win32_Storage" (*)
├── windows feature "Win32_Storage_EnhancedStorage" (*)
├── windows feature "Win32_System" (*)
├── windows feature "Win32_System_Com" (*)
├── windows feature "Win32_System_Com_StructuredStorage" (*)
├── windows feature "Win32_System_SystemServices" (*)
├── windows feature "Win32_System_WinRT" (*)
├── windows feature "Win32_UI" (*)
├── windows feature "Win32_UI_Shell" (*)
├── windows feature "Win32_UI_Shell_PropertiesSystem" (*)
└── windows feature "default"
    ├── devsweep-core v0.2.0 (D:\Documents\Code\Rust\Exp\devsweep\crates\devsweep-core) (*)
    └── trash v5.2.6 (*)
EXIT_CODE: 0
COMMAND: cargo tree -p devsweep-core --target x86_64-pc-windows-msvc
devsweep-core v0.2.0 (D:\Documents\Code\Rust\Exp\devsweep\crates\devsweep-core)
├── anyhow v1.0.104
├── rayon v1.12.0
│   ├── either v1.17.0
│   └── rayon-core v1.13.0
│       ├── crossbeam-deque v0.8.7
│       │   ├── crossbeam-epoch v0.9.20
│       │   │   └── crossbeam-utils v0.8.22
│       │   └── crossbeam-utils v0.8.22
│       └── crossbeam-utils v0.8.22
├── serde v1.0.229
│   ├── serde_core v1.0.229
│   └── serde_derive v1.0.229 (proc-macro)
│       ├── proc-macro2 v1.0.107
│       │   └── unicode-ident v1.0.24
│       ├── quote v1.0.47
│       │   └── proc-macro2 v1.0.107 (*)
│       └── syn v3.0.3
│           ├── proc-macro2 v1.0.107 (*)
│           ├── quote v1.0.47 (*)
│           └── unicode-ident v1.0.24
├── serde_json v1.0.151
│   ├── itoa v1.0.18
│   ├── memchr v2.8.3
│   ├── serde_core v1.0.229
│   └── zmij v1.0.23
├── sha2 v0.10.9
│   ├── cfg-if v1.0.4
│   ├── cpufeatures v0.2.17
│   └── digest v0.10.7
│       ├── block-buffer v0.10.4
│       │   └── generic-array v0.14.7
│       │       └── typenum v1.20.1
│       │       [build-dependencies]
│       │       └── version_check v0.9.5
│       └── crypto-common v0.1.7
│           ├── generic-array v0.14.7 (*)
│           └── typenum v1.20.1
├── tracing v0.1.44
│   ├── pin-project-lite v0.2.17
│   ├── tracing-attributes v0.1.31 (proc-macro)
│   │   ├── proc-macro2 v1.0.107 (*)
│   │   ├── quote v1.0.47 (*)
│   │   └── syn v2.0.119
│   │       ├── proc-macro2 v1.0.107 (*)
│   │       ├── quote v1.0.47 (*)
│   │       └── unicode-ident v1.0.24
│   └── tracing-core v0.1.36
│       └── once_cell v1.21.4
├── trash v5.2.6
│   ├── log v0.4.33
│   ├── scopeguard v1.2.0
│   └── windows v0.56.0
│       ├── windows-core v0.56.0
│       │   ├── windows-implement v0.56.0 (proc-macro)
│       │   │   ├── proc-macro2 v1.0.107 (*)
│       │   │   ├── quote v1.0.47 (*)
│       │   │   └── syn v2.0.119 (*)
│       │   ├── windows-interface v0.56.0 (proc-macro)
│       │   │   ├── proc-macro2 v1.0.107 (*)
│       │   │   ├── quote v1.0.47 (*)
│       │   │   └── syn v2.0.119 (*)
│       │   ├── windows-result v0.1.2
│       │   │   └── windows-targets v0.52.6
│       │   │       └── windows_x86_64_msvc v0.52.6
│       │   └── windows-targets v0.52.6 (*)
│       └── windows-targets v0.52.6 (*)
├── windows v0.56.0 (*)
└── windows-sys v0.59.0
    └── windows-targets v0.52.6 (*)
[dev-dependencies]
└── tempfile v3.27.0
    ├── fastrand v2.5.0
    ├── getrandom v0.4.3
    │   └── cfg-if v1.0.4
    ├── once_cell v1.21.4
    └── windows-sys v0.61.2
        └── windows-link v0.2.1
EXIT_CODE: 0
