COMMAND: cargo test -p devsweep-core software
OUTPUT:
   Compiling devsweep-core v0.2.0 (D:\Documents\Code\Rust\Exp\devsweep\crates\devsweep-core)
    Finished `test` profile [unoptimized + debuginfo] target(s) in 3.29s
     Running unittests src\lib.rs (target\debug\deps\devsweep_core-0d5238c2890ee81d.exe)

running 13 tests
test software::msi::tests::all_msi_contexts_are_explicit_and_never_infer_execution_support ... ok
test software::inventory_tests::reported_kib_uses_checked_integer_arithmetic ... ok
test software::inventory_tests::refusal_matrix_uses_the_exact_first_matching_priority ... ok
test software::arp::tests::adapter_allowlist_contains_no_command_or_icon_fields ... ok
test software::model::tests::last_used_wire_is_closed_to_truthful_unknown ... ok
test software::model::tests::size_wire_distinguishes_all_v1_states_in_integer_bytes ... ok
test software::inventory_tests::denied_or_partial_sources_do_not_erase_complete_siblings ... ok
test software::inventory_tests::inventory_order_and_fingerprint_are_deterministic ... ok
test software::plan::tests::hostile_display_observations_never_enter_the_selection_plan ... ok
test software::inventory_tests::exact_identity_conflicts_do_not_fuzzy_merge_duplicate_display_names ... ok
test software::plan::tests::removed_changed_reinstalled_and_expired_plans_fail_closed ... ok
test software::plan::tests::preview_digest_is_stable_and_contains_only_opaque_strategy_tokens ... ok
test software::windows::current_process_sid_is_exact_and_mta_worker_joins ... ok

test result: ok. 13 passed; 0 failed; 0 ignored; 0 measured; 200 filtered out; finished in 6.97s

     Running tests\public_api.rs (target\debug\deps\public_api-c2e5cb0a2b6c2d49.exe)

running 0 tests

test result: ok. 0 passed; 0 failed; 0 ignored; 0 measured; 1 filtered out; finished in 0.00s

EXIT_CODE: 0
